ARM GAS  C:\Users\jon\AppData\Local\Temp\ccr6BZ9r.s 			page 1


   1              		.syntax unified
   2              		.cpu cortex-m0
   3              		.fpu softvfp
   4              		.eabi_attribute 20, 1
   5              		.eabi_attribute 21, 1
   6              		.eabi_attribute 23, 3
   7              		.eabi_attribute 24, 1
   8              		.eabi_attribute 25, 1
   9              		.eabi_attribute 26, 1
  10              		.eabi_attribute 30, 1
  11              		.eabi_attribute 34, 0
  12              		.eabi_attribute 18, 4
  13              		.thumb
  14              		.syntax unified
  15              		.file	"cyfitter_cfg.c"
  16              		.text
  17              	.Ltext0:
  18              		.cfi_sections	.debug_frame
  19              		.section	.text.AnalogSetDefault,"ax",%progbits
  20              		.align	2
  21              		.code	16
  22              		.thumb_func
  23              		.type	AnalogSetDefault, %function
  24              	AnalogSetDefault:
  25              	.LFB6:
  26              		.file 1 "Generated_Source\\PSoC4\\cyfitter_cfg.c"
   1:Generated_Source\PSoC4/cyfitter_cfg.c **** 
   2:Generated_Source\PSoC4/cyfitter_cfg.c **** /*******************************************************************************
   3:Generated_Source\PSoC4/cyfitter_cfg.c **** * File Name: cyfitter_cfg.c
   4:Generated_Source\PSoC4/cyfitter_cfg.c **** * 
   5:Generated_Source\PSoC4/cyfitter_cfg.c **** * PSoC Creator  4.2
   6:Generated_Source\PSoC4/cyfitter_cfg.c **** *
   7:Generated_Source\PSoC4/cyfitter_cfg.c **** * Description:
   8:Generated_Source\PSoC4/cyfitter_cfg.c **** * This file contains device initialization code.
   9:Generated_Source\PSoC4/cyfitter_cfg.c **** * Except for the user defined sections in CyClockStartupError(), this file should not be modified.
  10:Generated_Source\PSoC4/cyfitter_cfg.c **** * This file is automatically generated by PSoC Creator.
  11:Generated_Source\PSoC4/cyfitter_cfg.c **** *
  12:Generated_Source\PSoC4/cyfitter_cfg.c **** ********************************************************************************
  13:Generated_Source\PSoC4/cyfitter_cfg.c **** * Copyright (c) 2007-2018 Cypress Semiconductor.  All rights reserved.
  14:Generated_Source\PSoC4/cyfitter_cfg.c **** * You may use this file only in accordance with the license, terms, conditions, 
  15:Generated_Source\PSoC4/cyfitter_cfg.c **** * disclaimers, and limitations in the end user license agreement accompanying 
  16:Generated_Source\PSoC4/cyfitter_cfg.c **** * the software package with which this file was provided.
  17:Generated_Source\PSoC4/cyfitter_cfg.c **** ********************************************************************************/
  18:Generated_Source\PSoC4/cyfitter_cfg.c **** 
  19:Generated_Source\PSoC4/cyfitter_cfg.c **** #include <string.h>
  20:Generated_Source\PSoC4/cyfitter_cfg.c **** #include "cytypes.h"
  21:Generated_Source\PSoC4/cyfitter_cfg.c **** #include "cydevice_trm.h"
  22:Generated_Source\PSoC4/cyfitter_cfg.c **** #include "cyfitter.h"
  23:Generated_Source\PSoC4/cyfitter_cfg.c **** #include "CyLib.h"
  24:Generated_Source\PSoC4/cyfitter_cfg.c **** #include "CyLFClk.h"
  25:Generated_Source\PSoC4/cyfitter_cfg.c **** #include "cyfitter_cfg.h"
  26:Generated_Source\PSoC4/cyfitter_cfg.c **** #include "cyapicallbacks.h"
  27:Generated_Source\PSoC4/cyfitter_cfg.c **** 
  28:Generated_Source\PSoC4/cyfitter_cfg.c **** 
  29:Generated_Source\PSoC4/cyfitter_cfg.c **** #if defined(__GNUC__) || defined(__ARMCC_VERSION)
  30:Generated_Source\PSoC4/cyfitter_cfg.c ****     #define CYPACKED 
  31:Generated_Source\PSoC4/cyfitter_cfg.c ****     #define CYPACKED_ATTR __attribute__ ((packed))
ARM GAS  C:\Users\jon\AppData\Local\Temp\ccr6BZ9r.s 			page 2


  32:Generated_Source\PSoC4/cyfitter_cfg.c ****     #define CYALIGNED __attribute__ ((aligned))
  33:Generated_Source\PSoC4/cyfitter_cfg.c ****     #define CY_CFG_UNUSED __attribute__ ((unused))
  34:Generated_Source\PSoC4/cyfitter_cfg.c ****     #ifndef CY_CFG_SECTION
  35:Generated_Source\PSoC4/cyfitter_cfg.c ****         #define CY_CFG_SECTION __attribute__ ((section(".psocinit")))
  36:Generated_Source\PSoC4/cyfitter_cfg.c ****     #endif
  37:Generated_Source\PSoC4/cyfitter_cfg.c ****     
  38:Generated_Source\PSoC4/cyfitter_cfg.c ****     #if defined(__ARMCC_VERSION)
  39:Generated_Source\PSoC4/cyfitter_cfg.c ****         #define CY_CFG_MEMORY_BARRIER() __memory_changed()
  40:Generated_Source\PSoC4/cyfitter_cfg.c ****     #else
  41:Generated_Source\PSoC4/cyfitter_cfg.c ****         #define CY_CFG_MEMORY_BARRIER() __sync_synchronize()
  42:Generated_Source\PSoC4/cyfitter_cfg.c ****     #endif
  43:Generated_Source\PSoC4/cyfitter_cfg.c ****     
  44:Generated_Source\PSoC4/cyfitter_cfg.c **** #elif defined(__ICCARM__)
  45:Generated_Source\PSoC4/cyfitter_cfg.c ****     #include <intrinsics.h>
  46:Generated_Source\PSoC4/cyfitter_cfg.c **** 
  47:Generated_Source\PSoC4/cyfitter_cfg.c ****     #define CYPACKED __packed
  48:Generated_Source\PSoC4/cyfitter_cfg.c ****     #define CYPACKED_ATTR 
  49:Generated_Source\PSoC4/cyfitter_cfg.c ****     #define CYALIGNED _Pragma("data_alignment=4")
  50:Generated_Source\PSoC4/cyfitter_cfg.c ****     #define CY_CFG_UNUSED _Pragma("diag_suppress=Pe177")
  51:Generated_Source\PSoC4/cyfitter_cfg.c ****     #define CY_CFG_SECTION _Pragma("location=\".psocinit\"")
  52:Generated_Source\PSoC4/cyfitter_cfg.c ****     
  53:Generated_Source\PSoC4/cyfitter_cfg.c ****     #define CY_CFG_MEMORY_BARRIER() __DMB()
  54:Generated_Source\PSoC4/cyfitter_cfg.c ****     
  55:Generated_Source\PSoC4/cyfitter_cfg.c **** #else
  56:Generated_Source\PSoC4/cyfitter_cfg.c ****     #error Unsupported toolchain
  57:Generated_Source\PSoC4/cyfitter_cfg.c **** #endif
  58:Generated_Source\PSoC4/cyfitter_cfg.c **** 
  59:Generated_Source\PSoC4/cyfitter_cfg.c **** #ifndef CYCODE
  60:Generated_Source\PSoC4/cyfitter_cfg.c ****     #define CYCODE
  61:Generated_Source\PSoC4/cyfitter_cfg.c **** #endif
  62:Generated_Source\PSoC4/cyfitter_cfg.c **** #ifndef CYDATA
  63:Generated_Source\PSoC4/cyfitter_cfg.c ****     #define CYDATA
  64:Generated_Source\PSoC4/cyfitter_cfg.c **** #endif
  65:Generated_Source\PSoC4/cyfitter_cfg.c **** #ifndef CYFAR
  66:Generated_Source\PSoC4/cyfitter_cfg.c ****     #define CYFAR
  67:Generated_Source\PSoC4/cyfitter_cfg.c **** #endif
  68:Generated_Source\PSoC4/cyfitter_cfg.c **** #ifndef CYXDATA
  69:Generated_Source\PSoC4/cyfitter_cfg.c ****     #define CYXDATA
  70:Generated_Source\PSoC4/cyfitter_cfg.c **** #endif
  71:Generated_Source\PSoC4/cyfitter_cfg.c **** 
  72:Generated_Source\PSoC4/cyfitter_cfg.c **** 
  73:Generated_Source\PSoC4/cyfitter_cfg.c **** CY_CFG_UNUSED
  74:Generated_Source\PSoC4/cyfitter_cfg.c **** static void CYMEMZERO(void *s, size_t n);
  75:Generated_Source\PSoC4/cyfitter_cfg.c **** CY_CFG_UNUSED
  76:Generated_Source\PSoC4/cyfitter_cfg.c **** static void CYMEMZERO(void *s, size_t n)
  77:Generated_Source\PSoC4/cyfitter_cfg.c **** {
  78:Generated_Source\PSoC4/cyfitter_cfg.c **** 	(void)memset(s, 0, n);
  79:Generated_Source\PSoC4/cyfitter_cfg.c **** }
  80:Generated_Source\PSoC4/cyfitter_cfg.c **** CY_CFG_UNUSED
  81:Generated_Source\PSoC4/cyfitter_cfg.c **** static void CYCONFIGCPY(void *dest, const void *src, size_t n);
  82:Generated_Source\PSoC4/cyfitter_cfg.c **** CY_CFG_UNUSED
  83:Generated_Source\PSoC4/cyfitter_cfg.c **** static void CYCONFIGCPY(void *dest, const void *src, size_t n)
  84:Generated_Source\PSoC4/cyfitter_cfg.c **** {
  85:Generated_Source\PSoC4/cyfitter_cfg.c **** 	(void)memcpy(dest, src, n);
  86:Generated_Source\PSoC4/cyfitter_cfg.c **** }
  87:Generated_Source\PSoC4/cyfitter_cfg.c **** CY_CFG_UNUSED
  88:Generated_Source\PSoC4/cyfitter_cfg.c **** static void CYCONFIGCPYCODE(void *dest, const void *src, size_t n);
ARM GAS  C:\Users\jon\AppData\Local\Temp\ccr6BZ9r.s 			page 3


  89:Generated_Source\PSoC4/cyfitter_cfg.c **** CY_CFG_UNUSED
  90:Generated_Source\PSoC4/cyfitter_cfg.c **** static void CYCONFIGCPYCODE(void *dest, const void *src, size_t n)
  91:Generated_Source\PSoC4/cyfitter_cfg.c **** {
  92:Generated_Source\PSoC4/cyfitter_cfg.c **** 	(void)memcpy(dest, src, n);
  93:Generated_Source\PSoC4/cyfitter_cfg.c **** }
  94:Generated_Source\PSoC4/cyfitter_cfg.c **** 
  95:Generated_Source\PSoC4/cyfitter_cfg.c **** 
  96:Generated_Source\PSoC4/cyfitter_cfg.c **** 
  97:Generated_Source\PSoC4/cyfitter_cfg.c **** 
  98:Generated_Source\PSoC4/cyfitter_cfg.c **** /* Clock startup error codes                                                   */
  99:Generated_Source\PSoC4/cyfitter_cfg.c **** #define CYCLOCKSTART_NO_ERROR    0u
 100:Generated_Source\PSoC4/cyfitter_cfg.c **** #define CYCLOCKSTART_XTAL_ERROR  1u
 101:Generated_Source\PSoC4/cyfitter_cfg.c **** #define CYCLOCKSTART_32KHZ_ERROR 2u
 102:Generated_Source\PSoC4/cyfitter_cfg.c **** #define CYCLOCKSTART_PLL_ERROR   3u
 103:Generated_Source\PSoC4/cyfitter_cfg.c **** #define CYCLOCKSTART_FLL_ERROR   4u
 104:Generated_Source\PSoC4/cyfitter_cfg.c **** #define CYCLOCKSTART_WCO_ERROR   5u
 105:Generated_Source\PSoC4/cyfitter_cfg.c **** 
 106:Generated_Source\PSoC4/cyfitter_cfg.c **** 
 107:Generated_Source\PSoC4/cyfitter_cfg.c **** #ifdef CY_NEED_CYCLOCKSTARTUPERROR
 108:Generated_Source\PSoC4/cyfitter_cfg.c **** /*******************************************************************************
 109:Generated_Source\PSoC4/cyfitter_cfg.c **** * Function Name: CyClockStartupError
 110:Generated_Source\PSoC4/cyfitter_cfg.c **** ********************************************************************************
 111:Generated_Source\PSoC4/cyfitter_cfg.c **** * Summary:
 112:Generated_Source\PSoC4/cyfitter_cfg.c **** *  If an error is encountered during clock configuration (crystal startup error,
 113:Generated_Source\PSoC4/cyfitter_cfg.c **** *  PLL lock error, etc.), the system will end up here.  Unless reimplemented by
 114:Generated_Source\PSoC4/cyfitter_cfg.c **** *  the customer, this function will stop in an infinite loop.
 115:Generated_Source\PSoC4/cyfitter_cfg.c **** *
 116:Generated_Source\PSoC4/cyfitter_cfg.c **** * Parameters:
 117:Generated_Source\PSoC4/cyfitter_cfg.c **** *   void
 118:Generated_Source\PSoC4/cyfitter_cfg.c **** *
 119:Generated_Source\PSoC4/cyfitter_cfg.c **** * Return:
 120:Generated_Source\PSoC4/cyfitter_cfg.c **** *   void
 121:Generated_Source\PSoC4/cyfitter_cfg.c **** *
 122:Generated_Source\PSoC4/cyfitter_cfg.c **** *******************************************************************************/
 123:Generated_Source\PSoC4/cyfitter_cfg.c **** CY_CFG_UNUSED
 124:Generated_Source\PSoC4/cyfitter_cfg.c **** static void CyClockStartupError(uint8 errorCode);
 125:Generated_Source\PSoC4/cyfitter_cfg.c **** CY_CFG_UNUSED
 126:Generated_Source\PSoC4/cyfitter_cfg.c **** static void CyClockStartupError(uint8 errorCode)
 127:Generated_Source\PSoC4/cyfitter_cfg.c **** {
 128:Generated_Source\PSoC4/cyfitter_cfg.c ****     /* To remove the compiler warning if errorCode not used.                */
 129:Generated_Source\PSoC4/cyfitter_cfg.c ****     errorCode = errorCode;
 130:Generated_Source\PSoC4/cyfitter_cfg.c **** 
 131:Generated_Source\PSoC4/cyfitter_cfg.c ****     /* If we have a clock startup error (bad MHz crystal, PLL lock, etc.),  */
 132:Generated_Source\PSoC4/cyfitter_cfg.c ****     /* we will end up here to allow the customer to implement something to  */
 133:Generated_Source\PSoC4/cyfitter_cfg.c ****     /* deal with the clock condition.                                       */
 134:Generated_Source\PSoC4/cyfitter_cfg.c **** 
 135:Generated_Source\PSoC4/cyfitter_cfg.c **** #ifdef CY_CFG_CLOCK_STARTUP_ERROR_CALLBACK
 136:Generated_Source\PSoC4/cyfitter_cfg.c ****     CY_CFG_Clock_Startup_ErrorCallback();
 137:Generated_Source\PSoC4/cyfitter_cfg.c **** #else
 138:Generated_Source\PSoC4/cyfitter_cfg.c ****     /*  If not using CY_CFG_CLOCK_STARTUP_ERROR_CALLBACK, place your clock startup code here. */
 139:Generated_Source\PSoC4/cyfitter_cfg.c ****     /* `#START CyClockStartupError` */
 140:Generated_Source\PSoC4/cyfitter_cfg.c **** 
 141:Generated_Source\PSoC4/cyfitter_cfg.c **** 
 142:Generated_Source\PSoC4/cyfitter_cfg.c **** 
 143:Generated_Source\PSoC4/cyfitter_cfg.c ****     /* `#END` */
 144:Generated_Source\PSoC4/cyfitter_cfg.c **** 
 145:Generated_Source\PSoC4/cyfitter_cfg.c ****     while(1) {}
ARM GAS  C:\Users\jon\AppData\Local\Temp\ccr6BZ9r.s 			page 4


 146:Generated_Source\PSoC4/cyfitter_cfg.c **** #endif /* CY_CFG_CLOCK_STARTUP_ERROR_CALLBACK */
 147:Generated_Source\PSoC4/cyfitter_cfg.c **** }
 148:Generated_Source\PSoC4/cyfitter_cfg.c **** #endif
 149:Generated_Source\PSoC4/cyfitter_cfg.c **** 
 150:Generated_Source\PSoC4/cyfitter_cfg.c **** 
 151:Generated_Source\PSoC4/cyfitter_cfg.c **** 
 152:Generated_Source\PSoC4/cyfitter_cfg.c **** /*******************************************************************************
 153:Generated_Source\PSoC4/cyfitter_cfg.c **** * Function Name: ClockSetup
 154:Generated_Source\PSoC4/cyfitter_cfg.c **** ********************************************************************************
 155:Generated_Source\PSoC4/cyfitter_cfg.c **** *
 156:Generated_Source\PSoC4/cyfitter_cfg.c **** * Summary:
 157:Generated_Source\PSoC4/cyfitter_cfg.c **** *   Performs the initialization of all of the clocks in the device based on the
 158:Generated_Source\PSoC4/cyfitter_cfg.c **** *   settings in the Clock tab of the DWR.  This includes enabling the requested
 159:Generated_Source\PSoC4/cyfitter_cfg.c **** *   clocks and setting the necessary dividers to produce the desired frequency. 
 160:Generated_Source\PSoC4/cyfitter_cfg.c **** *
 161:Generated_Source\PSoC4/cyfitter_cfg.c **** * Parameters:
 162:Generated_Source\PSoC4/cyfitter_cfg.c **** *   void
 163:Generated_Source\PSoC4/cyfitter_cfg.c **** *
 164:Generated_Source\PSoC4/cyfitter_cfg.c **** * Return:
 165:Generated_Source\PSoC4/cyfitter_cfg.c **** *   void
 166:Generated_Source\PSoC4/cyfitter_cfg.c **** *
 167:Generated_Source\PSoC4/cyfitter_cfg.c **** *******************************************************************************/
 168:Generated_Source\PSoC4/cyfitter_cfg.c **** static void ClockSetup(void);
 169:Generated_Source\PSoC4/cyfitter_cfg.c **** CY_CFG_SECTION
 170:Generated_Source\PSoC4/cyfitter_cfg.c **** static void ClockSetup(void)
 171:Generated_Source\PSoC4/cyfitter_cfg.c **** {
 172:Generated_Source\PSoC4/cyfitter_cfg.c **** 
 173:Generated_Source\PSoC4/cyfitter_cfg.c **** 	/* Set Flash Cycles based on max possible frequency in case a glitch occurs during ClockSetup(). *
 174:Generated_Source\PSoC4/cyfitter_cfg.c **** 	CY_SET_REG32((void CYXDATA *)(CYREG_CPUSS_FLASH_CTL), (0x0012u));
 175:Generated_Source\PSoC4/cyfitter_cfg.c **** 
 176:Generated_Source\PSoC4/cyfitter_cfg.c **** 	/* Start the WCO */
 177:Generated_Source\PSoC4/cyfitter_cfg.c **** 	CySysClkWcoStart();
 178:Generated_Source\PSoC4/cyfitter_cfg.c **** 	CyDelayCycles(12000000u); /* WCO may take up to 500ms to start */
 179:Generated_Source\PSoC4/cyfitter_cfg.c **** 	(void)CySysClkWcoSetPowerMode(CY_SYS_CLK_WCO_LPM);    /* Switch to the low power mode */
 180:Generated_Source\PSoC4/cyfitter_cfg.c **** 
 181:Generated_Source\PSoC4/cyfitter_cfg.c **** 	/* Setup and trim IMO based on desired frequency. */
 182:Generated_Source\PSoC4/cyfitter_cfg.c **** 	CySysClkWriteImoFreq(24u);
 183:Generated_Source\PSoC4/cyfitter_cfg.c **** 	/* CYDEV_CLK_ILO_CONFIG Starting address: CYDEV_CLK_ILO_CONFIG */
 184:Generated_Source\PSoC4/cyfitter_cfg.c **** 	CY_SET_REG32((void *)(CYREG_CLK_ILO_CONFIG), 0x80000006u);
 185:Generated_Source\PSoC4/cyfitter_cfg.c **** 
 186:Generated_Source\PSoC4/cyfitter_cfg.c **** 	/* CYDEV_WDT_CONFIG Starting address: CYDEV_WDT_CONFIG */
 187:Generated_Source\PSoC4/cyfitter_cfg.c **** 	CY_SET_REG32((void *)(CYREG_WDT_CONFIG), 0x40000000u);
 188:Generated_Source\PSoC4/cyfitter_cfg.c **** 
 189:Generated_Source\PSoC4/cyfitter_cfg.c **** 
 190:Generated_Source\PSoC4/cyfitter_cfg.c **** 	/* Enable fast start mode for XO */
 191:Generated_Source\PSoC4/cyfitter_cfg.c **** 	CY_SET_REG32((void*)CYREG_BLE_BLERD_BB_XO, CY_GET_REG32((void*)CYREG_BLE_BLERD_BB_XO) | (uint32)0x
 192:Generated_Source\PSoC4/cyfitter_cfg.c **** 	CY_SET_REG32((void *)(CYREG_BLE_BLERD_BB_XO_CAPTRIM), 0x00003E2Du);
 193:Generated_Source\PSoC4/cyfitter_cfg.c **** 	/*Set XTAL(ECO) divider*/
 194:Generated_Source\PSoC4/cyfitter_cfg.c **** 	CY_SET_REG32((void *)(CYREG_BLE_BLESS_XTAL_CLK_DIV_CONFIG), 0x00000000u);
 195:Generated_Source\PSoC4/cyfitter_cfg.c **** 	/* Disable Crystal Stable Interrupt before enabling ECO */
 196:Generated_Source\PSoC4/cyfitter_cfg.c **** 	CY_SET_REG32((void*)CYREG_BLE_BLESS_LL_DSM_CTRL, CY_GET_REG32((void*)CYREG_BLE_BLESS_LL_DSM_CTRL) 
 197:Generated_Source\PSoC4/cyfitter_cfg.c **** 	/* Start the ECO and do not check status since it is not needed for HFCLK */
 198:Generated_Source\PSoC4/cyfitter_cfg.c **** 	(void)CySysClkEcoStart(2000u);
 199:Generated_Source\PSoC4/cyfitter_cfg.c **** 	CyDelayUs(1500u); /* Wait to stabilize */
 200:Generated_Source\PSoC4/cyfitter_cfg.c **** 
 201:Generated_Source\PSoC4/cyfitter_cfg.c **** 	/* Setup phase aligned clocks */
 202:Generated_Source\PSoC4/cyfitter_cfg.c **** 
ARM GAS  C:\Users\jon\AppData\Local\Temp\ccr6BZ9r.s 			page 5


 203:Generated_Source\PSoC4/cyfitter_cfg.c **** 	/* CYDEV_CLK_IMO_CONFIG Starting address: CYDEV_CLK_IMO_CONFIG */
 204:Generated_Source\PSoC4/cyfitter_cfg.c **** 	CY_SET_REG32((void *)(CYREG_CLK_IMO_CONFIG), 0x80000000u);
 205:Generated_Source\PSoC4/cyfitter_cfg.c **** 
 206:Generated_Source\PSoC4/cyfitter_cfg.c **** 	/* CYDEV_CLK_SELECT Starting address: CYDEV_CLK_SELECT */
 207:Generated_Source\PSoC4/cyfitter_cfg.c **** 	CY_SET_REG32((void *)(CYREG_CLK_SELECT), 0x00000000u);
 208:Generated_Source\PSoC4/cyfitter_cfg.c **** 
 209:Generated_Source\PSoC4/cyfitter_cfg.c **** 	(void)CyIntSetVector(8u, &CySysWdtIsr);
 210:Generated_Source\PSoC4/cyfitter_cfg.c **** 	CyIntEnable(8u);
 211:Generated_Source\PSoC4/cyfitter_cfg.c **** 	CY_SET_REG32((void *)(CYREG_WDT_CONFIG), 0x40000000u);
 212:Generated_Source\PSoC4/cyfitter_cfg.c **** 	/* Set Flash Cycles based on newly configured 24.00MHz HFCLK. */
 213:Generated_Source\PSoC4/cyfitter_cfg.c **** 	CY_SET_REG32((void CYXDATA *)(CYREG_CPUSS_FLASH_CTL), (0x0011u));
 214:Generated_Source\PSoC4/cyfitter_cfg.c **** }
 215:Generated_Source\PSoC4/cyfitter_cfg.c **** 
 216:Generated_Source\PSoC4/cyfitter_cfg.c **** 
 217:Generated_Source\PSoC4/cyfitter_cfg.c **** /* Analog API Functions */
 218:Generated_Source\PSoC4/cyfitter_cfg.c **** 
 219:Generated_Source\PSoC4/cyfitter_cfg.c **** 
 220:Generated_Source\PSoC4/cyfitter_cfg.c **** /*******************************************************************************
 221:Generated_Source\PSoC4/cyfitter_cfg.c **** * Function Name: AnalogSetDefault
 222:Generated_Source\PSoC4/cyfitter_cfg.c **** ********************************************************************************
 223:Generated_Source\PSoC4/cyfitter_cfg.c **** *
 224:Generated_Source\PSoC4/cyfitter_cfg.c **** * Summary:
 225:Generated_Source\PSoC4/cyfitter_cfg.c **** *  Sets up the analog portions of the chip to default values based on chip
 226:Generated_Source\PSoC4/cyfitter_cfg.c **** *  configuration options from the project.
 227:Generated_Source\PSoC4/cyfitter_cfg.c **** *
 228:Generated_Source\PSoC4/cyfitter_cfg.c **** * Parameters:
 229:Generated_Source\PSoC4/cyfitter_cfg.c **** *  void
 230:Generated_Source\PSoC4/cyfitter_cfg.c **** *
 231:Generated_Source\PSoC4/cyfitter_cfg.c **** * Return:
 232:Generated_Source\PSoC4/cyfitter_cfg.c **** *  void
 233:Generated_Source\PSoC4/cyfitter_cfg.c **** *
 234:Generated_Source\PSoC4/cyfitter_cfg.c **** *******************************************************************************/
 235:Generated_Source\PSoC4/cyfitter_cfg.c **** static void AnalogSetDefault(void);
 236:Generated_Source\PSoC4/cyfitter_cfg.c **** static void AnalogSetDefault(void)
 237:Generated_Source\PSoC4/cyfitter_cfg.c **** {
  27              		.loc 1 237 0
  28              		.cfi_startproc
  29              		@ args = 0, pretend = 0, frame = 0
  30              		@ frame_needed = 0, uses_anonymous_args = 0
  31              		@ link register save eliminated.
 238:Generated_Source\PSoC4/cyfitter_cfg.c **** 	CY_SET_XTND_REG32((void CYFAR *)CYREG_CTBM0_DFT_CTRL, 0x00000003u);
  32              		.loc 1 238 0
  33 0000 0323     		movs	r3, #3
  34 0002 044A     		ldr	r2, .L2
  35 0004 1360     		str	r3, [r2]
 239:Generated_Source\PSoC4/cyfitter_cfg.c **** 	CY_SET_XTND_REG32((void CYFAR *)CYREG_CTBM1_DFT_CTRL, 0x00000003u);
  36              		.loc 1 239 0
  37 0006 044A     		ldr	r2, .L2+4
  38 0008 1360     		str	r3, [r2]
 240:Generated_Source\PSoC4/cyfitter_cfg.c **** 	CY_SET_XTND_REG32((void CYFAR *)CYREG_PASS_DSAB_DSAB_CTRL, 0x00000000u);
  39              		.loc 1 240 0
  40 000a 0022     		movs	r2, #0
  41 000c 034B     		ldr	r3, .L2+8
  42 000e 1A60     		str	r2, [r3]
 241:Generated_Source\PSoC4/cyfitter_cfg.c **** }
  43              		.loc 1 241 0
  44              		@ sp needed
ARM GAS  C:\Users\jon\AppData\Local\Temp\ccr6BZ9r.s 			page 6


  45 0010 7047     		bx	lr
  46              	.L3:
  47 0012 C046     		.align	2
  48              	.L2:
  49 0014 30003040 		.word	1076887600
  50 0018 30003140 		.word	1076953136
  51 001c 000E3F40 		.word	1077874176
  52              		.cfi_endproc
  53              	.LFE6:
  54              		.size	AnalogSetDefault, .-AnalogSetDefault
  55              		.section	.text.CYMEMZERO,"ax",%progbits
  56              		.align	2
  57              		.code	16
  58              		.thumb_func
  59              		.type	CYMEMZERO, %function
  60              	CYMEMZERO:
  61              	.LFB2:
  77:Generated_Source\PSoC4/cyfitter_cfg.c **** 	(void)memset(s, 0, n);
  62              		.loc 1 77 0
  63              		.cfi_startproc
  64              		@ args = 0, pretend = 0, frame = 0
  65              		@ frame_needed = 0, uses_anonymous_args = 0
  66              	.LVL0:
  67 0000 10B5     		push	{r4, lr}
  68              		.cfi_def_cfa_offset 8
  69              		.cfi_offset 4, -8
  70              		.cfi_offset 14, -4
  71 0002 0A00     		movs	r2, r1
  78:Generated_Source\PSoC4/cyfitter_cfg.c **** }
  72              		.loc 1 78 0
  73 0004 0021     		movs	r1, #0
  74              	.LVL1:
  75 0006 FFF7FEFF 		bl	memset
  76              	.LVL2:
  79:Generated_Source\PSoC4/cyfitter_cfg.c **** CY_CFG_UNUSED
  77              		.loc 1 79 0
  78              		@ sp needed
  79 000a 10BD     		pop	{r4, pc}
  80              		.cfi_endproc
  81              	.LFE2:
  82              		.size	CYMEMZERO, .-CYMEMZERO
  83              		.section	.psocinit,"ax",%progbits
  84              		.align	2
  85              		.code	16
  86              		.thumb_func
  87              		.type	ClockSetup, %function
  88              	ClockSetup:
  89              	.LFB5:
 171:Generated_Source\PSoC4/cyfitter_cfg.c **** 
  90              		.loc 1 171 0
  91              		.cfi_startproc
  92              		@ args = 0, pretend = 0, frame = 0
  93              		@ frame_needed = 0, uses_anonymous_args = 0
  94 0000 F8B5     		push	{r3, r4, r5, r6, r7, lr}
  95              		.cfi_def_cfa_offset 24
  96              		.cfi_offset 3, -24
  97              		.cfi_offset 4, -20
ARM GAS  C:\Users\jon\AppData\Local\Temp\ccr6BZ9r.s 			page 7


  98              		.cfi_offset 5, -16
  99              		.cfi_offset 6, -12
 100              		.cfi_offset 7, -8
 101              		.cfi_offset 14, -4
 174:Generated_Source\PSoC4/cyfitter_cfg.c **** 
 102              		.loc 1 174 0
 103 0002 1E4C     		ldr	r4, .L6
 104 0004 1223     		movs	r3, #18
 105 0006 2360     		str	r3, [r4]
 177:Generated_Source\PSoC4/cyfitter_cfg.c **** 	CyDelayCycles(12000000u); /* WCO may take up to 500ms to start */
 106              		.loc 1 177 0
 107 0008 FFF7FEFF 		bl	CySysClkWcoStart
 108              	.LVL3:
 178:Generated_Source\PSoC4/cyfitter_cfg.c **** 	(void)CySysClkWcoSetPowerMode(CY_SYS_CLK_WCO_LPM);    /* Switch to the low power mode */
 109              		.loc 1 178 0
 110 000c 1C48     		ldr	r0, .L6+4
 111 000e FFF7FEFF 		bl	CyDelayCycles
 112              	.LVL4:
 179:Generated_Source\PSoC4/cyfitter_cfg.c **** 
 113              		.loc 1 179 0
 114 0012 0120     		movs	r0, #1
 115 0014 FFF7FEFF 		bl	CySysClkWcoSetPowerMode
 116              	.LVL5:
 182:Generated_Source\PSoC4/cyfitter_cfg.c **** 	/* CYDEV_CLK_ILO_CONFIG Starting address: CYDEV_CLK_ILO_CONFIG */
 117              		.loc 1 182 0
 118 0018 1820     		movs	r0, #24
 119 001a FFF7FEFF 		bl	CySysClkWriteImoFreq
 120              	.LVL6:
 184:Generated_Source\PSoC4/cyfitter_cfg.c **** 
 121              		.loc 1 184 0
 122 001e 194A     		ldr	r2, .L6+8
 123 0020 194B     		ldr	r3, .L6+12
 124 0022 1A60     		str	r2, [r3]
 187:Generated_Source\PSoC4/cyfitter_cfg.c **** 
 125              		.loc 1 187 0
 126 0024 194D     		ldr	r5, .L6+16
 127 0026 8026     		movs	r6, #128
 128 0028 F605     		lsls	r6, r6, #23
 129 002a 2E60     		str	r6, [r5]
 191:Generated_Source\PSoC4/cyfitter_cfg.c **** 	CY_SET_REG32((void *)(CYREG_BLE_BLERD_BB_XO_CAPTRIM), 0x00003E2Du);
 130              		.loc 1 191 0
 131 002c 184A     		ldr	r2, .L6+20
 132 002e 1168     		ldr	r1, [r2]
 133 0030 0223     		movs	r3, #2
 134 0032 0B43     		orrs	r3, r1
 135 0034 1360     		str	r3, [r2]
 192:Generated_Source\PSoC4/cyfitter_cfg.c **** 	/*Set XTAL(ECO) divider*/
 136              		.loc 1 192 0
 137 0036 174A     		ldr	r2, .L6+24
 138 0038 174B     		ldr	r3, .L6+28
 139 003a 1A60     		str	r2, [r3]
 194:Generated_Source\PSoC4/cyfitter_cfg.c **** 	/* Disable Crystal Stable Interrupt before enabling ECO */
 140              		.loc 1 194 0
 141 003c 0027     		movs	r7, #0
 142 003e 174B     		ldr	r3, .L6+32
 143 0040 1F60     		str	r7, [r3]
 196:Generated_Source\PSoC4/cyfitter_cfg.c **** 	/* Start the ECO and do not check status since it is not needed for HFCLK */
ARM GAS  C:\Users\jon\AppData\Local\Temp\ccr6BZ9r.s 			page 8


 144              		.loc 1 196 0
 145 0042 174A     		ldr	r2, .L6+36
 146 0044 1368     		ldr	r3, [r2]
 147 0046 0821     		movs	r1, #8
 148 0048 8B43     		bics	r3, r1
 149 004a 1360     		str	r3, [r2]
 198:Generated_Source\PSoC4/cyfitter_cfg.c **** 	CyDelayUs(1500u); /* Wait to stabilize */
 150              		.loc 1 198 0
 151 004c FA20     		movs	r0, #250
 152 004e C000     		lsls	r0, r0, #3
 153 0050 FFF7FEFF 		bl	CySysClkEcoStart
 154              	.LVL7:
 199:Generated_Source\PSoC4/cyfitter_cfg.c **** 
 155              		.loc 1 199 0
 156 0054 1348     		ldr	r0, .L6+40
 157 0056 FFF7FEFF 		bl	CyDelayUs
 158              	.LVL8:
 204:Generated_Source\PSoC4/cyfitter_cfg.c **** 
 159              		.loc 1 204 0
 160 005a 8022     		movs	r2, #128
 161 005c 1206     		lsls	r2, r2, #24
 162 005e 124B     		ldr	r3, .L6+44
 163 0060 1A60     		str	r2, [r3]
 207:Generated_Source\PSoC4/cyfitter_cfg.c **** 
 164              		.loc 1 207 0
 165 0062 124B     		ldr	r3, .L6+48
 166 0064 1F60     		str	r7, [r3]
 209:Generated_Source\PSoC4/cyfitter_cfg.c **** 	CyIntEnable(8u);
 167              		.loc 1 209 0
 168 0066 1249     		ldr	r1, .L6+52
 169 0068 0820     		movs	r0, #8
 170 006a FFF7FEFF 		bl	CyIntSetVector
 171              	.LVL9:
 210:Generated_Source\PSoC4/cyfitter_cfg.c **** 	CY_SET_REG32((void *)(CYREG_WDT_CONFIG), 0x40000000u);
 172              		.loc 1 210 0
 173 006e 0820     		movs	r0, #8
 174 0070 FFF7FEFF 		bl	CyIntEnable
 175              	.LVL10:
 211:Generated_Source\PSoC4/cyfitter_cfg.c **** 	/* Set Flash Cycles based on newly configured 24.00MHz HFCLK. */
 176              		.loc 1 211 0
 177 0074 2E60     		str	r6, [r5]
 213:Generated_Source\PSoC4/cyfitter_cfg.c **** }
 178              		.loc 1 213 0
 179 0076 1123     		movs	r3, #17
 180 0078 2360     		str	r3, [r4]
 214:Generated_Source\PSoC4/cyfitter_cfg.c **** 
 181              		.loc 1 214 0
 182              		@ sp needed
 183 007a F8BD     		pop	{r3, r4, r5, r6, r7, pc}
 184              	.L7:
 185              		.align	2
 186              	.L6:
 187 007c 30001040 		.word	1074790448
 188 0080 001BB700 		.word	12000000
 189 0084 06000080 		.word	-2147483642
 190 0088 04010B40 		.word	1074462980
 191 008c 0C020B40 		.word	1074463244
ARM GAS  C:\Users\jon\AppData\Local\Temp\ccr6BZ9r.s 			page 9


 192 0090 78002E40 		.word	1076756600
 193 0094 2D3E0000 		.word	15917
 194 0098 7C002E40 		.word	1076756604
 195 009c 64F02E40 		.word	1076818020
 196 00a0 6CF02E40 		.word	1076818028
 197 00a4 DC050000 		.word	1500
 198 00a8 08010B40 		.word	1074462984
 199 00ac 00010B40 		.word	1074462976
 200 00b0 00000000 		.word	CySysWdtIsr
 201              		.cfi_endproc
 202              	.LFE5:
 203              		.size	ClockSetup, .-ClockSetup
 204              		.align	2
 205              		.global	cyfitter_cfg
 206              		.code	16
 207              		.thumb_func
 208              		.type	cyfitter_cfg, %function
 209              	cyfitter_cfg:
 210              	.LFB7:
 242:Generated_Source\PSoC4/cyfitter_cfg.c **** 
 243:Generated_Source\PSoC4/cyfitter_cfg.c **** 
 244:Generated_Source\PSoC4/cyfitter_cfg.c **** 
 245:Generated_Source\PSoC4/cyfitter_cfg.c **** 
 246:Generated_Source\PSoC4/cyfitter_cfg.c **** /*******************************************************************************
 247:Generated_Source\PSoC4/cyfitter_cfg.c **** * Function Name: cyfitter_cfg
 248:Generated_Source\PSoC4/cyfitter_cfg.c **** ********************************************************************************
 249:Generated_Source\PSoC4/cyfitter_cfg.c **** * Summary:
 250:Generated_Source\PSoC4/cyfitter_cfg.c **** *  This function is called by the start-up code for the selected device. It
 251:Generated_Source\PSoC4/cyfitter_cfg.c **** *  performs all of the necessary device configuration based on the design
 252:Generated_Source\PSoC4/cyfitter_cfg.c **** *  settings.  This includes settings from the Design Wide Resources (DWR) such
 253:Generated_Source\PSoC4/cyfitter_cfg.c **** *  as Clocks and Pins as well as any component configuration that is necessary.
 254:Generated_Source\PSoC4/cyfitter_cfg.c **** *
 255:Generated_Source\PSoC4/cyfitter_cfg.c **** * Parameters:
 256:Generated_Source\PSoC4/cyfitter_cfg.c **** *   void
 257:Generated_Source\PSoC4/cyfitter_cfg.c **** *
 258:Generated_Source\PSoC4/cyfitter_cfg.c **** * Return:
 259:Generated_Source\PSoC4/cyfitter_cfg.c **** *   void
 260:Generated_Source\PSoC4/cyfitter_cfg.c **** *
 261:Generated_Source\PSoC4/cyfitter_cfg.c **** *******************************************************************************/
 262:Generated_Source\PSoC4/cyfitter_cfg.c **** CY_CFG_SECTION
 263:Generated_Source\PSoC4/cyfitter_cfg.c **** void cyfitter_cfg(void)
 264:Generated_Source\PSoC4/cyfitter_cfg.c **** {
 211              		.loc 1 264 0
 212              		.cfi_startproc
 213              		@ args = 0, pretend = 0, frame = 0
 214              		@ frame_needed = 0, uses_anonymous_args = 0
 215 00b4 10B5     		push	{r4, lr}
 216              		.cfi_def_cfa_offset 8
 217              		.cfi_offset 4, -8
 218              		.cfi_offset 14, -4
 265:Generated_Source\PSoC4/cyfitter_cfg.c **** 	/* Disable interrupts by default. Let user enable if/when they want. */
 266:Generated_Source\PSoC4/cyfitter_cfg.c **** 	CyGlobalIntDisable;
 219              		.loc 1 266 0
 220              		.syntax divided
 221              	@ 266 "Generated_Source\PSoC4\cyfitter_cfg.c" 1
 222 00b6 72B6     		CPSID   i
 223              	@ 0 "" 2
ARM GAS  C:\Users\jon\AppData\Local\Temp\ccr6BZ9r.s 			page 10


 267:Generated_Source\PSoC4/cyfitter_cfg.c **** 
 268:Generated_Source\PSoC4/cyfitter_cfg.c **** 	CY_SET_REG32((void *)(CYREG_BLE_BLESS_LL_DSM_CTRL), 0x00000000u);
 224              		.loc 1 268 0
 225              		.thumb
 226              		.syntax unified
 227 00b8 0022     		movs	r2, #0
 228 00ba 194B     		ldr	r3, .L11
 229 00bc 1A60     		str	r2, [r3]
 230              	.LVL11:
 231              	.LBB2:
 269:Generated_Source\PSoC4/cyfitter_cfg.c **** 
 270:Generated_Source\PSoC4/cyfitter_cfg.c **** 	{
 271:Generated_Source\PSoC4/cyfitter_cfg.c **** 
 272:Generated_Source\PSoC4/cyfitter_cfg.c **** 		CYPACKED typedef struct {
 273:Generated_Source\PSoC4/cyfitter_cfg.c **** 			void CYFAR *address;
 274:Generated_Source\PSoC4/cyfitter_cfg.c **** 			uint16 size;
 275:Generated_Source\PSoC4/cyfitter_cfg.c **** 		} CYPACKED_ATTR cfg_memset_t;
 276:Generated_Source\PSoC4/cyfitter_cfg.c **** 
 277:Generated_Source\PSoC4/cyfitter_cfg.c **** 		static const cfg_memset_t CYCODE cfg_memset_list[] = {
 278:Generated_Source\PSoC4/cyfitter_cfg.c **** 			/* address, size */
 279:Generated_Source\PSoC4/cyfitter_cfg.c **** 			{(void CYFAR *)(CYDEV_UDB_P0_U0_BASE), 1024u},
 280:Generated_Source\PSoC4/cyfitter_cfg.c **** 			{(void CYFAR *)(CYDEV_UDB_DSI0_BASE), 1024u},
 281:Generated_Source\PSoC4/cyfitter_cfg.c **** 		};
 282:Generated_Source\PSoC4/cyfitter_cfg.c **** 
 283:Generated_Source\PSoC4/cyfitter_cfg.c **** 		uint8 CYDATA i;
 284:Generated_Source\PSoC4/cyfitter_cfg.c **** 
 285:Generated_Source\PSoC4/cyfitter_cfg.c **** 		/* Zero out critical memory blocks before beginning configuration */
 286:Generated_Source\PSoC4/cyfitter_cfg.c **** 		for (i = 0u; i < (sizeof(cfg_memset_list)/sizeof(cfg_memset_list[0])); i++)
 232              		.loc 1 286 0
 233 00be 0024     		movs	r4, #0
 234 00c0 0FE0     		b	.L9
 235              	.LVL12:
 236              	.L10:
 237              	.LBB3:
 287:Generated_Source\PSoC4/cyfitter_cfg.c **** 		{
 288:Generated_Source\PSoC4/cyfitter_cfg.c **** 			const cfg_memset_t CYCODE * CYDATA ms = &cfg_memset_list[i];
 289:Generated_Source\PSoC4/cyfitter_cfg.c **** 			CYMEMZERO(ms->address, (size_t)(uint32)(ms->size));
 238              		.loc 1 289 0 discriminator 3
 239 00c2 1848     		ldr	r0, .L11+4
 240 00c4 6200     		lsls	r2, r4, #1
 241 00c6 1319     		adds	r3, r2, r4
 242 00c8 5900     		lsls	r1, r3, #1
 243 00ca 0B00     		movs	r3, r1
 244 00cc 4118     		adds	r1, r0, r1
 245 00ce 8988     		ldrh	r1, [r1, #4]
 246 00d0 1A5A     		ldrh	r2, [r3, r0]
 247 00d2 C318     		adds	r3, r0, r3
 248 00d4 5888     		ldrh	r0, [r3, #2]
 249 00d6 0004     		lsls	r0, r0, #16
 250 00d8 1043     		orrs	r0, r2
 251 00da FFF7FEFF 		bl	CYMEMZERO
 252              	.LVL13:
 253              	.LBE3:
 286:Generated_Source\PSoC4/cyfitter_cfg.c **** 		{
 254              		.loc 1 286 0 discriminator 3
 255 00de 0134     		adds	r4, r4, #1
 256              	.LVL14:
ARM GAS  C:\Users\jon\AppData\Local\Temp\ccr6BZ9r.s 			page 11


 257 00e0 E4B2     		uxtb	r4, r4
 258              	.LVL15:
 259              	.L9:
 286:Generated_Source\PSoC4/cyfitter_cfg.c **** 		{
 260              		.loc 1 286 0 is_stmt 0 discriminator 1
 261 00e2 012C     		cmp	r4, #1
 262 00e4 EDD9     		bls	.L10
 290:Generated_Source\PSoC4/cyfitter_cfg.c **** 		}
 291:Generated_Source\PSoC4/cyfitter_cfg.c **** 
 292:Generated_Source\PSoC4/cyfitter_cfg.c **** 		/* HSIOM Starting address: CYDEV_HSIOM_BASE */
 293:Generated_Source\PSoC4/cyfitter_cfg.c **** 		CY_SET_REG32((void *)(CYDEV_HSIOM_BASE), 0xEE000000u);
 263              		.loc 1 293 0 is_stmt 1
 264 00e6 EE22     		movs	r2, #238
 265 00e8 1206     		lsls	r2, r2, #24
 266 00ea 0F4B     		ldr	r3, .L11+8
 267 00ec 1A60     		str	r2, [r3]
 294:Generated_Source\PSoC4/cyfitter_cfg.c **** 
 295:Generated_Source\PSoC4/cyfitter_cfg.c **** 		/* UDB_PA_0 Starting address: CYDEV_UDB_PA0_BASE */
 296:Generated_Source\PSoC4/cyfitter_cfg.c **** 		CY_SET_REG32((void *)(CYDEV_UDB_PA0_BASE), 0x00990000u);
 268              		.loc 1 296 0
 269 00ee 9923     		movs	r3, #153
 270 00f0 1B04     		lsls	r3, r3, #16
 271 00f2 0E4A     		ldr	r2, .L11+12
 272 00f4 1360     		str	r3, [r2]
 297:Generated_Source\PSoC4/cyfitter_cfg.c **** 
 298:Generated_Source\PSoC4/cyfitter_cfg.c **** 		/* UDB_PA_2 Starting address: CYDEV_UDB_PA2_BASE */
 299:Generated_Source\PSoC4/cyfitter_cfg.c **** 		CY_SET_REG32((void *)(CYDEV_UDB_PA2_BASE), 0x00990000u);
 273              		.loc 1 299 0
 274 00f6 0E4A     		ldr	r2, .L11+16
 275 00f8 1360     		str	r3, [r2]
 300:Generated_Source\PSoC4/cyfitter_cfg.c **** 
 301:Generated_Source\PSoC4/cyfitter_cfg.c **** 		/* Enable digital routing */
 302:Generated_Source\PSoC4/cyfitter_cfg.c **** 		CY_SET_XTND_REG8((void *)CYREG_UDB_UDBIF_BANK_CTL, (uint8)(CY_GET_XTND_REG8((void *)CYREG_UDB_UDB
 276              		.loc 1 302 0
 277 00fa 0E4A     		ldr	r2, .L11+20
 278 00fc 1178     		ldrb	r1, [r2]
 279 00fe 0623     		movs	r3, #6
 280 0100 0B43     		orrs	r3, r1
 281 0102 DBB2     		uxtb	r3, r3
 282 0104 1370     		strb	r3, [r2]
 283              	.LBE2:
 303:Generated_Source\PSoC4/cyfitter_cfg.c **** 	}
 304:Generated_Source\PSoC4/cyfitter_cfg.c **** 
 305:Generated_Source\PSoC4/cyfitter_cfg.c **** 	/* Perform second pass device configuration. These items must be configured in specific order afte
 306:Generated_Source\PSoC4/cyfitter_cfg.c **** 	/* IOPINS0_0 Starting address: CYDEV_GPIO_PRT0_BASE */
 307:Generated_Source\PSoC4/cyfitter_cfg.c **** 	CY_SET_REG32((void *)(CYREG_GPIO_PRT0_PC), 0x00D80000u);
 284              		.loc 1 307 0
 285 0106 D822     		movs	r2, #216
 286 0108 1204     		lsls	r2, r2, #16
 287 010a 0B4B     		ldr	r3, .L11+24
 288 010c 1A60     		str	r2, [r3]
 308:Generated_Source\PSoC4/cyfitter_cfg.c **** 
 309:Generated_Source\PSoC4/cyfitter_cfg.c **** 	/* IOPINS0_2 Starting address: CYDEV_GPIO_PRT2_BASE */
 310:Generated_Source\PSoC4/cyfitter_cfg.c **** 	CY_SET_REG32((void *)(CYREG_GPIO_PRT2_PC), 0x00700000u);
 289              		.loc 1 310 0
 290 010e E022     		movs	r2, #224
 291 0110 D203     		lsls	r2, r2, #15
ARM GAS  C:\Users\jon\AppData\Local\Temp\ccr6BZ9r.s 			page 12


 292 0112 0A4B     		ldr	r3, .L11+28
 293 0114 1A60     		str	r2, [r3]
 311:Generated_Source\PSoC4/cyfitter_cfg.c **** 
 312:Generated_Source\PSoC4/cyfitter_cfg.c **** 
 313:Generated_Source\PSoC4/cyfitter_cfg.c **** 	/* Setup clocks based on selections from Clock DWR */
 314:Generated_Source\PSoC4/cyfitter_cfg.c **** 	ClockSetup();
 294              		.loc 1 314 0
 295 0116 FFF773FF 		bl	ClockSetup
 296              	.LVL16:
 315:Generated_Source\PSoC4/cyfitter_cfg.c **** 
 316:Generated_Source\PSoC4/cyfitter_cfg.c **** 	/* Perform basic analog initialization to defaults */
 317:Generated_Source\PSoC4/cyfitter_cfg.c **** 	AnalogSetDefault();
 297              		.loc 1 317 0
 298 011a FFF7FEFF 		bl	AnalogSetDefault
 299              	.LVL17:
 318:Generated_Source\PSoC4/cyfitter_cfg.c **** 
 319:Generated_Source\PSoC4/cyfitter_cfg.c **** }
 300              		.loc 1 319 0
 301              		@ sp needed
 302              	.LVL18:
 303 011e 10BD     		pop	{r4, pc}
 304              	.L12:
 305              		.align	2
 306              	.L11:
 307 0120 6CF02E40 		.word	1076818028
 308 0124 00000000 		.word	.LANCHOR0
 309 0128 00000240 		.word	1073872896
 310 012c 00500F40 		.word	1074745344
 311 0130 20500F40 		.word	1074745376
 312 0134 00700F40 		.word	1074753536
 313 0138 08000440 		.word	1074003976
 314 013c 08020440 		.word	1074004488
 315              		.cfi_endproc
 316              	.LFE7:
 317              		.size	cyfitter_cfg, .-cyfitter_cfg
 318              		.section	.rodata
 319              		.align	2
 320              		.set	.LANCHOR0,. + 0
 321              		.type	cfg_memset_list.4893, %object
 322              		.size	cfg_memset_list.4893, 12
 323              	cfg_memset_list.4893:
 324 0000 00300F40 		.word	1074737152
 325 0004 0004     		.short	1024
 326 0006 00400F40 		.4byte	1074741248
 327 000a 0004     		.short	1024
 328              		.text
 329              	.Letext0:
 330              		.file 2 "c:\\program files (x86)\\cypress\\psoc creator\\4.2\\psoc creator\\import\\gnu\\arm\\5.4.
 331              		.file 3 "Generated_Source\\PSoC4\\cytypes.h"
 332              		.file 4 "Generated_Source\\PSoC4\\CyLFClk.h"
 333              		.file 5 "Generated_Source\\PSoC4\\CyLib.h"
 334              		.section	.debug_info,"",%progbits
 335              	.Ldebug_info0:
 336 0000 28030000 		.4byte	0x328
 337 0004 0400     		.2byte	0x4
 338 0006 00000000 		.4byte	.Ldebug_abbrev0
 339 000a 04       		.byte	0x4
ARM GAS  C:\Users\jon\AppData\Local\Temp\ccr6BZ9r.s 			page 13


 340 000b 01       		.uleb128 0x1
 341 000c 33010000 		.4byte	.LASF34
 342 0010 0C       		.byte	0xc
 343 0011 85020000 		.4byte	.LASF35
 344 0015 24020000 		.4byte	.LASF36
 345 0019 00000000 		.4byte	.Ldebug_ranges0+0
 346 001d 00000000 		.4byte	0
 347 0021 00000000 		.4byte	.Ldebug_line0
 348 0025 02       		.uleb128 0x2
 349 0026 04       		.byte	0x4
 350 0027 05       		.byte	0x5
 351 0028 696E7400 		.ascii	"int\000"
 352 002c 03       		.uleb128 0x3
 353 002d 14000000 		.4byte	.LASF12
 354 0031 02       		.byte	0x2
 355 0032 D8       		.byte	0xd8
 356 0033 37000000 		.4byte	0x37
 357 0037 04       		.uleb128 0x4
 358 0038 04       		.byte	0x4
 359 0039 07       		.byte	0x7
 360 003a FA000000 		.4byte	.LASF0
 361 003e 04       		.uleb128 0x4
 362 003f 08       		.byte	0x8
 363 0040 05       		.byte	0x5
 364 0041 D7010000 		.4byte	.LASF1
 365 0045 04       		.uleb128 0x4
 366 0046 08       		.byte	0x8
 367 0047 04       		.byte	0x4
 368 0048 6D020000 		.4byte	.LASF2
 369 004c 04       		.uleb128 0x4
 370 004d 01       		.byte	0x1
 371 004e 06       		.byte	0x6
 372 004f 79020000 		.4byte	.LASF3
 373 0053 04       		.uleb128 0x4
 374 0054 01       		.byte	0x1
 375 0055 08       		.byte	0x8
 376 0056 C4000000 		.4byte	.LASF4
 377 005a 04       		.uleb128 0x4
 378 005b 02       		.byte	0x2
 379 005c 05       		.byte	0x5
 380 005d 05020000 		.4byte	.LASF5
 381 0061 04       		.uleb128 0x4
 382 0062 02       		.byte	0x2
 383 0063 07       		.byte	0x7
 384 0064 56000000 		.4byte	.LASF6
 385 0068 04       		.uleb128 0x4
 386 0069 04       		.byte	0x4
 387 006a 05       		.byte	0x5
 388 006b 64020000 		.4byte	.LASF7
 389 006f 04       		.uleb128 0x4
 390 0070 04       		.byte	0x4
 391 0071 07       		.byte	0x7
 392 0072 91000000 		.4byte	.LASF8
 393 0076 04       		.uleb128 0x4
 394 0077 08       		.byte	0x8
 395 0078 07       		.byte	0x7
 396 0079 1C010000 		.4byte	.LASF9
ARM GAS  C:\Users\jon\AppData\Local\Temp\ccr6BZ9r.s 			page 14


 397 007d 04       		.uleb128 0x4
 398 007e 04       		.byte	0x4
 399 007f 07       		.byte	0x7
 400 0080 CE010000 		.4byte	.LASF10
 401 0084 05       		.uleb128 0x5
 402 0085 04       		.byte	0x4
 403 0086 04       		.uleb128 0x4
 404 0087 01       		.byte	0x1
 405 0088 08       		.byte	0x8
 406 0089 EF010000 		.4byte	.LASF11
 407 008d 06       		.uleb128 0x6
 408 008e A3000000 		.4byte	.LASF13
 409 0092 03       		.byte	0x3
 410 0093 E401     		.2byte	0x1e4
 411 0095 53000000 		.4byte	0x53
 412 0099 06       		.uleb128 0x6
 413 009a EC000000 		.4byte	.LASF14
 414 009e 03       		.byte	0x3
 415 009f E501     		.2byte	0x1e5
 416 00a1 61000000 		.4byte	0x61
 417 00a5 06       		.uleb128 0x6
 418 00a6 F3000000 		.4byte	.LASF15
 419 00aa 03       		.byte	0x3
 420 00ab E601     		.2byte	0x1e6
 421 00ad 6F000000 		.4byte	0x6f
 422 00b1 04       		.uleb128 0x4
 423 00b2 04       		.byte	0x4
 424 00b3 04       		.byte	0x4
 425 00b4 69000000 		.4byte	.LASF16
 426 00b8 04       		.uleb128 0x4
 427 00b9 08       		.byte	0x8
 428 00ba 04       		.byte	0x4
 429 00bb D9000000 		.4byte	.LASF17
 430 00bf 06       		.uleb128 0x6
 431 00c0 8C000000 		.4byte	.LASF18
 432 00c4 03       		.byte	0x3
 433 00c5 8E02     		.2byte	0x28e
 434 00c7 CB000000 		.4byte	0xcb
 435 00cb 07       		.uleb128 0x7
 436 00cc 8D000000 		.4byte	0x8d
 437 00d0 06       		.uleb128 0x6
 438 00d1 0E000000 		.4byte	.LASF19
 439 00d5 03       		.byte	0x3
 440 00d6 9002     		.2byte	0x290
 441 00d8 DC000000 		.4byte	0xdc
 442 00dc 07       		.uleb128 0x7
 443 00dd A5000000 		.4byte	0xa5
 444 00e1 08       		.uleb128 0x8
 445 00e2 1B000000 		.4byte	.LASF37
 446 00e6 01       		.byte	0x1
 447 00e7 EC       		.byte	0xec
 448 00e8 00000000 		.4byte	.LFB6
 449 00ec 20000000 		.4byte	.LFE6-.LFB6
 450 00f0 01       		.uleb128 0x1
 451 00f1 9C       		.byte	0x9c
 452 00f2 09       		.uleb128 0x9
 453 00f3 BA000000 		.4byte	.LASF20
ARM GAS  C:\Users\jon\AppData\Local\Temp\ccr6BZ9r.s 			page 15


 454 00f7 01       		.byte	0x1
 455 00f8 4C       		.byte	0x4c
 456 00f9 00000000 		.4byte	.LFB2
 457 00fd 0C000000 		.4byte	.LFE2-.LFB2
 458 0101 01       		.uleb128 0x1
 459 0102 9C       		.byte	0x9c
 460 0103 3F010000 		.4byte	0x13f
 461 0107 0A       		.uleb128 0xa
 462 0108 7300     		.ascii	"s\000"
 463 010a 01       		.byte	0x1
 464 010b 4C       		.byte	0x4c
 465 010c 84000000 		.4byte	0x84
 466 0110 00000000 		.4byte	.LLST0
 467 0114 0A       		.uleb128 0xa
 468 0115 6E00     		.ascii	"n\000"
 469 0117 01       		.byte	0x1
 470 0118 4C       		.byte	0x4c
 471 0119 2C000000 		.4byte	0x2c
 472 011d 21000000 		.4byte	.LLST1
 473 0121 0B       		.uleb128 0xb
 474 0122 0A000000 		.4byte	.LVL2
 475 0126 CA020000 		.4byte	0x2ca
 476 012a 0C       		.uleb128 0xc
 477 012b 01       		.uleb128 0x1
 478 012c 50       		.byte	0x50
 479 012d 03       		.uleb128 0x3
 480 012e F3       		.byte	0xf3
 481 012f 01       		.uleb128 0x1
 482 0130 50       		.byte	0x50
 483 0131 0C       		.uleb128 0xc
 484 0132 01       		.uleb128 0x1
 485 0133 51       		.byte	0x51
 486 0134 01       		.uleb128 0x1
 487 0135 30       		.byte	0x30
 488 0136 0C       		.uleb128 0xc
 489 0137 01       		.uleb128 0x1
 490 0138 52       		.byte	0x52
 491 0139 03       		.uleb128 0x3
 492 013a F3       		.byte	0xf3
 493 013b 01       		.uleb128 0x1
 494 013c 51       		.byte	0x51
 495 013d 00       		.byte	0
 496 013e 00       		.byte	0
 497 013f 09       		.uleb128 0x9
 498 0140 4B000000 		.4byte	.LASF21
 499 0144 01       		.byte	0x1
 500 0145 AA       		.byte	0xaa
 501 0146 00000000 		.4byte	.LFB5
 502 014a B4000000 		.4byte	.LFE5-.LFB5
 503 014e 01       		.uleb128 0x1
 504 014f 9C       		.byte	0x9c
 505 0150 E7010000 		.4byte	0x1e7
 506 0154 0D       		.uleb128 0xd
 507 0155 0C000000 		.4byte	.LVL3
 508 0159 D3020000 		.4byte	0x2d3
 509 015d 0E       		.uleb128 0xe
 510 015e 12000000 		.4byte	.LVL4
ARM GAS  C:\Users\jon\AppData\Local\Temp\ccr6BZ9r.s 			page 16


 511 0162 DE020000 		.4byte	0x2de
 512 0166 74010000 		.4byte	0x174
 513 016a 0C       		.uleb128 0xc
 514 016b 01       		.uleb128 0x1
 515 016c 50       		.byte	0x50
 516 016d 05       		.uleb128 0x5
 517 016e 0C       		.byte	0xc
 518 016f 001BB700 		.4byte	0xb71b00
 519 0173 00       		.byte	0
 520 0174 0E       		.uleb128 0xe
 521 0175 18000000 		.4byte	.LVL5
 522 0179 E9020000 		.4byte	0x2e9
 523 017d 87010000 		.4byte	0x187
 524 0181 0C       		.uleb128 0xc
 525 0182 01       		.uleb128 0x1
 526 0183 50       		.byte	0x50
 527 0184 01       		.uleb128 0x1
 528 0185 31       		.byte	0x31
 529 0186 00       		.byte	0
 530 0187 0E       		.uleb128 0xe
 531 0188 1E000000 		.4byte	.LVL6
 532 018c F4020000 		.4byte	0x2f4
 533 0190 9A010000 		.4byte	0x19a
 534 0194 0C       		.uleb128 0xc
 535 0195 01       		.uleb128 0x1
 536 0196 50       		.byte	0x50
 537 0197 01       		.uleb128 0x1
 538 0198 48       		.byte	0x48
 539 0199 00       		.byte	0
 540 019a 0E       		.uleb128 0xe
 541 019b 54000000 		.4byte	.LVL7
 542 019f FF020000 		.4byte	0x2ff
 543 01a3 AF010000 		.4byte	0x1af
 544 01a7 0C       		.uleb128 0xc
 545 01a8 01       		.uleb128 0x1
 546 01a9 50       		.byte	0x50
 547 01aa 03       		.uleb128 0x3
 548 01ab 0A       		.byte	0xa
 549 01ac D007     		.2byte	0x7d0
 550 01ae 00       		.byte	0
 551 01af 0E       		.uleb128 0xe
 552 01b0 5A000000 		.4byte	.LVL8
 553 01b4 0A030000 		.4byte	0x30a
 554 01b8 C4010000 		.4byte	0x1c4
 555 01bc 0C       		.uleb128 0xc
 556 01bd 01       		.uleb128 0x1
 557 01be 50       		.byte	0x50
 558 01bf 03       		.uleb128 0x3
 559 01c0 0A       		.byte	0xa
 560 01c1 DC05     		.2byte	0x5dc
 561 01c3 00       		.byte	0
 562 01c4 0E       		.uleb128 0xe
 563 01c5 6E000000 		.4byte	.LVL9
 564 01c9 15030000 		.4byte	0x315
 565 01cd D7010000 		.4byte	0x1d7
 566 01d1 0C       		.uleb128 0xc
 567 01d2 01       		.uleb128 0x1
ARM GAS  C:\Users\jon\AppData\Local\Temp\ccr6BZ9r.s 			page 17


 568 01d3 50       		.byte	0x50
 569 01d4 01       		.uleb128 0x1
 570 01d5 38       		.byte	0x38
 571 01d6 00       		.byte	0
 572 01d7 0B       		.uleb128 0xb
 573 01d8 74000000 		.4byte	.LVL10
 574 01dc 20030000 		.4byte	0x320
 575 01e0 0C       		.uleb128 0xc
 576 01e1 01       		.uleb128 0x1
 577 01e2 50       		.byte	0x50
 578 01e3 01       		.uleb128 0x1
 579 01e4 38       		.byte	0x38
 580 01e5 00       		.byte	0
 581 01e6 00       		.byte	0
 582 01e7 0F       		.uleb128 0xf
 583 01e8 07010000 		.4byte	.LASF38
 584 01ec 01       		.byte	0x1
 585 01ed 0701     		.2byte	0x107
 586 01ef B4000000 		.4byte	.LFB7
 587 01f3 8C000000 		.4byte	.LFE7-.LFB7
 588 01f7 01       		.uleb128 0x1
 589 01f8 9C       		.byte	0x9c
 590 01f9 CA020000 		.4byte	0x2ca
 591 01fd 10       		.uleb128 0x10
 592 01fe BE000000 		.4byte	.LBB2
 593 0202 48000000 		.4byte	.LBE2-.LBB2
 594 0206 B7020000 		.4byte	0x2b7
 595 020a 11       		.uleb128 0x11
 596 020b 06       		.byte	0x6
 597 020c 01       		.byte	0x1
 598 020d 1001     		.2byte	0x110
 599 020f 2E020000 		.4byte	0x22e
 600 0213 12       		.uleb128 0x12
 601 0214 14010000 		.4byte	.LASF22
 602 0218 01       		.byte	0x1
 603 0219 1101     		.2byte	0x111
 604 021b 84000000 		.4byte	0x84
 605 021f 00       		.byte	0
 606 0220 12       		.uleb128 0x12
 607 0221 6F000000 		.4byte	.LASF23
 608 0225 01       		.byte	0x1
 609 0226 1201     		.2byte	0x112
 610 0228 99000000 		.4byte	0x99
 611 022c 04       		.byte	0x4
 612 022d 00       		.byte	0
 613 022e 06       		.uleb128 0x6
 614 022f C1010000 		.4byte	.LASF24
 615 0233 01       		.byte	0x1
 616 0234 1301     		.2byte	0x113
 617 0236 0A020000 		.4byte	0x20a
 618 023a 13       		.uleb128 0x13
 619 023b 4A020000 		.4byte	0x24a
 620 023f 4A020000 		.4byte	0x24a
 621 0243 14       		.uleb128 0x14
 622 0244 7D000000 		.4byte	0x7d
 623 0248 01       		.byte	0x1
 624 0249 00       		.byte	0
ARM GAS  C:\Users\jon\AppData\Local\Temp\ccr6BZ9r.s 			page 18


 625 024a 15       		.uleb128 0x15
 626 024b 2E020000 		.4byte	0x22e
 627 024f 16       		.uleb128 0x16
 628 0250 3B000000 		.4byte	.LASF25
 629 0254 01       		.byte	0x1
 630 0255 1501     		.2byte	0x115
 631 0257 61020000 		.4byte	0x261
 632 025b 05       		.uleb128 0x5
 633 025c 03       		.byte	0x3
 634 025d 00000000 		.4byte	cfg_memset_list.4893
 635 0261 15       		.uleb128 0x15
 636 0262 3A020000 		.4byte	0x23a
 637 0266 17       		.uleb128 0x17
 638 0267 6900     		.ascii	"i\000"
 639 0269 01       		.byte	0x1
 640 026a 1B01     		.2byte	0x11b
 641 026c 8D000000 		.4byte	0x8d
 642 0270 4D000000 		.4byte	.LLST2
 643 0274 18       		.uleb128 0x18
 644 0275 C2000000 		.4byte	.LBB3
 645 0279 1C000000 		.4byte	.LBE3-.LBB3
 646 027d 17       		.uleb128 0x17
 647 027e 6D7300   		.ascii	"ms\000"
 648 0281 01       		.byte	0x1
 649 0282 2001     		.2byte	0x120
 650 0284 8C020000 		.4byte	0x28c
 651 0288 77000000 		.4byte	.LLST3
 652 028c 19       		.uleb128 0x19
 653 028d 04       		.byte	0x4
 654 028e 4A020000 		.4byte	0x24a
 655 0292 0B       		.uleb128 0xb
 656 0293 DE000000 		.4byte	.LVL13
 657 0297 F2000000 		.4byte	0xf2
 658 029b 0C       		.uleb128 0xc
 659 029c 01       		.uleb128 0x1
 660 029d 51       		.byte	0x51
 661 029e 15       		.uleb128 0x15
 662 029f 74       		.byte	0x74
 663 02a0 00       		.sleb128 0
 664 02a1 31       		.byte	0x31
 665 02a2 24       		.byte	0x24
 666 02a3 74       		.byte	0x74
 667 02a4 00       		.sleb128 0
 668 02a5 22       		.byte	0x22
 669 02a6 31       		.byte	0x31
 670 02a7 24       		.byte	0x24
 671 02a8 03       		.byte	0x3
 672 02a9 04000000 		.4byte	.LANCHOR0+4
 673 02ad 22       		.byte	0x22
 674 02ae 94       		.byte	0x94
 675 02af 02       		.byte	0x2
 676 02b0 0A       		.byte	0xa
 677 02b1 FFFF     		.2byte	0xffff
 678 02b3 1A       		.byte	0x1a
 679 02b4 00       		.byte	0
 680 02b5 00       		.byte	0
 681 02b6 00       		.byte	0
ARM GAS  C:\Users\jon\AppData\Local\Temp\ccr6BZ9r.s 			page 19


 682 02b7 0D       		.uleb128 0xd
 683 02b8 1A010000 		.4byte	.LVL16
 684 02bc 3F010000 		.4byte	0x13f
 685 02c0 0D       		.uleb128 0xd
 686 02c1 1E010000 		.4byte	.LVL17
 687 02c5 E1000000 		.4byte	0xe1
 688 02c9 00       		.byte	0
 689 02ca 1A       		.uleb128 0x1a
 690 02cb D2000000 		.4byte	.LASF39
 691 02cf D2000000 		.4byte	.LASF39
 692 02d3 1B       		.uleb128 0x1b
 693 02d4 A9000000 		.4byte	.LASF26
 694 02d8 A9000000 		.4byte	.LASF26
 695 02dc 04       		.byte	0x4
 696 02dd 4E       		.byte	0x4e
 697 02de 1B       		.uleb128 0x1b
 698 02df 00000000 		.4byte	.LASF27
 699 02e3 00000000 		.4byte	.LASF27
 700 02e7 05       		.byte	0x5
 701 02e8 DC       		.byte	0xdc
 702 02e9 1B       		.uleb128 0x1b
 703 02ea 74000000 		.4byte	.LASF28
 704 02ee 74000000 		.4byte	.LASF28
 705 02f2 04       		.byte	0x4
 706 02f3 50       		.byte	0x50
 707 02f4 1B       		.uleb128 0x1b
 708 02f5 0F020000 		.4byte	.LASF29
 709 02f9 0F020000 		.4byte	.LASF29
 710 02fd 05       		.byte	0x5
 711 02fe 6C       		.byte	0x6c
 712 02ff 1B       		.uleb128 0x1b
 713 0300 F4010000 		.4byte	.LASF30
 714 0304 F4010000 		.4byte	.LASF30
 715 0308 05       		.byte	0x5
 716 0309 84       		.byte	0x84
 717 030a 1B       		.uleb128 0x1b
 718 030b E5010000 		.4byte	.LASF31
 719 030f E5010000 		.4byte	.LASF31
 720 0313 05       		.byte	0x5
 721 0314 DA       		.byte	0xda
 722 0315 1B       		.uleb128 0x1b
 723 0316 2C000000 		.4byte	.LASF32
 724 031a 2C000000 		.4byte	.LASF32
 725 031e 05       		.byte	0x5
 726 031f BD       		.byte	0xbd
 727 0320 1B       		.uleb128 0x1b
 728 0321 E0000000 		.4byte	.LASF33
 729 0325 E0000000 		.4byte	.LASF33
 730 0329 05       		.byte	0x5
 731 032a C3       		.byte	0xc3
 732 032b 00       		.byte	0
 733              		.section	.debug_abbrev,"",%progbits
 734              	.Ldebug_abbrev0:
 735 0000 01       		.uleb128 0x1
 736 0001 11       		.uleb128 0x11
 737 0002 01       		.byte	0x1
 738 0003 25       		.uleb128 0x25
ARM GAS  C:\Users\jon\AppData\Local\Temp\ccr6BZ9r.s 			page 20


 739 0004 0E       		.uleb128 0xe
 740 0005 13       		.uleb128 0x13
 741 0006 0B       		.uleb128 0xb
 742 0007 03       		.uleb128 0x3
 743 0008 0E       		.uleb128 0xe
 744 0009 1B       		.uleb128 0x1b
 745 000a 0E       		.uleb128 0xe
 746 000b 55       		.uleb128 0x55
 747 000c 17       		.uleb128 0x17
 748 000d 11       		.uleb128 0x11
 749 000e 01       		.uleb128 0x1
 750 000f 10       		.uleb128 0x10
 751 0010 17       		.uleb128 0x17
 752 0011 00       		.byte	0
 753 0012 00       		.byte	0
 754 0013 02       		.uleb128 0x2
 755 0014 24       		.uleb128 0x24
 756 0015 00       		.byte	0
 757 0016 0B       		.uleb128 0xb
 758 0017 0B       		.uleb128 0xb
 759 0018 3E       		.uleb128 0x3e
 760 0019 0B       		.uleb128 0xb
 761 001a 03       		.uleb128 0x3
 762 001b 08       		.uleb128 0x8
 763 001c 00       		.byte	0
 764 001d 00       		.byte	0
 765 001e 03       		.uleb128 0x3
 766 001f 16       		.uleb128 0x16
 767 0020 00       		.byte	0
 768 0021 03       		.uleb128 0x3
 769 0022 0E       		.uleb128 0xe
 770 0023 3A       		.uleb128 0x3a
 771 0024 0B       		.uleb128 0xb
 772 0025 3B       		.uleb128 0x3b
 773 0026 0B       		.uleb128 0xb
 774 0027 49       		.uleb128 0x49
 775 0028 13       		.uleb128 0x13
 776 0029 00       		.byte	0
 777 002a 00       		.byte	0
 778 002b 04       		.uleb128 0x4
 779 002c 24       		.uleb128 0x24
 780 002d 00       		.byte	0
 781 002e 0B       		.uleb128 0xb
 782 002f 0B       		.uleb128 0xb
 783 0030 3E       		.uleb128 0x3e
 784 0031 0B       		.uleb128 0xb
 785 0032 03       		.uleb128 0x3
 786 0033 0E       		.uleb128 0xe
 787 0034 00       		.byte	0
 788 0035 00       		.byte	0
 789 0036 05       		.uleb128 0x5
 790 0037 0F       		.uleb128 0xf
 791 0038 00       		.byte	0
 792 0039 0B       		.uleb128 0xb
 793 003a 0B       		.uleb128 0xb
 794 003b 00       		.byte	0
 795 003c 00       		.byte	0
ARM GAS  C:\Users\jon\AppData\Local\Temp\ccr6BZ9r.s 			page 21


 796 003d 06       		.uleb128 0x6
 797 003e 16       		.uleb128 0x16
 798 003f 00       		.byte	0
 799 0040 03       		.uleb128 0x3
 800 0041 0E       		.uleb128 0xe
 801 0042 3A       		.uleb128 0x3a
 802 0043 0B       		.uleb128 0xb
 803 0044 3B       		.uleb128 0x3b
 804 0045 05       		.uleb128 0x5
 805 0046 49       		.uleb128 0x49
 806 0047 13       		.uleb128 0x13
 807 0048 00       		.byte	0
 808 0049 00       		.byte	0
 809 004a 07       		.uleb128 0x7
 810 004b 35       		.uleb128 0x35
 811 004c 00       		.byte	0
 812 004d 49       		.uleb128 0x49
 813 004e 13       		.uleb128 0x13
 814 004f 00       		.byte	0
 815 0050 00       		.byte	0
 816 0051 08       		.uleb128 0x8
 817 0052 2E       		.uleb128 0x2e
 818 0053 00       		.byte	0
 819 0054 03       		.uleb128 0x3
 820 0055 0E       		.uleb128 0xe
 821 0056 3A       		.uleb128 0x3a
 822 0057 0B       		.uleb128 0xb
 823 0058 3B       		.uleb128 0x3b
 824 0059 0B       		.uleb128 0xb
 825 005a 27       		.uleb128 0x27
 826 005b 19       		.uleb128 0x19
 827 005c 11       		.uleb128 0x11
 828 005d 01       		.uleb128 0x1
 829 005e 12       		.uleb128 0x12
 830 005f 06       		.uleb128 0x6
 831 0060 40       		.uleb128 0x40
 832 0061 18       		.uleb128 0x18
 833 0062 9742     		.uleb128 0x2117
 834 0064 19       		.uleb128 0x19
 835 0065 00       		.byte	0
 836 0066 00       		.byte	0
 837 0067 09       		.uleb128 0x9
 838 0068 2E       		.uleb128 0x2e
 839 0069 01       		.byte	0x1
 840 006a 03       		.uleb128 0x3
 841 006b 0E       		.uleb128 0xe
 842 006c 3A       		.uleb128 0x3a
 843 006d 0B       		.uleb128 0xb
 844 006e 3B       		.uleb128 0x3b
 845 006f 0B       		.uleb128 0xb
 846 0070 27       		.uleb128 0x27
 847 0071 19       		.uleb128 0x19
 848 0072 11       		.uleb128 0x11
 849 0073 01       		.uleb128 0x1
 850 0074 12       		.uleb128 0x12
 851 0075 06       		.uleb128 0x6
 852 0076 40       		.uleb128 0x40
ARM GAS  C:\Users\jon\AppData\Local\Temp\ccr6BZ9r.s 			page 22


 853 0077 18       		.uleb128 0x18
 854 0078 9742     		.uleb128 0x2117
 855 007a 19       		.uleb128 0x19
 856 007b 01       		.uleb128 0x1
 857 007c 13       		.uleb128 0x13
 858 007d 00       		.byte	0
 859 007e 00       		.byte	0
 860 007f 0A       		.uleb128 0xa
 861 0080 05       		.uleb128 0x5
 862 0081 00       		.byte	0
 863 0082 03       		.uleb128 0x3
 864 0083 08       		.uleb128 0x8
 865 0084 3A       		.uleb128 0x3a
 866 0085 0B       		.uleb128 0xb
 867 0086 3B       		.uleb128 0x3b
 868 0087 0B       		.uleb128 0xb
 869 0088 49       		.uleb128 0x49
 870 0089 13       		.uleb128 0x13
 871 008a 02       		.uleb128 0x2
 872 008b 17       		.uleb128 0x17
 873 008c 00       		.byte	0
 874 008d 00       		.byte	0
 875 008e 0B       		.uleb128 0xb
 876 008f 898201   		.uleb128 0x4109
 877 0092 01       		.byte	0x1
 878 0093 11       		.uleb128 0x11
 879 0094 01       		.uleb128 0x1
 880 0095 31       		.uleb128 0x31
 881 0096 13       		.uleb128 0x13
 882 0097 00       		.byte	0
 883 0098 00       		.byte	0
 884 0099 0C       		.uleb128 0xc
 885 009a 8A8201   		.uleb128 0x410a
 886 009d 00       		.byte	0
 887 009e 02       		.uleb128 0x2
 888 009f 18       		.uleb128 0x18
 889 00a0 9142     		.uleb128 0x2111
 890 00a2 18       		.uleb128 0x18
 891 00a3 00       		.byte	0
 892 00a4 00       		.byte	0
 893 00a5 0D       		.uleb128 0xd
 894 00a6 898201   		.uleb128 0x4109
 895 00a9 00       		.byte	0
 896 00aa 11       		.uleb128 0x11
 897 00ab 01       		.uleb128 0x1
 898 00ac 31       		.uleb128 0x31
 899 00ad 13       		.uleb128 0x13
 900 00ae 00       		.byte	0
 901 00af 00       		.byte	0
 902 00b0 0E       		.uleb128 0xe
 903 00b1 898201   		.uleb128 0x4109
 904 00b4 01       		.byte	0x1
 905 00b5 11       		.uleb128 0x11
 906 00b6 01       		.uleb128 0x1
 907 00b7 31       		.uleb128 0x31
 908 00b8 13       		.uleb128 0x13
 909 00b9 01       		.uleb128 0x1
ARM GAS  C:\Users\jon\AppData\Local\Temp\ccr6BZ9r.s 			page 23


 910 00ba 13       		.uleb128 0x13
 911 00bb 00       		.byte	0
 912 00bc 00       		.byte	0
 913 00bd 0F       		.uleb128 0xf
 914 00be 2E       		.uleb128 0x2e
 915 00bf 01       		.byte	0x1
 916 00c0 3F       		.uleb128 0x3f
 917 00c1 19       		.uleb128 0x19
 918 00c2 03       		.uleb128 0x3
 919 00c3 0E       		.uleb128 0xe
 920 00c4 3A       		.uleb128 0x3a
 921 00c5 0B       		.uleb128 0xb
 922 00c6 3B       		.uleb128 0x3b
 923 00c7 05       		.uleb128 0x5
 924 00c8 27       		.uleb128 0x27
 925 00c9 19       		.uleb128 0x19
 926 00ca 11       		.uleb128 0x11
 927 00cb 01       		.uleb128 0x1
 928 00cc 12       		.uleb128 0x12
 929 00cd 06       		.uleb128 0x6
 930 00ce 40       		.uleb128 0x40
 931 00cf 18       		.uleb128 0x18
 932 00d0 9742     		.uleb128 0x2117
 933 00d2 19       		.uleb128 0x19
 934 00d3 01       		.uleb128 0x1
 935 00d4 13       		.uleb128 0x13
 936 00d5 00       		.byte	0
 937 00d6 00       		.byte	0
 938 00d7 10       		.uleb128 0x10
 939 00d8 0B       		.uleb128 0xb
 940 00d9 01       		.byte	0x1
 941 00da 11       		.uleb128 0x11
 942 00db 01       		.uleb128 0x1
 943 00dc 12       		.uleb128 0x12
 944 00dd 06       		.uleb128 0x6
 945 00de 01       		.uleb128 0x1
 946 00df 13       		.uleb128 0x13
 947 00e0 00       		.byte	0
 948 00e1 00       		.byte	0
 949 00e2 11       		.uleb128 0x11
 950 00e3 13       		.uleb128 0x13
 951 00e4 01       		.byte	0x1
 952 00e5 0B       		.uleb128 0xb
 953 00e6 0B       		.uleb128 0xb
 954 00e7 3A       		.uleb128 0x3a
 955 00e8 0B       		.uleb128 0xb
 956 00e9 3B       		.uleb128 0x3b
 957 00ea 05       		.uleb128 0x5
 958 00eb 01       		.uleb128 0x1
 959 00ec 13       		.uleb128 0x13
 960 00ed 00       		.byte	0
 961 00ee 00       		.byte	0
 962 00ef 12       		.uleb128 0x12
 963 00f0 0D       		.uleb128 0xd
 964 00f1 00       		.byte	0
 965 00f2 03       		.uleb128 0x3
 966 00f3 0E       		.uleb128 0xe
ARM GAS  C:\Users\jon\AppData\Local\Temp\ccr6BZ9r.s 			page 24


 967 00f4 3A       		.uleb128 0x3a
 968 00f5 0B       		.uleb128 0xb
 969 00f6 3B       		.uleb128 0x3b
 970 00f7 05       		.uleb128 0x5
 971 00f8 49       		.uleb128 0x49
 972 00f9 13       		.uleb128 0x13
 973 00fa 38       		.uleb128 0x38
 974 00fb 0B       		.uleb128 0xb
 975 00fc 00       		.byte	0
 976 00fd 00       		.byte	0
 977 00fe 13       		.uleb128 0x13
 978 00ff 01       		.uleb128 0x1
 979 0100 01       		.byte	0x1
 980 0101 49       		.uleb128 0x49
 981 0102 13       		.uleb128 0x13
 982 0103 01       		.uleb128 0x1
 983 0104 13       		.uleb128 0x13
 984 0105 00       		.byte	0
 985 0106 00       		.byte	0
 986 0107 14       		.uleb128 0x14
 987 0108 21       		.uleb128 0x21
 988 0109 00       		.byte	0
 989 010a 49       		.uleb128 0x49
 990 010b 13       		.uleb128 0x13
 991 010c 2F       		.uleb128 0x2f
 992 010d 0B       		.uleb128 0xb
 993 010e 00       		.byte	0
 994 010f 00       		.byte	0
 995 0110 15       		.uleb128 0x15
 996 0111 26       		.uleb128 0x26
 997 0112 00       		.byte	0
 998 0113 49       		.uleb128 0x49
 999 0114 13       		.uleb128 0x13
 1000 0115 00       		.byte	0
 1001 0116 00       		.byte	0
 1002 0117 16       		.uleb128 0x16
 1003 0118 34       		.uleb128 0x34
 1004 0119 00       		.byte	0
 1005 011a 03       		.uleb128 0x3
 1006 011b 0E       		.uleb128 0xe
 1007 011c 3A       		.uleb128 0x3a
 1008 011d 0B       		.uleb128 0xb
 1009 011e 3B       		.uleb128 0x3b
 1010 011f 05       		.uleb128 0x5
 1011 0120 49       		.uleb128 0x49
 1012 0121 13       		.uleb128 0x13
 1013 0122 02       		.uleb128 0x2
 1014 0123 18       		.uleb128 0x18
 1015 0124 00       		.byte	0
 1016 0125 00       		.byte	0
 1017 0126 17       		.uleb128 0x17
 1018 0127 34       		.uleb128 0x34
 1019 0128 00       		.byte	0
 1020 0129 03       		.uleb128 0x3
 1021 012a 08       		.uleb128 0x8
 1022 012b 3A       		.uleb128 0x3a
 1023 012c 0B       		.uleb128 0xb
ARM GAS  C:\Users\jon\AppData\Local\Temp\ccr6BZ9r.s 			page 25


 1024 012d 3B       		.uleb128 0x3b
 1025 012e 05       		.uleb128 0x5
 1026 012f 49       		.uleb128 0x49
 1027 0130 13       		.uleb128 0x13
 1028 0131 02       		.uleb128 0x2
 1029 0132 17       		.uleb128 0x17
 1030 0133 00       		.byte	0
 1031 0134 00       		.byte	0
 1032 0135 18       		.uleb128 0x18
 1033 0136 0B       		.uleb128 0xb
 1034 0137 01       		.byte	0x1
 1035 0138 11       		.uleb128 0x11
 1036 0139 01       		.uleb128 0x1
 1037 013a 12       		.uleb128 0x12
 1038 013b 06       		.uleb128 0x6
 1039 013c 00       		.byte	0
 1040 013d 00       		.byte	0
 1041 013e 19       		.uleb128 0x19
 1042 013f 0F       		.uleb128 0xf
 1043 0140 00       		.byte	0
 1044 0141 0B       		.uleb128 0xb
 1045 0142 0B       		.uleb128 0xb
 1046 0143 49       		.uleb128 0x49
 1047 0144 13       		.uleb128 0x13
 1048 0145 00       		.byte	0
 1049 0146 00       		.byte	0
 1050 0147 1A       		.uleb128 0x1a
 1051 0148 2E       		.uleb128 0x2e
 1052 0149 00       		.byte	0
 1053 014a 3F       		.uleb128 0x3f
 1054 014b 19       		.uleb128 0x19
 1055 014c 3C       		.uleb128 0x3c
 1056 014d 19       		.uleb128 0x19
 1057 014e 6E       		.uleb128 0x6e
 1058 014f 0E       		.uleb128 0xe
 1059 0150 03       		.uleb128 0x3
 1060 0151 0E       		.uleb128 0xe
 1061 0152 00       		.byte	0
 1062 0153 00       		.byte	0
 1063 0154 1B       		.uleb128 0x1b
 1064 0155 2E       		.uleb128 0x2e
 1065 0156 00       		.byte	0
 1066 0157 3F       		.uleb128 0x3f
 1067 0158 19       		.uleb128 0x19
 1068 0159 3C       		.uleb128 0x3c
 1069 015a 19       		.uleb128 0x19
 1070 015b 6E       		.uleb128 0x6e
 1071 015c 0E       		.uleb128 0xe
 1072 015d 03       		.uleb128 0x3
 1073 015e 0E       		.uleb128 0xe
 1074 015f 3A       		.uleb128 0x3a
 1075 0160 0B       		.uleb128 0xb
 1076 0161 3B       		.uleb128 0x3b
 1077 0162 0B       		.uleb128 0xb
 1078 0163 00       		.byte	0
 1079 0164 00       		.byte	0
 1080 0165 00       		.byte	0
ARM GAS  C:\Users\jon\AppData\Local\Temp\ccr6BZ9r.s 			page 26


 1081              		.section	.debug_loc,"",%progbits
 1082              	.Ldebug_loc0:
 1083              	.LLST0:
 1084 0000 00000000 		.4byte	.LVL0
 1085 0004 09000000 		.4byte	.LVL2-1
 1086 0008 0100     		.2byte	0x1
 1087 000a 50       		.byte	0x50
 1088 000b 09000000 		.4byte	.LVL2-1
 1089 000f 0C000000 		.4byte	.LFE2
 1090 0013 0400     		.2byte	0x4
 1091 0015 F3       		.byte	0xf3
 1092 0016 01       		.uleb128 0x1
 1093 0017 50       		.byte	0x50
 1094 0018 9F       		.byte	0x9f
 1095 0019 00000000 		.4byte	0
 1096 001d 00000000 		.4byte	0
 1097              	.LLST1:
 1098 0021 00000000 		.4byte	.LVL0
 1099 0025 06000000 		.4byte	.LVL1
 1100 0029 0100     		.2byte	0x1
 1101 002b 51       		.byte	0x51
 1102 002c 06000000 		.4byte	.LVL1
 1103 0030 09000000 		.4byte	.LVL2-1
 1104 0034 0100     		.2byte	0x1
 1105 0036 52       		.byte	0x52
 1106 0037 09000000 		.4byte	.LVL2-1
 1107 003b 0C000000 		.4byte	.LFE2
 1108 003f 0400     		.2byte	0x4
 1109 0041 F3       		.byte	0xf3
 1110 0042 01       		.uleb128 0x1
 1111 0043 51       		.byte	0x51
 1112 0044 9F       		.byte	0x9f
 1113 0045 00000000 		.4byte	0
 1114 0049 00000000 		.4byte	0
 1115              	.LLST2:
 1116 004d BE000000 		.4byte	.LVL11
 1117 0051 C2000000 		.4byte	.LVL12
 1118 0055 0200     		.2byte	0x2
 1119 0057 30       		.byte	0x30
 1120 0058 9F       		.byte	0x9f
 1121 0059 C2000000 		.4byte	.LVL12
 1122 005d E0000000 		.4byte	.LVL14
 1123 0061 0100     		.2byte	0x1
 1124 0063 54       		.byte	0x54
 1125 0064 E2000000 		.4byte	.LVL15
 1126 0068 1E010000 		.4byte	.LVL18
 1127 006c 0100     		.2byte	0x1
 1128 006e 54       		.byte	0x54
 1129 006f 00000000 		.4byte	0
 1130 0073 00000000 		.4byte	0
 1131              	.LLST3:
 1132 0077 C2000000 		.4byte	.LVL12
 1133 007b E0000000 		.4byte	.LVL14
 1134 007f 0B00     		.2byte	0xb
 1135 0081 74       		.byte	0x74
 1136 0082 00       		.sleb128 0
 1137 0083 36       		.byte	0x36
ARM GAS  C:\Users\jon\AppData\Local\Temp\ccr6BZ9r.s 			page 27


 1138 0084 1E       		.byte	0x1e
 1139 0085 03       		.byte	0x3
 1140 0086 00000000 		.4byte	cfg_memset_list.4893
 1141 008a 22       		.byte	0x22
 1142 008b 9F       		.byte	0x9f
 1143 008c E0000000 		.4byte	.LVL14
 1144 0090 E2000000 		.4byte	.LVL15
 1145 0094 0B00     		.2byte	0xb
 1146 0096 74       		.byte	0x74
 1147 0097 7F       		.sleb128 -1
 1148 0098 36       		.byte	0x36
 1149 0099 1E       		.byte	0x1e
 1150 009a 03       		.byte	0x3
 1151 009b 00000000 		.4byte	cfg_memset_list.4893
 1152 009f 22       		.byte	0x22
 1153 00a0 9F       		.byte	0x9f
 1154 00a1 00000000 		.4byte	0
 1155 00a5 00000000 		.4byte	0
 1156              		.section	.debug_aranges,"",%progbits
 1157 0000 34000000 		.4byte	0x34
 1158 0004 0200     		.2byte	0x2
 1159 0006 00000000 		.4byte	.Ldebug_info0
 1160 000a 04       		.byte	0x4
 1161 000b 00       		.byte	0
 1162 000c 0000     		.2byte	0
 1163 000e 0000     		.2byte	0
 1164 0010 00000000 		.4byte	.LFB6
 1165 0014 20000000 		.4byte	.LFE6-.LFB6
 1166 0018 00000000 		.4byte	.LFB2
 1167 001c 0C000000 		.4byte	.LFE2-.LFB2
 1168 0020 00000000 		.4byte	.LFB5
 1169 0024 B4000000 		.4byte	.LFE5-.LFB5
 1170 0028 B4000000 		.4byte	.LFB7
 1171 002c 8C000000 		.4byte	.LFE7-.LFB7
 1172 0030 00000000 		.4byte	0
 1173 0034 00000000 		.4byte	0
 1174              		.section	.debug_ranges,"",%progbits
 1175              	.Ldebug_ranges0:
 1176 0000 00000000 		.4byte	.LFB6
 1177 0004 20000000 		.4byte	.LFE6
 1178 0008 00000000 		.4byte	.LFB2
 1179 000c 0C000000 		.4byte	.LFE2
 1180 0010 00000000 		.4byte	.LFB5
 1181 0014 B4000000 		.4byte	.LFE5
 1182 0018 B4000000 		.4byte	.LFB7
 1183 001c 40010000 		.4byte	.LFE7
 1184 0020 00000000 		.4byte	0
 1185 0024 00000000 		.4byte	0
 1186              		.section	.debug_line,"",%progbits
 1187              	.Ldebug_line0:
 1188 0000 55010000 		.section	.debug_str,"MS",%progbits,1
 1188      0200E300 
 1188      00000201 
 1188      FB0E0D00 
 1188      01010101 
 1189              	.LASF27:
 1190 0000 43794465 		.ascii	"CyDelayCycles\000"
ARM GAS  C:\Users\jon\AppData\Local\Temp\ccr6BZ9r.s 			page 28


 1190      6C617943 
 1190      79636C65 
 1190      7300
 1191              	.LASF19:
 1192 000e 72656733 		.ascii	"reg32\000"
 1192      3200
 1193              	.LASF12:
 1194 0014 73697A65 		.ascii	"size_t\000"
 1194      5F7400
 1195              	.LASF37:
 1196 001b 416E616C 		.ascii	"AnalogSetDefault\000"
 1196      6F675365 
 1196      74446566 
 1196      61756C74 
 1196      00
 1197              	.LASF32:
 1198 002c 4379496E 		.ascii	"CyIntSetVector\000"
 1198      74536574 
 1198      56656374 
 1198      6F7200
 1199              	.LASF25:
 1200 003b 6366675F 		.ascii	"cfg_memset_list\000"
 1200      6D656D73 
 1200      65745F6C 
 1200      69737400 
 1201              	.LASF21:
 1202 004b 436C6F63 		.ascii	"ClockSetup\000"
 1202      6B536574 
 1202      757000
 1203              	.LASF6:
 1204 0056 73686F72 		.ascii	"short unsigned int\000"
 1204      7420756E 
 1204      7369676E 
 1204      65642069 
 1204      6E7400
 1205              	.LASF16:
 1206 0069 666C6F61 		.ascii	"float\000"
 1206      7400
 1207              	.LASF23:
 1208 006f 73697A65 		.ascii	"size\000"
 1208      00
 1209              	.LASF28:
 1210 0074 43795379 		.ascii	"CySysClkWcoSetPowerMode\000"
 1210      73436C6B 
 1210      57636F53 
 1210      6574506F 
 1210      7765724D 
 1211              	.LASF18:
 1212 008c 72656738 		.ascii	"reg8\000"
 1212      00
 1213              	.LASF8:
 1214 0091 6C6F6E67 		.ascii	"long unsigned int\000"
 1214      20756E73 
 1214      69676E65 
 1214      6420696E 
 1214      7400
 1215              	.LASF13:
ARM GAS  C:\Users\jon\AppData\Local\Temp\ccr6BZ9r.s 			page 29


 1216 00a3 75696E74 		.ascii	"uint8\000"
 1216      3800
 1217              	.LASF26:
 1218 00a9 43795379 		.ascii	"CySysClkWcoStart\000"
 1218      73436C6B 
 1218      57636F53 
 1218      74617274 
 1218      00
 1219              	.LASF20:
 1220 00ba 43594D45 		.ascii	"CYMEMZERO\000"
 1220      4D5A4552 
 1220      4F00
 1221              	.LASF4:
 1222 00c4 756E7369 		.ascii	"unsigned char\000"
 1222      676E6564 
 1222      20636861 
 1222      7200
 1223              	.LASF39:
 1224 00d2 6D656D73 		.ascii	"memset\000"
 1224      657400
 1225              	.LASF17:
 1226 00d9 646F7562 		.ascii	"double\000"
 1226      6C6500
 1227              	.LASF33:
 1228 00e0 4379496E 		.ascii	"CyIntEnable\000"
 1228      74456E61 
 1228      626C6500 
 1229              	.LASF14:
 1230 00ec 75696E74 		.ascii	"uint16\000"
 1230      313600
 1231              	.LASF15:
 1232 00f3 75696E74 		.ascii	"uint32\000"
 1232      333200
 1233              	.LASF0:
 1234 00fa 756E7369 		.ascii	"unsigned int\000"
 1234      676E6564 
 1234      20696E74 
 1234      00
 1235              	.LASF38:
 1236 0107 63796669 		.ascii	"cyfitter_cfg\000"
 1236      74746572 
 1236      5F636667 
 1236      00
 1237              	.LASF22:
 1238 0114 61646472 		.ascii	"address\000"
 1238      65737300 
 1239              	.LASF9:
 1240 011c 6C6F6E67 		.ascii	"long long unsigned int\000"
 1240      206C6F6E 
 1240      6720756E 
 1240      7369676E 
 1240      65642069 
 1241              	.LASF34:
 1242 0133 474E5520 		.ascii	"GNU C11 5.4.1 20160609 (release) [ARM/embedded-5-br"
 1242      43313120 
 1242      352E342E 
 1242      31203230 
ARM GAS  C:\Users\jon\AppData\Local\Temp\ccr6BZ9r.s 			page 30


 1242      31363036 
 1243 0166 616E6368 		.ascii	"anch revision 237715] -mcpu=cortex-m0 -mthumb -g -O"
 1243      20726576 
 1243      6973696F 
 1243      6E203233 
 1243      37373135 
 1244 0199 67202D66 		.ascii	"g -ffunction-sections -ffat-lto-objects\000"
 1244      66756E63 
 1244      74696F6E 
 1244      2D736563 
 1244      74696F6E 
 1245              	.LASF24:
 1246 01c1 6366675F 		.ascii	"cfg_memset_t\000"
 1246      6D656D73 
 1246      65745F74 
 1246      00
 1247              	.LASF10:
 1248 01ce 73697A65 		.ascii	"sizetype\000"
 1248      74797065 
 1248      00
 1249              	.LASF1:
 1250 01d7 6C6F6E67 		.ascii	"long long int\000"
 1250      206C6F6E 
 1250      6720696E 
 1250      7400
 1251              	.LASF31:
 1252 01e5 43794465 		.ascii	"CyDelayUs\000"
 1252      6C617955 
 1252      7300
 1253              	.LASF11:
 1254 01ef 63686172 		.ascii	"char\000"
 1254      00
 1255              	.LASF30:
 1256 01f4 43795379 		.ascii	"CySysClkEcoStart\000"
 1256      73436C6B 
 1256      45636F53 
 1256      74617274 
 1256      00
 1257              	.LASF5:
 1258 0205 73686F72 		.ascii	"short int\000"
 1258      7420696E 
 1258      7400
 1259              	.LASF29:
 1260 020f 43795379 		.ascii	"CySysClkWriteImoFreq\000"
 1260      73436C6B 
 1260      57726974 
 1260      65496D6F 
 1260      46726571 
 1261              	.LASF36:
 1262 0224 433A5C55 		.ascii	"C:\\Users\\jon\\Documents\\Alia\\PSoC-4-BLE-Button-"
 1262      73657273 
 1262      5C6A6F6E 
 1262      5C446F63 
 1262      756D656E 
 1263 0252 44656D6F 		.ascii	"Demo\\Server.cydsn\000"
 1263      5C536572 
 1263      7665722E 
ARM GAS  C:\Users\jon\AppData\Local\Temp\ccr6BZ9r.s 			page 31


 1263      63796473 
 1263      6E00
 1264              	.LASF7:
 1265 0264 6C6F6E67 		.ascii	"long int\000"
 1265      20696E74 
 1265      00
 1266              	.LASF2:
 1267 026d 6C6F6E67 		.ascii	"long double\000"
 1267      20646F75 
 1267      626C6500 
 1268              	.LASF3:
 1269 0279 7369676E 		.ascii	"signed char\000"
 1269      65642063 
 1269      68617200 
 1270              	.LASF35:
 1271 0285 47656E65 		.ascii	"Generated_Source\\PSoC4\\cyfitter_cfg.c\000"
 1271      72617465 
 1271      645F536F 
 1271      75726365 
 1271      5C50536F 
 1272              		.ident	"GCC: (GNU Tools for ARM Embedded Processors) 5.4.1 20160609 (release) [ARM/embedded-5-bran
