ARM GAS  C:\Users\jon\AppData\Local\Temp\ccFuBltb.s 			page 1


   1              		.syntax unified
   2              		.cpu cortex-m0
   3              		.fpu softvfp
   4              		.eabi_attribute 20, 1
   5              		.eabi_attribute 21, 1
   6              		.eabi_attribute 23, 3
   7              		.eabi_attribute 24, 1
   8              		.eabi_attribute 25, 1
   9              		.eabi_attribute 26, 1
  10              		.eabi_attribute 30, 1
  11              		.eabi_attribute 34, 0
  12              		.eabi_attribute 18, 4
  13              		.thumb
  14              		.syntax unified
  15              		.file	"cyfitter_cfg.c"
  16              		.text
  17              	.Ltext0:
  18              		.cfi_sections	.debug_frame
  19              		.section	.text.AnalogSetDefault,"ax",%progbits
  20              		.align	2
  21              		.code	16
  22              		.thumb_func
  23              		.type	AnalogSetDefault, %function
  24              	AnalogSetDefault:
  25              	.LFB6:
  26              		.file 1 "Generated_Source\\PSoC4\\cyfitter_cfg.c"
   1:Generated_Source\PSoC4/cyfitter_cfg.c **** 
   2:Generated_Source\PSoC4/cyfitter_cfg.c **** /*******************************************************************************
   3:Generated_Source\PSoC4/cyfitter_cfg.c **** * File Name: cyfitter_cfg.c
   4:Generated_Source\PSoC4/cyfitter_cfg.c **** * 
   5:Generated_Source\PSoC4/cyfitter_cfg.c **** * PSoC Creator  4.2
   6:Generated_Source\PSoC4/cyfitter_cfg.c **** *
   7:Generated_Source\PSoC4/cyfitter_cfg.c **** * Description:
   8:Generated_Source\PSoC4/cyfitter_cfg.c **** * This file contains device initialization code.
   9:Generated_Source\PSoC4/cyfitter_cfg.c **** * Except for the user defined sections in CyClockStartupError(), this file should not be modified.
  10:Generated_Source\PSoC4/cyfitter_cfg.c **** * This file is automatically generated by PSoC Creator.
  11:Generated_Source\PSoC4/cyfitter_cfg.c **** *
  12:Generated_Source\PSoC4/cyfitter_cfg.c **** ********************************************************************************
  13:Generated_Source\PSoC4/cyfitter_cfg.c **** * Copyright (c) 2007-2018 Cypress Semiconductor.  All rights reserved.
  14:Generated_Source\PSoC4/cyfitter_cfg.c **** * You may use this file only in accordance with the license, terms, conditions, 
  15:Generated_Source\PSoC4/cyfitter_cfg.c **** * disclaimers, and limitations in the end user license agreement accompanying 
  16:Generated_Source\PSoC4/cyfitter_cfg.c **** * the software package with which this file was provided.
  17:Generated_Source\PSoC4/cyfitter_cfg.c **** ********************************************************************************/
  18:Generated_Source\PSoC4/cyfitter_cfg.c **** 
  19:Generated_Source\PSoC4/cyfitter_cfg.c **** #include <string.h>
  20:Generated_Source\PSoC4/cyfitter_cfg.c **** #include "cytypes.h"
  21:Generated_Source\PSoC4/cyfitter_cfg.c **** #include "cydevice_trm.h"
  22:Generated_Source\PSoC4/cyfitter_cfg.c **** #include "cyfitter.h"
  23:Generated_Source\PSoC4/cyfitter_cfg.c **** #include "CyLib.h"
  24:Generated_Source\PSoC4/cyfitter_cfg.c **** #include "CyLFClk.h"
  25:Generated_Source\PSoC4/cyfitter_cfg.c **** #include "cyfitter_cfg.h"
  26:Generated_Source\PSoC4/cyfitter_cfg.c **** #include "cyapicallbacks.h"
  27:Generated_Source\PSoC4/cyfitter_cfg.c **** 
  28:Generated_Source\PSoC4/cyfitter_cfg.c **** 
  29:Generated_Source\PSoC4/cyfitter_cfg.c **** #if defined(__GNUC__) || defined(__ARMCC_VERSION)
  30:Generated_Source\PSoC4/cyfitter_cfg.c ****     #define CYPACKED 
  31:Generated_Source\PSoC4/cyfitter_cfg.c ****     #define CYPACKED_ATTR __attribute__ ((packed))
ARM GAS  C:\Users\jon\AppData\Local\Temp\ccFuBltb.s 			page 2


  32:Generated_Source\PSoC4/cyfitter_cfg.c ****     #define CYALIGNED __attribute__ ((aligned))
  33:Generated_Source\PSoC4/cyfitter_cfg.c ****     #define CY_CFG_UNUSED __attribute__ ((unused))
  34:Generated_Source\PSoC4/cyfitter_cfg.c ****     #ifndef CY_CFG_SECTION
  35:Generated_Source\PSoC4/cyfitter_cfg.c ****         #define CY_CFG_SECTION __attribute__ ((section(".psocinit")))
  36:Generated_Source\PSoC4/cyfitter_cfg.c ****     #endif
  37:Generated_Source\PSoC4/cyfitter_cfg.c ****     
  38:Generated_Source\PSoC4/cyfitter_cfg.c ****     #if defined(__ARMCC_VERSION)
  39:Generated_Source\PSoC4/cyfitter_cfg.c ****         #define CY_CFG_MEMORY_BARRIER() __memory_changed()
  40:Generated_Source\PSoC4/cyfitter_cfg.c ****     #else
  41:Generated_Source\PSoC4/cyfitter_cfg.c ****         #define CY_CFG_MEMORY_BARRIER() __sync_synchronize()
  42:Generated_Source\PSoC4/cyfitter_cfg.c ****     #endif
  43:Generated_Source\PSoC4/cyfitter_cfg.c ****     
  44:Generated_Source\PSoC4/cyfitter_cfg.c **** #elif defined(__ICCARM__)
  45:Generated_Source\PSoC4/cyfitter_cfg.c ****     #include <intrinsics.h>
  46:Generated_Source\PSoC4/cyfitter_cfg.c **** 
  47:Generated_Source\PSoC4/cyfitter_cfg.c ****     #define CYPACKED __packed
  48:Generated_Source\PSoC4/cyfitter_cfg.c ****     #define CYPACKED_ATTR 
  49:Generated_Source\PSoC4/cyfitter_cfg.c ****     #define CYALIGNED _Pragma("data_alignment=4")
  50:Generated_Source\PSoC4/cyfitter_cfg.c ****     #define CY_CFG_UNUSED _Pragma("diag_suppress=Pe177")
  51:Generated_Source\PSoC4/cyfitter_cfg.c ****     #define CY_CFG_SECTION _Pragma("location=\".psocinit\"")
  52:Generated_Source\PSoC4/cyfitter_cfg.c ****     
  53:Generated_Source\PSoC4/cyfitter_cfg.c ****     #define CY_CFG_MEMORY_BARRIER() __DMB()
  54:Generated_Source\PSoC4/cyfitter_cfg.c ****     
  55:Generated_Source\PSoC4/cyfitter_cfg.c **** #else
  56:Generated_Source\PSoC4/cyfitter_cfg.c ****     #error Unsupported toolchain
  57:Generated_Source\PSoC4/cyfitter_cfg.c **** #endif
  58:Generated_Source\PSoC4/cyfitter_cfg.c **** 
  59:Generated_Source\PSoC4/cyfitter_cfg.c **** #ifndef CYCODE
  60:Generated_Source\PSoC4/cyfitter_cfg.c ****     #define CYCODE
  61:Generated_Source\PSoC4/cyfitter_cfg.c **** #endif
  62:Generated_Source\PSoC4/cyfitter_cfg.c **** #ifndef CYDATA
  63:Generated_Source\PSoC4/cyfitter_cfg.c ****     #define CYDATA
  64:Generated_Source\PSoC4/cyfitter_cfg.c **** #endif
  65:Generated_Source\PSoC4/cyfitter_cfg.c **** #ifndef CYFAR
  66:Generated_Source\PSoC4/cyfitter_cfg.c ****     #define CYFAR
  67:Generated_Source\PSoC4/cyfitter_cfg.c **** #endif
  68:Generated_Source\PSoC4/cyfitter_cfg.c **** #ifndef CYXDATA
  69:Generated_Source\PSoC4/cyfitter_cfg.c ****     #define CYXDATA
  70:Generated_Source\PSoC4/cyfitter_cfg.c **** #endif
  71:Generated_Source\PSoC4/cyfitter_cfg.c **** 
  72:Generated_Source\PSoC4/cyfitter_cfg.c **** 
  73:Generated_Source\PSoC4/cyfitter_cfg.c **** CY_CFG_UNUSED
  74:Generated_Source\PSoC4/cyfitter_cfg.c **** static void CYMEMZERO(void *s, size_t n);
  75:Generated_Source\PSoC4/cyfitter_cfg.c **** CY_CFG_UNUSED
  76:Generated_Source\PSoC4/cyfitter_cfg.c **** static void CYMEMZERO(void *s, size_t n)
  77:Generated_Source\PSoC4/cyfitter_cfg.c **** {
  78:Generated_Source\PSoC4/cyfitter_cfg.c **** 	(void)memset(s, 0, n);
  79:Generated_Source\PSoC4/cyfitter_cfg.c **** }
  80:Generated_Source\PSoC4/cyfitter_cfg.c **** CY_CFG_UNUSED
  81:Generated_Source\PSoC4/cyfitter_cfg.c **** static void CYCONFIGCPY(void *dest, const void *src, size_t n);
  82:Generated_Source\PSoC4/cyfitter_cfg.c **** CY_CFG_UNUSED
  83:Generated_Source\PSoC4/cyfitter_cfg.c **** static void CYCONFIGCPY(void *dest, const void *src, size_t n)
  84:Generated_Source\PSoC4/cyfitter_cfg.c **** {
  85:Generated_Source\PSoC4/cyfitter_cfg.c **** 	(void)memcpy(dest, src, n);
  86:Generated_Source\PSoC4/cyfitter_cfg.c **** }
  87:Generated_Source\PSoC4/cyfitter_cfg.c **** CY_CFG_UNUSED
  88:Generated_Source\PSoC4/cyfitter_cfg.c **** static void CYCONFIGCPYCODE(void *dest, const void *src, size_t n);
ARM GAS  C:\Users\jon\AppData\Local\Temp\ccFuBltb.s 			page 3


  89:Generated_Source\PSoC4/cyfitter_cfg.c **** CY_CFG_UNUSED
  90:Generated_Source\PSoC4/cyfitter_cfg.c **** static void CYCONFIGCPYCODE(void *dest, const void *src, size_t n)
  91:Generated_Source\PSoC4/cyfitter_cfg.c **** {
  92:Generated_Source\PSoC4/cyfitter_cfg.c **** 	(void)memcpy(dest, src, n);
  93:Generated_Source\PSoC4/cyfitter_cfg.c **** }
  94:Generated_Source\PSoC4/cyfitter_cfg.c **** 
  95:Generated_Source\PSoC4/cyfitter_cfg.c **** 
  96:Generated_Source\PSoC4/cyfitter_cfg.c **** 
  97:Generated_Source\PSoC4/cyfitter_cfg.c **** 
  98:Generated_Source\PSoC4/cyfitter_cfg.c **** /* Clock startup error codes                                                   */
  99:Generated_Source\PSoC4/cyfitter_cfg.c **** #define CYCLOCKSTART_NO_ERROR    0u
 100:Generated_Source\PSoC4/cyfitter_cfg.c **** #define CYCLOCKSTART_XTAL_ERROR  1u
 101:Generated_Source\PSoC4/cyfitter_cfg.c **** #define CYCLOCKSTART_32KHZ_ERROR 2u
 102:Generated_Source\PSoC4/cyfitter_cfg.c **** #define CYCLOCKSTART_PLL_ERROR   3u
 103:Generated_Source\PSoC4/cyfitter_cfg.c **** #define CYCLOCKSTART_FLL_ERROR   4u
 104:Generated_Source\PSoC4/cyfitter_cfg.c **** #define CYCLOCKSTART_WCO_ERROR   5u
 105:Generated_Source\PSoC4/cyfitter_cfg.c **** 
 106:Generated_Source\PSoC4/cyfitter_cfg.c **** 
 107:Generated_Source\PSoC4/cyfitter_cfg.c **** #ifdef CY_NEED_CYCLOCKSTARTUPERROR
 108:Generated_Source\PSoC4/cyfitter_cfg.c **** /*******************************************************************************
 109:Generated_Source\PSoC4/cyfitter_cfg.c **** * Function Name: CyClockStartupError
 110:Generated_Source\PSoC4/cyfitter_cfg.c **** ********************************************************************************
 111:Generated_Source\PSoC4/cyfitter_cfg.c **** * Summary:
 112:Generated_Source\PSoC4/cyfitter_cfg.c **** *  If an error is encountered during clock configuration (crystal startup error,
 113:Generated_Source\PSoC4/cyfitter_cfg.c **** *  PLL lock error, etc.), the system will end up here.  Unless reimplemented by
 114:Generated_Source\PSoC4/cyfitter_cfg.c **** *  the customer, this function will stop in an infinite loop.
 115:Generated_Source\PSoC4/cyfitter_cfg.c **** *
 116:Generated_Source\PSoC4/cyfitter_cfg.c **** * Parameters:
 117:Generated_Source\PSoC4/cyfitter_cfg.c **** *   void
 118:Generated_Source\PSoC4/cyfitter_cfg.c **** *
 119:Generated_Source\PSoC4/cyfitter_cfg.c **** * Return:
 120:Generated_Source\PSoC4/cyfitter_cfg.c **** *   void
 121:Generated_Source\PSoC4/cyfitter_cfg.c **** *
 122:Generated_Source\PSoC4/cyfitter_cfg.c **** *******************************************************************************/
 123:Generated_Source\PSoC4/cyfitter_cfg.c **** CY_CFG_UNUSED
 124:Generated_Source\PSoC4/cyfitter_cfg.c **** static void CyClockStartupError(uint8 errorCode);
 125:Generated_Source\PSoC4/cyfitter_cfg.c **** CY_CFG_UNUSED
 126:Generated_Source\PSoC4/cyfitter_cfg.c **** static void CyClockStartupError(uint8 errorCode)
 127:Generated_Source\PSoC4/cyfitter_cfg.c **** {
 128:Generated_Source\PSoC4/cyfitter_cfg.c ****     /* To remove the compiler warning if errorCode not used.                */
 129:Generated_Source\PSoC4/cyfitter_cfg.c ****     errorCode = errorCode;
 130:Generated_Source\PSoC4/cyfitter_cfg.c **** 
 131:Generated_Source\PSoC4/cyfitter_cfg.c ****     /* If we have a clock startup error (bad MHz crystal, PLL lock, etc.),  */
 132:Generated_Source\PSoC4/cyfitter_cfg.c ****     /* we will end up here to allow the customer to implement something to  */
 133:Generated_Source\PSoC4/cyfitter_cfg.c ****     /* deal with the clock condition.                                       */
 134:Generated_Source\PSoC4/cyfitter_cfg.c **** 
 135:Generated_Source\PSoC4/cyfitter_cfg.c **** #ifdef CY_CFG_CLOCK_STARTUP_ERROR_CALLBACK
 136:Generated_Source\PSoC4/cyfitter_cfg.c ****     CY_CFG_Clock_Startup_ErrorCallback();
 137:Generated_Source\PSoC4/cyfitter_cfg.c **** #else
 138:Generated_Source\PSoC4/cyfitter_cfg.c ****     /*  If not using CY_CFG_CLOCK_STARTUP_ERROR_CALLBACK, place your clock startup code here. */
 139:Generated_Source\PSoC4/cyfitter_cfg.c ****     /* `#START CyClockStartupError` */
 140:Generated_Source\PSoC4/cyfitter_cfg.c **** 
 141:Generated_Source\PSoC4/cyfitter_cfg.c **** 
 142:Generated_Source\PSoC4/cyfitter_cfg.c **** 
 143:Generated_Source\PSoC4/cyfitter_cfg.c ****     /* `#END` */
 144:Generated_Source\PSoC4/cyfitter_cfg.c **** 
 145:Generated_Source\PSoC4/cyfitter_cfg.c ****     while(1) {}
ARM GAS  C:\Users\jon\AppData\Local\Temp\ccFuBltb.s 			page 4


 146:Generated_Source\PSoC4/cyfitter_cfg.c **** #endif /* CY_CFG_CLOCK_STARTUP_ERROR_CALLBACK */
 147:Generated_Source\PSoC4/cyfitter_cfg.c **** }
 148:Generated_Source\PSoC4/cyfitter_cfg.c **** #endif
 149:Generated_Source\PSoC4/cyfitter_cfg.c **** 
 150:Generated_Source\PSoC4/cyfitter_cfg.c **** 
 151:Generated_Source\PSoC4/cyfitter_cfg.c **** 
 152:Generated_Source\PSoC4/cyfitter_cfg.c **** /*******************************************************************************
 153:Generated_Source\PSoC4/cyfitter_cfg.c **** * Function Name: ClockSetup
 154:Generated_Source\PSoC4/cyfitter_cfg.c **** ********************************************************************************
 155:Generated_Source\PSoC4/cyfitter_cfg.c **** *
 156:Generated_Source\PSoC4/cyfitter_cfg.c **** * Summary:
 157:Generated_Source\PSoC4/cyfitter_cfg.c **** *   Performs the initialization of all of the clocks in the device based on the
 158:Generated_Source\PSoC4/cyfitter_cfg.c **** *   settings in the Clock tab of the DWR.  This includes enabling the requested
 159:Generated_Source\PSoC4/cyfitter_cfg.c **** *   clocks and setting the necessary dividers to produce the desired frequency. 
 160:Generated_Source\PSoC4/cyfitter_cfg.c **** *
 161:Generated_Source\PSoC4/cyfitter_cfg.c **** * Parameters:
 162:Generated_Source\PSoC4/cyfitter_cfg.c **** *   void
 163:Generated_Source\PSoC4/cyfitter_cfg.c **** *
 164:Generated_Source\PSoC4/cyfitter_cfg.c **** * Return:
 165:Generated_Source\PSoC4/cyfitter_cfg.c **** *   void
 166:Generated_Source\PSoC4/cyfitter_cfg.c **** *
 167:Generated_Source\PSoC4/cyfitter_cfg.c **** *******************************************************************************/
 168:Generated_Source\PSoC4/cyfitter_cfg.c **** static void ClockSetup(void);
 169:Generated_Source\PSoC4/cyfitter_cfg.c **** CY_CFG_SECTION
 170:Generated_Source\PSoC4/cyfitter_cfg.c **** static void ClockSetup(void)
 171:Generated_Source\PSoC4/cyfitter_cfg.c **** {
 172:Generated_Source\PSoC4/cyfitter_cfg.c **** 
 173:Generated_Source\PSoC4/cyfitter_cfg.c **** 	/* Set Flash Cycles based on max possible frequency in case a glitch occurs during ClockSetup(). *
 174:Generated_Source\PSoC4/cyfitter_cfg.c **** 	CY_SET_REG32((void CYXDATA *)(CYREG_CPUSS_FLASH_CTL), (0x0012u));
 175:Generated_Source\PSoC4/cyfitter_cfg.c **** 
 176:Generated_Source\PSoC4/cyfitter_cfg.c **** 	/* Start the WCO */
 177:Generated_Source\PSoC4/cyfitter_cfg.c **** 	CySysClkWcoStart();
 178:Generated_Source\PSoC4/cyfitter_cfg.c **** 	CyDelayCycles(12000000u); /* WCO may take up to 500ms to start */
 179:Generated_Source\PSoC4/cyfitter_cfg.c **** 	(void)CySysClkWcoSetPowerMode(CY_SYS_CLK_WCO_LPM);    /* Switch to the low power mode */
 180:Generated_Source\PSoC4/cyfitter_cfg.c **** 
 181:Generated_Source\PSoC4/cyfitter_cfg.c **** 	/* Setup and trim IMO based on desired frequency. */
 182:Generated_Source\PSoC4/cyfitter_cfg.c **** 	CySysClkWriteImoFreq(24u);
 183:Generated_Source\PSoC4/cyfitter_cfg.c **** 	/* CYDEV_CLK_ILO_CONFIG Starting address: CYDEV_CLK_ILO_CONFIG */
 184:Generated_Source\PSoC4/cyfitter_cfg.c **** 	CY_SET_REG32((void *)(CYREG_CLK_ILO_CONFIG), 0x80000006u);
 185:Generated_Source\PSoC4/cyfitter_cfg.c **** 
 186:Generated_Source\PSoC4/cyfitter_cfg.c **** 	/* CYDEV_WDT_CONFIG Starting address: CYDEV_WDT_CONFIG */
 187:Generated_Source\PSoC4/cyfitter_cfg.c **** 	CY_SET_REG32((void *)(CYREG_WDT_CONFIG), 0x40000000u);
 188:Generated_Source\PSoC4/cyfitter_cfg.c **** 
 189:Generated_Source\PSoC4/cyfitter_cfg.c **** 
 190:Generated_Source\PSoC4/cyfitter_cfg.c **** 	/* Enable fast start mode for XO */
 191:Generated_Source\PSoC4/cyfitter_cfg.c **** 	CY_SET_REG32((void*)CYREG_BLE_BLERD_BB_XO, CY_GET_REG32((void*)CYREG_BLE_BLERD_BB_XO) | (uint32)0x
 192:Generated_Source\PSoC4/cyfitter_cfg.c **** 	CY_SET_REG32((void *)(CYREG_BLE_BLERD_BB_XO_CAPTRIM), 0x00003E2Du);
 193:Generated_Source\PSoC4/cyfitter_cfg.c **** 	/*Set XTAL(ECO) divider*/
 194:Generated_Source\PSoC4/cyfitter_cfg.c **** 	CY_SET_REG32((void *)(CYREG_BLE_BLESS_XTAL_CLK_DIV_CONFIG), 0x00000000u);
 195:Generated_Source\PSoC4/cyfitter_cfg.c **** 	/* Disable Crystal Stable Interrupt before enabling ECO */
 196:Generated_Source\PSoC4/cyfitter_cfg.c **** 	CY_SET_REG32((void*)CYREG_BLE_BLESS_LL_DSM_CTRL, CY_GET_REG32((void*)CYREG_BLE_BLESS_LL_DSM_CTRL) 
 197:Generated_Source\PSoC4/cyfitter_cfg.c **** 	/* Start the ECO and do not check status since it is not needed for HFCLK */
 198:Generated_Source\PSoC4/cyfitter_cfg.c **** 	(void)CySysClkEcoStart(2000u);
 199:Generated_Source\PSoC4/cyfitter_cfg.c **** 	CyDelayUs(1500u); /* Wait to stabilize */
 200:Generated_Source\PSoC4/cyfitter_cfg.c **** 
 201:Generated_Source\PSoC4/cyfitter_cfg.c **** 	/* Setup phase aligned clocks */
 202:Generated_Source\PSoC4/cyfitter_cfg.c **** 
ARM GAS  C:\Users\jon\AppData\Local\Temp\ccFuBltb.s 			page 5


 203:Generated_Source\PSoC4/cyfitter_cfg.c **** 	/* CYDEV_CLK_IMO_CONFIG Starting address: CYDEV_CLK_IMO_CONFIG */
 204:Generated_Source\PSoC4/cyfitter_cfg.c **** 	CY_SET_REG32((void *)(CYREG_CLK_IMO_CONFIG), 0x80000000u);
 205:Generated_Source\PSoC4/cyfitter_cfg.c **** 
 206:Generated_Source\PSoC4/cyfitter_cfg.c **** 	/* CYDEV_CLK_SELECT Starting address: CYDEV_CLK_SELECT */
 207:Generated_Source\PSoC4/cyfitter_cfg.c **** 	CY_SET_REG32((void *)(CYREG_CLK_SELECT), 0x00000000u);
 208:Generated_Source\PSoC4/cyfitter_cfg.c **** 
 209:Generated_Source\PSoC4/cyfitter_cfg.c **** 	(void)CyIntSetVector(8u, &CySysWdtIsr);
 210:Generated_Source\PSoC4/cyfitter_cfg.c **** 	CyIntEnable(8u);
 211:Generated_Source\PSoC4/cyfitter_cfg.c **** 	CY_SET_REG32((void *)(CYREG_WDT_CONFIG), 0x40000000u);
 212:Generated_Source\PSoC4/cyfitter_cfg.c **** 	/* Set Flash Cycles based on newly configured 24.00MHz HFCLK. */
 213:Generated_Source\PSoC4/cyfitter_cfg.c **** 	CY_SET_REG32((void CYXDATA *)(CYREG_CPUSS_FLASH_CTL), (0x0011u));
 214:Generated_Source\PSoC4/cyfitter_cfg.c **** }
 215:Generated_Source\PSoC4/cyfitter_cfg.c **** 
 216:Generated_Source\PSoC4/cyfitter_cfg.c **** 
 217:Generated_Source\PSoC4/cyfitter_cfg.c **** /* Analog API Functions */
 218:Generated_Source\PSoC4/cyfitter_cfg.c **** 
 219:Generated_Source\PSoC4/cyfitter_cfg.c **** 
 220:Generated_Source\PSoC4/cyfitter_cfg.c **** /*******************************************************************************
 221:Generated_Source\PSoC4/cyfitter_cfg.c **** * Function Name: AnalogSetDefault
 222:Generated_Source\PSoC4/cyfitter_cfg.c **** ********************************************************************************
 223:Generated_Source\PSoC4/cyfitter_cfg.c **** *
 224:Generated_Source\PSoC4/cyfitter_cfg.c **** * Summary:
 225:Generated_Source\PSoC4/cyfitter_cfg.c **** *  Sets up the analog portions of the chip to default values based on chip
 226:Generated_Source\PSoC4/cyfitter_cfg.c **** *  configuration options from the project.
 227:Generated_Source\PSoC4/cyfitter_cfg.c **** *
 228:Generated_Source\PSoC4/cyfitter_cfg.c **** * Parameters:
 229:Generated_Source\PSoC4/cyfitter_cfg.c **** *  void
 230:Generated_Source\PSoC4/cyfitter_cfg.c **** *
 231:Generated_Source\PSoC4/cyfitter_cfg.c **** * Return:
 232:Generated_Source\PSoC4/cyfitter_cfg.c **** *  void
 233:Generated_Source\PSoC4/cyfitter_cfg.c **** *
 234:Generated_Source\PSoC4/cyfitter_cfg.c **** *******************************************************************************/
 235:Generated_Source\PSoC4/cyfitter_cfg.c **** static void AnalogSetDefault(void);
 236:Generated_Source\PSoC4/cyfitter_cfg.c **** static void AnalogSetDefault(void)
 237:Generated_Source\PSoC4/cyfitter_cfg.c **** {
  27              		.loc 1 237 0
  28              		.cfi_startproc
  29              		@ args = 0, pretend = 0, frame = 0
  30              		@ frame_needed = 0, uses_anonymous_args = 0
  31              		@ link register save eliminated.
 238:Generated_Source\PSoC4/cyfitter_cfg.c **** 	CY_SET_XTND_REG32((void CYFAR *)CYREG_CTBM0_DFT_CTRL, 0x00000003u);
  32              		.loc 1 238 0
  33 0000 0323     		movs	r3, #3
  34 0002 044A     		ldr	r2, .L2
  35 0004 1360     		str	r3, [r2]
 239:Generated_Source\PSoC4/cyfitter_cfg.c **** 	CY_SET_XTND_REG32((void CYFAR *)CYREG_CTBM1_DFT_CTRL, 0x00000003u);
  36              		.loc 1 239 0
  37 0006 044A     		ldr	r2, .L2+4
  38 0008 1360     		str	r3, [r2]
 240:Generated_Source\PSoC4/cyfitter_cfg.c **** 	CY_SET_XTND_REG32((void CYFAR *)CYREG_PASS_DSAB_DSAB_CTRL, 0x00000000u);
  39              		.loc 1 240 0
  40 000a 0022     		movs	r2, #0
  41 000c 034B     		ldr	r3, .L2+8
  42 000e 1A60     		str	r2, [r3]
 241:Generated_Source\PSoC4/cyfitter_cfg.c **** }
  43              		.loc 1 241 0
  44              		@ sp needed
ARM GAS  C:\Users\jon\AppData\Local\Temp\ccFuBltb.s 			page 6


  45 0010 7047     		bx	lr
  46              	.L3:
  47 0012 C046     		.align	2
  48              	.L2:
  49 0014 30003040 		.word	1076887600
  50 0018 30003140 		.word	1076953136
  51 001c 000E3F40 		.word	1077874176
  52              		.cfi_endproc
  53              	.LFE6:
  54              		.size	AnalogSetDefault, .-AnalogSetDefault
  55              		.section	.text.CYMEMZERO,"ax",%progbits
  56              		.align	2
  57              		.code	16
  58              		.thumb_func
  59              		.type	CYMEMZERO, %function
  60              	CYMEMZERO:
  61              	.LFB2:
  77:Generated_Source\PSoC4/cyfitter_cfg.c **** 	(void)memset(s, 0, n);
  62              		.loc 1 77 0
  63              		.cfi_startproc
  64              		@ args = 0, pretend = 0, frame = 0
  65              		@ frame_needed = 0, uses_anonymous_args = 0
  66              	.LVL0:
  67 0000 10B5     		push	{r4, lr}
  68              		.cfi_def_cfa_offset 8
  69              		.cfi_offset 4, -8
  70              		.cfi_offset 14, -4
  71 0002 0A00     		movs	r2, r1
  78:Generated_Source\PSoC4/cyfitter_cfg.c **** }
  72              		.loc 1 78 0
  73 0004 0021     		movs	r1, #0
  74              	.LVL1:
  75 0006 FFF7FEFF 		bl	memset
  76              	.LVL2:
  79:Generated_Source\PSoC4/cyfitter_cfg.c **** CY_CFG_UNUSED
  77              		.loc 1 79 0
  78              		@ sp needed
  79 000a 10BD     		pop	{r4, pc}
  80              		.cfi_endproc
  81              	.LFE2:
  82              		.size	CYMEMZERO, .-CYMEMZERO
  83              		.section	.psocinit,"ax",%progbits
  84              		.align	2
  85              		.code	16
  86              		.thumb_func
  87              		.type	ClockSetup, %function
  88              	ClockSetup:
  89              	.LFB5:
 171:Generated_Source\PSoC4/cyfitter_cfg.c **** 
  90              		.loc 1 171 0
  91              		.cfi_startproc
  92              		@ args = 0, pretend = 0, frame = 0
  93              		@ frame_needed = 0, uses_anonymous_args = 0
  94 0000 F8B5     		push	{r3, r4, r5, r6, r7, lr}
  95              		.cfi_def_cfa_offset 24
  96              		.cfi_offset 3, -24
  97              		.cfi_offset 4, -20
ARM GAS  C:\Users\jon\AppData\Local\Temp\ccFuBltb.s 			page 7


  98              		.cfi_offset 5, -16
  99              		.cfi_offset 6, -12
 100              		.cfi_offset 7, -8
 101              		.cfi_offset 14, -4
 174:Generated_Source\PSoC4/cyfitter_cfg.c **** 
 102              		.loc 1 174 0
 103 0002 1E4C     		ldr	r4, .L6
 104 0004 1223     		movs	r3, #18
 105 0006 2360     		str	r3, [r4]
 177:Generated_Source\PSoC4/cyfitter_cfg.c **** 	CyDelayCycles(12000000u); /* WCO may take up to 500ms to start */
 106              		.loc 1 177 0
 107 0008 FFF7FEFF 		bl	CySysClkWcoStart
 108              	.LVL3:
 178:Generated_Source\PSoC4/cyfitter_cfg.c **** 	(void)CySysClkWcoSetPowerMode(CY_SYS_CLK_WCO_LPM);    /* Switch to the low power mode */
 109              		.loc 1 178 0
 110 000c 1C48     		ldr	r0, .L6+4
 111 000e FFF7FEFF 		bl	CyDelayCycles
 112              	.LVL4:
 179:Generated_Source\PSoC4/cyfitter_cfg.c **** 
 113              		.loc 1 179 0
 114 0012 0120     		movs	r0, #1
 115 0014 FFF7FEFF 		bl	CySysClkWcoSetPowerMode
 116              	.LVL5:
 182:Generated_Source\PSoC4/cyfitter_cfg.c **** 	/* CYDEV_CLK_ILO_CONFIG Starting address: CYDEV_CLK_ILO_CONFIG */
 117              		.loc 1 182 0
 118 0018 1820     		movs	r0, #24
 119 001a FFF7FEFF 		bl	CySysClkWriteImoFreq
 120              	.LVL6:
 184:Generated_Source\PSoC4/cyfitter_cfg.c **** 
 121              		.loc 1 184 0
 122 001e 194A     		ldr	r2, .L6+8
 123 0020 194B     		ldr	r3, .L6+12
 124 0022 1A60     		str	r2, [r3]
 187:Generated_Source\PSoC4/cyfitter_cfg.c **** 
 125              		.loc 1 187 0
 126 0024 194D     		ldr	r5, .L6+16
 127 0026 8026     		movs	r6, #128
 128 0028 F605     		lsls	r6, r6, #23
 129 002a 2E60     		str	r6, [r5]
 191:Generated_Source\PSoC4/cyfitter_cfg.c **** 	CY_SET_REG32((void *)(CYREG_BLE_BLERD_BB_XO_CAPTRIM), 0x00003E2Du);
 130              		.loc 1 191 0
 131 002c 184A     		ldr	r2, .L6+20
 132 002e 1168     		ldr	r1, [r2]
 133 0030 0223     		movs	r3, #2
 134 0032 0B43     		orrs	r3, r1
 135 0034 1360     		str	r3, [r2]
 192:Generated_Source\PSoC4/cyfitter_cfg.c **** 	/*Set XTAL(ECO) divider*/
 136              		.loc 1 192 0
 137 0036 174A     		ldr	r2, .L6+24
 138 0038 174B     		ldr	r3, .L6+28
 139 003a 1A60     		str	r2, [r3]
 194:Generated_Source\PSoC4/cyfitter_cfg.c **** 	/* Disable Crystal Stable Interrupt before enabling ECO */
 140              		.loc 1 194 0
 141 003c 0027     		movs	r7, #0
 142 003e 174B     		ldr	r3, .L6+32
 143 0040 1F60     		str	r7, [r3]
 196:Generated_Source\PSoC4/cyfitter_cfg.c **** 	/* Start the ECO and do not check status since it is not needed for HFCLK */
ARM GAS  C:\Users\jon\AppData\Local\Temp\ccFuBltb.s 			page 8


 144              		.loc 1 196 0
 145 0042 174A     		ldr	r2, .L6+36
 146 0044 1368     		ldr	r3, [r2]
 147 0046 0821     		movs	r1, #8
 148 0048 8B43     		bics	r3, r1
 149 004a 1360     		str	r3, [r2]
 198:Generated_Source\PSoC4/cyfitter_cfg.c **** 	CyDelayUs(1500u); /* Wait to stabilize */
 150              		.loc 1 198 0
 151 004c FA20     		movs	r0, #250
 152 004e C000     		lsls	r0, r0, #3
 153 0050 FFF7FEFF 		bl	CySysClkEcoStart
 154              	.LVL7:
 199:Generated_Source\PSoC4/cyfitter_cfg.c **** 
 155              		.loc 1 199 0
 156 0054 1348     		ldr	r0, .L6+40
 157 0056 FFF7FEFF 		bl	CyDelayUs
 158              	.LVL8:
 204:Generated_Source\PSoC4/cyfitter_cfg.c **** 
 159              		.loc 1 204 0
 160 005a 8022     		movs	r2, #128
 161 005c 1206     		lsls	r2, r2, #24
 162 005e 124B     		ldr	r3, .L6+44
 163 0060 1A60     		str	r2, [r3]
 207:Generated_Source\PSoC4/cyfitter_cfg.c **** 
 164              		.loc 1 207 0
 165 0062 124B     		ldr	r3, .L6+48
 166 0064 1F60     		str	r7, [r3]
 209:Generated_Source\PSoC4/cyfitter_cfg.c **** 	CyIntEnable(8u);
 167              		.loc 1 209 0
 168 0066 1249     		ldr	r1, .L6+52
 169 0068 0820     		movs	r0, #8
 170 006a FFF7FEFF 		bl	CyIntSetVector
 171              	.LVL9:
 210:Generated_Source\PSoC4/cyfitter_cfg.c **** 	CY_SET_REG32((void *)(CYREG_WDT_CONFIG), 0x40000000u);
 172              		.loc 1 210 0
 173 006e 0820     		movs	r0, #8
 174 0070 FFF7FEFF 		bl	CyIntEnable
 175              	.LVL10:
 211:Generated_Source\PSoC4/cyfitter_cfg.c **** 	/* Set Flash Cycles based on newly configured 24.00MHz HFCLK. */
 176              		.loc 1 211 0
 177 0074 2E60     		str	r6, [r5]
 213:Generated_Source\PSoC4/cyfitter_cfg.c **** }
 178              		.loc 1 213 0
 179 0076 1123     		movs	r3, #17
 180 0078 2360     		str	r3, [r4]
 214:Generated_Source\PSoC4/cyfitter_cfg.c **** 
 181              		.loc 1 214 0
 182              		@ sp needed
 183 007a F8BD     		pop	{r3, r4, r5, r6, r7, pc}
 184              	.L7:
 185              		.align	2
 186              	.L6:
 187 007c 30001040 		.word	1074790448
 188 0080 001BB700 		.word	12000000
 189 0084 06000080 		.word	-2147483642
 190 0088 04010B40 		.word	1074462980
 191 008c 0C020B40 		.word	1074463244
ARM GAS  C:\Users\jon\AppData\Local\Temp\ccFuBltb.s 			page 9


 192 0090 78002E40 		.word	1076756600
 193 0094 2D3E0000 		.word	15917
 194 0098 7C002E40 		.word	1076756604
 195 009c 64F02E40 		.word	1076818020
 196 00a0 6CF02E40 		.word	1076818028
 197 00a4 DC050000 		.word	1500
 198 00a8 08010B40 		.word	1074462984
 199 00ac 00010B40 		.word	1074462976
 200 00b0 00000000 		.word	CySysWdtIsr
 201              		.cfi_endproc
 202              	.LFE5:
 203              		.size	ClockSetup, .-ClockSetup
 204              		.align	2
 205              		.global	cyfitter_cfg
 206              		.code	16
 207              		.thumb_func
 208              		.type	cyfitter_cfg, %function
 209              	cyfitter_cfg:
 210              	.LFB7:
 242:Generated_Source\PSoC4/cyfitter_cfg.c **** 
 243:Generated_Source\PSoC4/cyfitter_cfg.c **** 
 244:Generated_Source\PSoC4/cyfitter_cfg.c **** 
 245:Generated_Source\PSoC4/cyfitter_cfg.c **** 
 246:Generated_Source\PSoC4/cyfitter_cfg.c **** /*******************************************************************************
 247:Generated_Source\PSoC4/cyfitter_cfg.c **** * Function Name: cyfitter_cfg
 248:Generated_Source\PSoC4/cyfitter_cfg.c **** ********************************************************************************
 249:Generated_Source\PSoC4/cyfitter_cfg.c **** * Summary:
 250:Generated_Source\PSoC4/cyfitter_cfg.c **** *  This function is called by the start-up code for the selected device. It
 251:Generated_Source\PSoC4/cyfitter_cfg.c **** *  performs all of the necessary device configuration based on the design
 252:Generated_Source\PSoC4/cyfitter_cfg.c **** *  settings.  This includes settings from the Design Wide Resources (DWR) such
 253:Generated_Source\PSoC4/cyfitter_cfg.c **** *  as Clocks and Pins as well as any component configuration that is necessary.
 254:Generated_Source\PSoC4/cyfitter_cfg.c **** *
 255:Generated_Source\PSoC4/cyfitter_cfg.c **** * Parameters:
 256:Generated_Source\PSoC4/cyfitter_cfg.c **** *   void
 257:Generated_Source\PSoC4/cyfitter_cfg.c **** *
 258:Generated_Source\PSoC4/cyfitter_cfg.c **** * Return:
 259:Generated_Source\PSoC4/cyfitter_cfg.c **** *   void
 260:Generated_Source\PSoC4/cyfitter_cfg.c **** *
 261:Generated_Source\PSoC4/cyfitter_cfg.c **** *******************************************************************************/
 262:Generated_Source\PSoC4/cyfitter_cfg.c **** CY_CFG_SECTION
 263:Generated_Source\PSoC4/cyfitter_cfg.c **** void cyfitter_cfg(void)
 264:Generated_Source\PSoC4/cyfitter_cfg.c **** {
 211              		.loc 1 264 0
 212              		.cfi_startproc
 213              		@ args = 0, pretend = 0, frame = 0
 214              		@ frame_needed = 0, uses_anonymous_args = 0
 215 00b4 10B5     		push	{r4, lr}
 216              		.cfi_def_cfa_offset 8
 217              		.cfi_offset 4, -8
 218              		.cfi_offset 14, -4
 265:Generated_Source\PSoC4/cyfitter_cfg.c **** 	/* Disable interrupts by default. Let user enable if/when they want. */
 266:Generated_Source\PSoC4/cyfitter_cfg.c **** 	CyGlobalIntDisable;
 219              		.loc 1 266 0
 220              		.syntax divided
 221              	@ 266 "Generated_Source\PSoC4\cyfitter_cfg.c" 1
 222 00b6 72B6     		CPSID   i
 223              	@ 0 "" 2
ARM GAS  C:\Users\jon\AppData\Local\Temp\ccFuBltb.s 			page 10


 267:Generated_Source\PSoC4/cyfitter_cfg.c **** 
 268:Generated_Source\PSoC4/cyfitter_cfg.c **** 	CY_SET_REG32((void *)(CYREG_BLE_BLESS_LL_DSM_CTRL), 0x00000000u);
 224              		.loc 1 268 0
 225              		.thumb
 226              		.syntax unified
 227 00b8 0022     		movs	r2, #0
 228 00ba 1B4B     		ldr	r3, .L11
 229 00bc 1A60     		str	r2, [r3]
 230              	.LVL11:
 231              	.LBB2:
 269:Generated_Source\PSoC4/cyfitter_cfg.c **** 
 270:Generated_Source\PSoC4/cyfitter_cfg.c **** 	{
 271:Generated_Source\PSoC4/cyfitter_cfg.c **** 
 272:Generated_Source\PSoC4/cyfitter_cfg.c **** 		CYPACKED typedef struct {
 273:Generated_Source\PSoC4/cyfitter_cfg.c **** 			void CYFAR *address;
 274:Generated_Source\PSoC4/cyfitter_cfg.c **** 			uint16 size;
 275:Generated_Source\PSoC4/cyfitter_cfg.c **** 		} CYPACKED_ATTR cfg_memset_t;
 276:Generated_Source\PSoC4/cyfitter_cfg.c **** 
 277:Generated_Source\PSoC4/cyfitter_cfg.c **** 		static const cfg_memset_t CYCODE cfg_memset_list[] = {
 278:Generated_Source\PSoC4/cyfitter_cfg.c **** 			/* address, size */
 279:Generated_Source\PSoC4/cyfitter_cfg.c **** 			{(void CYFAR *)(CYDEV_UDB_P0_U0_BASE), 1024u},
 280:Generated_Source\PSoC4/cyfitter_cfg.c **** 			{(void CYFAR *)(CYDEV_UDB_DSI0_BASE), 1024u},
 281:Generated_Source\PSoC4/cyfitter_cfg.c **** 		};
 282:Generated_Source\PSoC4/cyfitter_cfg.c **** 
 283:Generated_Source\PSoC4/cyfitter_cfg.c **** 		uint8 CYDATA i;
 284:Generated_Source\PSoC4/cyfitter_cfg.c **** 
 285:Generated_Source\PSoC4/cyfitter_cfg.c **** 		/* Zero out critical memory blocks before beginning configuration */
 286:Generated_Source\PSoC4/cyfitter_cfg.c **** 		for (i = 0u; i < (sizeof(cfg_memset_list)/sizeof(cfg_memset_list[0])); i++)
 232              		.loc 1 286 0
 233 00be 0024     		movs	r4, #0
 234 00c0 0FE0     		b	.L9
 235              	.LVL12:
 236              	.L10:
 237              	.LBB3:
 287:Generated_Source\PSoC4/cyfitter_cfg.c **** 		{
 288:Generated_Source\PSoC4/cyfitter_cfg.c **** 			const cfg_memset_t CYCODE * CYDATA ms = &cfg_memset_list[i];
 289:Generated_Source\PSoC4/cyfitter_cfg.c **** 			CYMEMZERO(ms->address, (size_t)(uint32)(ms->size));
 238              		.loc 1 289 0 discriminator 3
 239 00c2 1A48     		ldr	r0, .L11+4
 240 00c4 6200     		lsls	r2, r4, #1
 241 00c6 1319     		adds	r3, r2, r4
 242 00c8 5900     		lsls	r1, r3, #1
 243 00ca 0B00     		movs	r3, r1
 244 00cc 4118     		adds	r1, r0, r1
 245 00ce 8988     		ldrh	r1, [r1, #4]
 246 00d0 1A5A     		ldrh	r2, [r3, r0]
 247 00d2 C318     		adds	r3, r0, r3
 248 00d4 5888     		ldrh	r0, [r3, #2]
 249 00d6 0004     		lsls	r0, r0, #16
 250 00d8 1043     		orrs	r0, r2
 251 00da FFF7FEFF 		bl	CYMEMZERO
 252              	.LVL13:
 253              	.LBE3:
 286:Generated_Source\PSoC4/cyfitter_cfg.c **** 		{
 254              		.loc 1 286 0 discriminator 3
 255 00de 0134     		adds	r4, r4, #1
 256              	.LVL14:
ARM GAS  C:\Users\jon\AppData\Local\Temp\ccFuBltb.s 			page 11


 257 00e0 E4B2     		uxtb	r4, r4
 258              	.LVL15:
 259              	.L9:
 286:Generated_Source\PSoC4/cyfitter_cfg.c **** 		{
 260              		.loc 1 286 0 is_stmt 0 discriminator 1
 261 00e2 012C     		cmp	r4, #1
 262 00e4 EDD9     		bls	.L10
 290:Generated_Source\PSoC4/cyfitter_cfg.c **** 		}
 291:Generated_Source\PSoC4/cyfitter_cfg.c **** 
 292:Generated_Source\PSoC4/cyfitter_cfg.c **** 		/* HSIOM Starting address: CYDEV_HSIOM_BASE */
 293:Generated_Source\PSoC4/cyfitter_cfg.c **** 		CY_SET_REG32((void *)(CYDEV_HSIOM_BASE), 0xEE000000u);
 263              		.loc 1 293 0 is_stmt 1
 264 00e6 EE22     		movs	r2, #238
 265 00e8 1206     		lsls	r2, r2, #24
 266 00ea 114B     		ldr	r3, .L11+8
 267 00ec 1A60     		str	r2, [r3]
 294:Generated_Source\PSoC4/cyfitter_cfg.c **** 
 295:Generated_Source\PSoC4/cyfitter_cfg.c **** 		/* UDB_PA_0 Starting address: CYDEV_UDB_PA0_BASE */
 296:Generated_Source\PSoC4/cyfitter_cfg.c **** 		CY_SET_REG32((void *)(CYDEV_UDB_PA0_BASE), 0x00990000u);
 268              		.loc 1 296 0
 269 00ee 9923     		movs	r3, #153
 270 00f0 1B04     		lsls	r3, r3, #16
 271 00f2 104A     		ldr	r2, .L11+12
 272 00f4 1360     		str	r3, [r2]
 297:Generated_Source\PSoC4/cyfitter_cfg.c **** 
 298:Generated_Source\PSoC4/cyfitter_cfg.c **** 		/* UDB_PA_2 Starting address: CYDEV_UDB_PA2_BASE */
 299:Generated_Source\PSoC4/cyfitter_cfg.c **** 		CY_SET_REG32((void *)(CYDEV_UDB_PA2_BASE), 0x00990000u);
 273              		.loc 1 299 0
 274 00f6 104A     		ldr	r2, .L11+16
 275 00f8 1360     		str	r3, [r2]
 300:Generated_Source\PSoC4/cyfitter_cfg.c **** 
 301:Generated_Source\PSoC4/cyfitter_cfg.c **** 		/* UDB_PA_3 Starting address: CYDEV_UDB_PA3_BASE */
 302:Generated_Source\PSoC4/cyfitter_cfg.c **** 		CY_SET_REG32((void *)(CYDEV_UDB_PA3_BASE), 0x00990000u);
 276              		.loc 1 302 0
 277 00fa 104A     		ldr	r2, .L11+20
 278 00fc 1360     		str	r3, [r2]
 303:Generated_Source\PSoC4/cyfitter_cfg.c **** 
 304:Generated_Source\PSoC4/cyfitter_cfg.c **** 		/* Enable digital routing */
 305:Generated_Source\PSoC4/cyfitter_cfg.c **** 		CY_SET_XTND_REG8((void *)CYREG_UDB_UDBIF_BANK_CTL, (uint8)(CY_GET_XTND_REG8((void *)CYREG_UDB_UDB
 279              		.loc 1 305 0
 280 00fe 104A     		ldr	r2, .L11+24
 281 0100 1178     		ldrb	r1, [r2]
 282 0102 0623     		movs	r3, #6
 283 0104 0B43     		orrs	r3, r1
 284 0106 DBB2     		uxtb	r3, r3
 285 0108 1370     		strb	r3, [r2]
 286              	.LBE2:
 306:Generated_Source\PSoC4/cyfitter_cfg.c **** 	}
 307:Generated_Source\PSoC4/cyfitter_cfg.c **** 
 308:Generated_Source\PSoC4/cyfitter_cfg.c **** 	/* Perform second pass device configuration. These items must be configured in specific order afte
 309:Generated_Source\PSoC4/cyfitter_cfg.c **** 	/* IOPINS0_0 Starting address: CYDEV_GPIO_PRT0_BASE */
 310:Generated_Source\PSoC4/cyfitter_cfg.c **** 	CY_SET_REG32((void *)(CYREG_GPIO_PRT0_PC), 0x00D80000u);
 287              		.loc 1 310 0
 288 010a D822     		movs	r2, #216
 289 010c 1204     		lsls	r2, r2, #16
 290 010e 0D4B     		ldr	r3, .L11+28
 291 0110 1A60     		str	r2, [r3]
ARM GAS  C:\Users\jon\AppData\Local\Temp\ccFuBltb.s 			page 12


 311:Generated_Source\PSoC4/cyfitter_cfg.c **** 
 312:Generated_Source\PSoC4/cyfitter_cfg.c **** 	/* IOPINS0_2 Starting address: CYDEV_GPIO_PRT2_BASE */
 313:Generated_Source\PSoC4/cyfitter_cfg.c **** 	CY_SET_REG32((void *)(CYREG_GPIO_PRT2_PC), 0x00100000u);
 292              		.loc 1 313 0
 293 0112 8023     		movs	r3, #128
 294 0114 5B03     		lsls	r3, r3, #13
 295 0116 0C4A     		ldr	r2, .L11+32
 296 0118 1360     		str	r3, [r2]
 314:Generated_Source\PSoC4/cyfitter_cfg.c **** 
 315:Generated_Source\PSoC4/cyfitter_cfg.c **** 	/* IOPINS0_3 Starting address: CYDEV_GPIO_PRT3_BASE */
 316:Generated_Source\PSoC4/cyfitter_cfg.c **** 	CY_SET_REG32((void *)(CYREG_GPIO_PRT3_PC), 0x00100000u);
 297              		.loc 1 316 0
 298 011a 0C4A     		ldr	r2, .L11+36
 299 011c 1360     		str	r3, [r2]
 317:Generated_Source\PSoC4/cyfitter_cfg.c **** 
 318:Generated_Source\PSoC4/cyfitter_cfg.c **** 
 319:Generated_Source\PSoC4/cyfitter_cfg.c **** 	/* Setup clocks based on selections from Clock DWR */
 320:Generated_Source\PSoC4/cyfitter_cfg.c **** 	ClockSetup();
 300              		.loc 1 320 0
 301 011e FFF76FFF 		bl	ClockSetup
 302              	.LVL16:
 321:Generated_Source\PSoC4/cyfitter_cfg.c **** 
 322:Generated_Source\PSoC4/cyfitter_cfg.c **** 	/* Perform basic analog initialization to defaults */
 323:Generated_Source\PSoC4/cyfitter_cfg.c **** 	AnalogSetDefault();
 303              		.loc 1 323 0
 304 0122 FFF7FEFF 		bl	AnalogSetDefault
 305              	.LVL17:
 324:Generated_Source\PSoC4/cyfitter_cfg.c **** 
 325:Generated_Source\PSoC4/cyfitter_cfg.c **** }
 306              		.loc 1 325 0
 307              		@ sp needed
 308              	.LVL18:
 309 0126 10BD     		pop	{r4, pc}
 310              	.L12:
 311              		.align	2
 312              	.L11:
 313 0128 6CF02E40 		.word	1076818028
 314 012c 00000000 		.word	.LANCHOR0
 315 0130 00000240 		.word	1073872896
 316 0134 00500F40 		.word	1074745344
 317 0138 20500F40 		.word	1074745376
 318 013c 30500F40 		.word	1074745392
 319 0140 00700F40 		.word	1074753536
 320 0144 08000440 		.word	1074003976
 321 0148 08020440 		.word	1074004488
 322 014c 08030440 		.word	1074004744
 323              		.cfi_endproc
 324              	.LFE7:
 325              		.size	cyfitter_cfg, .-cyfitter_cfg
 326              		.section	.rodata
 327              		.align	2
 328              		.set	.LANCHOR0,. + 0
 329              		.type	cfg_memset_list.4893, %object
 330              		.size	cfg_memset_list.4893, 12
 331              	cfg_memset_list.4893:
 332 0000 00300F40 		.word	1074737152
 333 0004 0004     		.short	1024
ARM GAS  C:\Users\jon\AppData\Local\Temp\ccFuBltb.s 			page 13


 334 0006 00400F40 		.4byte	1074741248
 335 000a 0004     		.short	1024
 336              		.text
 337              	.Letext0:
 338              		.file 2 "c:\\program files (x86)\\cypress\\psoc creator\\4.2\\psoc creator\\import\\gnu\\arm\\5.4.
 339              		.file 3 "Generated_Source\\PSoC4\\cytypes.h"
 340              		.file 4 "Generated_Source\\PSoC4\\CyLFClk.h"
 341              		.file 5 "Generated_Source\\PSoC4\\CyLib.h"
 342              		.section	.debug_info,"",%progbits
 343              	.Ldebug_info0:
 344 0000 28030000 		.4byte	0x328
 345 0004 0400     		.2byte	0x4
 346 0006 00000000 		.4byte	.Ldebug_abbrev0
 347 000a 04       		.byte	0x4
 348 000b 01       		.uleb128 0x1
 349 000c 73010000 		.4byte	.LASF34
 350 0010 0C       		.byte	0xc
 351 0011 85020000 		.4byte	.LASF35
 352 0015 33010000 		.4byte	.LASF36
 353 0019 00000000 		.4byte	.Ldebug_ranges0+0
 354 001d 00000000 		.4byte	0
 355 0021 00000000 		.4byte	.Ldebug_line0
 356 0025 02       		.uleb128 0x2
 357 0026 04       		.byte	0x4
 358 0027 05       		.byte	0x5
 359 0028 696E7400 		.ascii	"int\000"
 360 002c 03       		.uleb128 0x3
 361 002d 14000000 		.4byte	.LASF12
 362 0031 02       		.byte	0x2
 363 0032 D8       		.byte	0xd8
 364 0033 37000000 		.4byte	0x37
 365 0037 04       		.uleb128 0x4
 366 0038 04       		.byte	0x4
 367 0039 07       		.byte	0x7
 368 003a FA000000 		.4byte	.LASF0
 369 003e 04       		.uleb128 0x4
 370 003f 08       		.byte	0x8
 371 0040 05       		.byte	0x5
 372 0041 17020000 		.4byte	.LASF1
 373 0045 04       		.uleb128 0x4
 374 0046 08       		.byte	0x8
 375 0047 04       		.byte	0x4
 376 0048 6D020000 		.4byte	.LASF2
 377 004c 04       		.uleb128 0x4
 378 004d 01       		.byte	0x1
 379 004e 06       		.byte	0x6
 380 004f 79020000 		.4byte	.LASF3
 381 0053 04       		.uleb128 0x4
 382 0054 01       		.byte	0x1
 383 0055 08       		.byte	0x8
 384 0056 C4000000 		.4byte	.LASF4
 385 005a 04       		.uleb128 0x4
 386 005b 02       		.byte	0x2
 387 005c 05       		.byte	0x5
 388 005d 45020000 		.4byte	.LASF5
 389 0061 04       		.uleb128 0x4
 390 0062 02       		.byte	0x2
ARM GAS  C:\Users\jon\AppData\Local\Temp\ccFuBltb.s 			page 14


 391 0063 07       		.byte	0x7
 392 0064 56000000 		.4byte	.LASF6
 393 0068 04       		.uleb128 0x4
 394 0069 04       		.byte	0x4
 395 006a 05       		.byte	0x5
 396 006b 64020000 		.4byte	.LASF7
 397 006f 04       		.uleb128 0x4
 398 0070 04       		.byte	0x4
 399 0071 07       		.byte	0x7
 400 0072 91000000 		.4byte	.LASF8
 401 0076 04       		.uleb128 0x4
 402 0077 08       		.byte	0x8
 403 0078 07       		.byte	0x7
 404 0079 1C010000 		.4byte	.LASF9
 405 007d 04       		.uleb128 0x4
 406 007e 04       		.byte	0x4
 407 007f 07       		.byte	0x7
 408 0080 0E020000 		.4byte	.LASF10
 409 0084 05       		.uleb128 0x5
 410 0085 04       		.byte	0x4
 411 0086 04       		.uleb128 0x4
 412 0087 01       		.byte	0x1
 413 0088 08       		.byte	0x8
 414 0089 2F020000 		.4byte	.LASF11
 415 008d 06       		.uleb128 0x6
 416 008e A3000000 		.4byte	.LASF13
 417 0092 03       		.byte	0x3
 418 0093 E401     		.2byte	0x1e4
 419 0095 53000000 		.4byte	0x53
 420 0099 06       		.uleb128 0x6
 421 009a EC000000 		.4byte	.LASF14
 422 009e 03       		.byte	0x3
 423 009f E501     		.2byte	0x1e5
 424 00a1 61000000 		.4byte	0x61
 425 00a5 06       		.uleb128 0x6
 426 00a6 F3000000 		.4byte	.LASF15
 427 00aa 03       		.byte	0x3
 428 00ab E601     		.2byte	0x1e6
 429 00ad 6F000000 		.4byte	0x6f
 430 00b1 04       		.uleb128 0x4
 431 00b2 04       		.byte	0x4
 432 00b3 04       		.byte	0x4
 433 00b4 69000000 		.4byte	.LASF16
 434 00b8 04       		.uleb128 0x4
 435 00b9 08       		.byte	0x8
 436 00ba 04       		.byte	0x4
 437 00bb D9000000 		.4byte	.LASF17
 438 00bf 06       		.uleb128 0x6
 439 00c0 8C000000 		.4byte	.LASF18
 440 00c4 03       		.byte	0x3
 441 00c5 8E02     		.2byte	0x28e
 442 00c7 CB000000 		.4byte	0xcb
 443 00cb 07       		.uleb128 0x7
 444 00cc 8D000000 		.4byte	0x8d
 445 00d0 06       		.uleb128 0x6
 446 00d1 0E000000 		.4byte	.LASF19
 447 00d5 03       		.byte	0x3
ARM GAS  C:\Users\jon\AppData\Local\Temp\ccFuBltb.s 			page 15


 448 00d6 9002     		.2byte	0x290
 449 00d8 DC000000 		.4byte	0xdc
 450 00dc 07       		.uleb128 0x7
 451 00dd A5000000 		.4byte	0xa5
 452 00e1 08       		.uleb128 0x8
 453 00e2 1B000000 		.4byte	.LASF37
 454 00e6 01       		.byte	0x1
 455 00e7 EC       		.byte	0xec
 456 00e8 00000000 		.4byte	.LFB6
 457 00ec 20000000 		.4byte	.LFE6-.LFB6
 458 00f0 01       		.uleb128 0x1
 459 00f1 9C       		.byte	0x9c
 460 00f2 09       		.uleb128 0x9
 461 00f3 BA000000 		.4byte	.LASF20
 462 00f7 01       		.byte	0x1
 463 00f8 4C       		.byte	0x4c
 464 00f9 00000000 		.4byte	.LFB2
 465 00fd 0C000000 		.4byte	.LFE2-.LFB2
 466 0101 01       		.uleb128 0x1
 467 0102 9C       		.byte	0x9c
 468 0103 3F010000 		.4byte	0x13f
 469 0107 0A       		.uleb128 0xa
 470 0108 7300     		.ascii	"s\000"
 471 010a 01       		.byte	0x1
 472 010b 4C       		.byte	0x4c
 473 010c 84000000 		.4byte	0x84
 474 0110 00000000 		.4byte	.LLST0
 475 0114 0A       		.uleb128 0xa
 476 0115 6E00     		.ascii	"n\000"
 477 0117 01       		.byte	0x1
 478 0118 4C       		.byte	0x4c
 479 0119 2C000000 		.4byte	0x2c
 480 011d 21000000 		.4byte	.LLST1
 481 0121 0B       		.uleb128 0xb
 482 0122 0A000000 		.4byte	.LVL2
 483 0126 CA020000 		.4byte	0x2ca
 484 012a 0C       		.uleb128 0xc
 485 012b 01       		.uleb128 0x1
 486 012c 50       		.byte	0x50
 487 012d 03       		.uleb128 0x3
 488 012e F3       		.byte	0xf3
 489 012f 01       		.uleb128 0x1
 490 0130 50       		.byte	0x50
 491 0131 0C       		.uleb128 0xc
 492 0132 01       		.uleb128 0x1
 493 0133 51       		.byte	0x51
 494 0134 01       		.uleb128 0x1
 495 0135 30       		.byte	0x30
 496 0136 0C       		.uleb128 0xc
 497 0137 01       		.uleb128 0x1
 498 0138 52       		.byte	0x52
 499 0139 03       		.uleb128 0x3
 500 013a F3       		.byte	0xf3
 501 013b 01       		.uleb128 0x1
 502 013c 51       		.byte	0x51
 503 013d 00       		.byte	0
 504 013e 00       		.byte	0
ARM GAS  C:\Users\jon\AppData\Local\Temp\ccFuBltb.s 			page 16


 505 013f 09       		.uleb128 0x9
 506 0140 4B000000 		.4byte	.LASF21
 507 0144 01       		.byte	0x1
 508 0145 AA       		.byte	0xaa
 509 0146 00000000 		.4byte	.LFB5
 510 014a B4000000 		.4byte	.LFE5-.LFB5
 511 014e 01       		.uleb128 0x1
 512 014f 9C       		.byte	0x9c
 513 0150 E7010000 		.4byte	0x1e7
 514 0154 0D       		.uleb128 0xd
 515 0155 0C000000 		.4byte	.LVL3
 516 0159 D3020000 		.4byte	0x2d3
 517 015d 0E       		.uleb128 0xe
 518 015e 12000000 		.4byte	.LVL4
 519 0162 DE020000 		.4byte	0x2de
 520 0166 74010000 		.4byte	0x174
 521 016a 0C       		.uleb128 0xc
 522 016b 01       		.uleb128 0x1
 523 016c 50       		.byte	0x50
 524 016d 05       		.uleb128 0x5
 525 016e 0C       		.byte	0xc
 526 016f 001BB700 		.4byte	0xb71b00
 527 0173 00       		.byte	0
 528 0174 0E       		.uleb128 0xe
 529 0175 18000000 		.4byte	.LVL5
 530 0179 E9020000 		.4byte	0x2e9
 531 017d 87010000 		.4byte	0x187
 532 0181 0C       		.uleb128 0xc
 533 0182 01       		.uleb128 0x1
 534 0183 50       		.byte	0x50
 535 0184 01       		.uleb128 0x1
 536 0185 31       		.byte	0x31
 537 0186 00       		.byte	0
 538 0187 0E       		.uleb128 0xe
 539 0188 1E000000 		.4byte	.LVL6
 540 018c F4020000 		.4byte	0x2f4
 541 0190 9A010000 		.4byte	0x19a
 542 0194 0C       		.uleb128 0xc
 543 0195 01       		.uleb128 0x1
 544 0196 50       		.byte	0x50
 545 0197 01       		.uleb128 0x1
 546 0198 48       		.byte	0x48
 547 0199 00       		.byte	0
 548 019a 0E       		.uleb128 0xe
 549 019b 54000000 		.4byte	.LVL7
 550 019f FF020000 		.4byte	0x2ff
 551 01a3 AF010000 		.4byte	0x1af
 552 01a7 0C       		.uleb128 0xc
 553 01a8 01       		.uleb128 0x1
 554 01a9 50       		.byte	0x50
 555 01aa 03       		.uleb128 0x3
 556 01ab 0A       		.byte	0xa
 557 01ac D007     		.2byte	0x7d0
 558 01ae 00       		.byte	0
 559 01af 0E       		.uleb128 0xe
 560 01b0 5A000000 		.4byte	.LVL8
 561 01b4 0A030000 		.4byte	0x30a
ARM GAS  C:\Users\jon\AppData\Local\Temp\ccFuBltb.s 			page 17


 562 01b8 C4010000 		.4byte	0x1c4
 563 01bc 0C       		.uleb128 0xc
 564 01bd 01       		.uleb128 0x1
 565 01be 50       		.byte	0x50
 566 01bf 03       		.uleb128 0x3
 567 01c0 0A       		.byte	0xa
 568 01c1 DC05     		.2byte	0x5dc
 569 01c3 00       		.byte	0
 570 01c4 0E       		.uleb128 0xe
 571 01c5 6E000000 		.4byte	.LVL9
 572 01c9 15030000 		.4byte	0x315
 573 01cd D7010000 		.4byte	0x1d7
 574 01d1 0C       		.uleb128 0xc
 575 01d2 01       		.uleb128 0x1
 576 01d3 50       		.byte	0x50
 577 01d4 01       		.uleb128 0x1
 578 01d5 38       		.byte	0x38
 579 01d6 00       		.byte	0
 580 01d7 0B       		.uleb128 0xb
 581 01d8 74000000 		.4byte	.LVL10
 582 01dc 20030000 		.4byte	0x320
 583 01e0 0C       		.uleb128 0xc
 584 01e1 01       		.uleb128 0x1
 585 01e2 50       		.byte	0x50
 586 01e3 01       		.uleb128 0x1
 587 01e4 38       		.byte	0x38
 588 01e5 00       		.byte	0
 589 01e6 00       		.byte	0
 590 01e7 0F       		.uleb128 0xf
 591 01e8 07010000 		.4byte	.LASF38
 592 01ec 01       		.byte	0x1
 593 01ed 0701     		.2byte	0x107
 594 01ef B4000000 		.4byte	.LFB7
 595 01f3 9C000000 		.4byte	.LFE7-.LFB7
 596 01f7 01       		.uleb128 0x1
 597 01f8 9C       		.byte	0x9c
 598 01f9 CA020000 		.4byte	0x2ca
 599 01fd 10       		.uleb128 0x10
 600 01fe BE000000 		.4byte	.LBB2
 601 0202 4C000000 		.4byte	.LBE2-.LBB2
 602 0206 B7020000 		.4byte	0x2b7
 603 020a 11       		.uleb128 0x11
 604 020b 06       		.byte	0x6
 605 020c 01       		.byte	0x1
 606 020d 1001     		.2byte	0x110
 607 020f 2E020000 		.4byte	0x22e
 608 0213 12       		.uleb128 0x12
 609 0214 14010000 		.4byte	.LASF22
 610 0218 01       		.byte	0x1
 611 0219 1101     		.2byte	0x111
 612 021b 84000000 		.4byte	0x84
 613 021f 00       		.byte	0
 614 0220 12       		.uleb128 0x12
 615 0221 6F000000 		.4byte	.LASF23
 616 0225 01       		.byte	0x1
 617 0226 1201     		.2byte	0x112
 618 0228 99000000 		.4byte	0x99
ARM GAS  C:\Users\jon\AppData\Local\Temp\ccFuBltb.s 			page 18


 619 022c 04       		.byte	0x4
 620 022d 00       		.byte	0
 621 022e 06       		.uleb128 0x6
 622 022f 01020000 		.4byte	.LASF24
 623 0233 01       		.byte	0x1
 624 0234 1301     		.2byte	0x113
 625 0236 0A020000 		.4byte	0x20a
 626 023a 13       		.uleb128 0x13
 627 023b 4A020000 		.4byte	0x24a
 628 023f 4A020000 		.4byte	0x24a
 629 0243 14       		.uleb128 0x14
 630 0244 7D000000 		.4byte	0x7d
 631 0248 01       		.byte	0x1
 632 0249 00       		.byte	0
 633 024a 15       		.uleb128 0x15
 634 024b 2E020000 		.4byte	0x22e
 635 024f 16       		.uleb128 0x16
 636 0250 3B000000 		.4byte	.LASF25
 637 0254 01       		.byte	0x1
 638 0255 1501     		.2byte	0x115
 639 0257 61020000 		.4byte	0x261
 640 025b 05       		.uleb128 0x5
 641 025c 03       		.byte	0x3
 642 025d 00000000 		.4byte	cfg_memset_list.4893
 643 0261 15       		.uleb128 0x15
 644 0262 3A020000 		.4byte	0x23a
 645 0266 17       		.uleb128 0x17
 646 0267 6900     		.ascii	"i\000"
 647 0269 01       		.byte	0x1
 648 026a 1B01     		.2byte	0x11b
 649 026c 8D000000 		.4byte	0x8d
 650 0270 4D000000 		.4byte	.LLST2
 651 0274 18       		.uleb128 0x18
 652 0275 C2000000 		.4byte	.LBB3
 653 0279 1C000000 		.4byte	.LBE3-.LBB3
 654 027d 17       		.uleb128 0x17
 655 027e 6D7300   		.ascii	"ms\000"
 656 0281 01       		.byte	0x1
 657 0282 2001     		.2byte	0x120
 658 0284 8C020000 		.4byte	0x28c
 659 0288 77000000 		.4byte	.LLST3
 660 028c 19       		.uleb128 0x19
 661 028d 04       		.byte	0x4
 662 028e 4A020000 		.4byte	0x24a
 663 0292 0B       		.uleb128 0xb
 664 0293 DE000000 		.4byte	.LVL13
 665 0297 F2000000 		.4byte	0xf2
 666 029b 0C       		.uleb128 0xc
 667 029c 01       		.uleb128 0x1
 668 029d 51       		.byte	0x51
 669 029e 15       		.uleb128 0x15
 670 029f 74       		.byte	0x74
 671 02a0 00       		.sleb128 0
 672 02a1 31       		.byte	0x31
 673 02a2 24       		.byte	0x24
 674 02a3 74       		.byte	0x74
 675 02a4 00       		.sleb128 0
ARM GAS  C:\Users\jon\AppData\Local\Temp\ccFuBltb.s 			page 19


 676 02a5 22       		.byte	0x22
 677 02a6 31       		.byte	0x31
 678 02a7 24       		.byte	0x24
 679 02a8 03       		.byte	0x3
 680 02a9 04000000 		.4byte	.LANCHOR0+4
 681 02ad 22       		.byte	0x22
 682 02ae 94       		.byte	0x94
 683 02af 02       		.byte	0x2
 684 02b0 0A       		.byte	0xa
 685 02b1 FFFF     		.2byte	0xffff
 686 02b3 1A       		.byte	0x1a
 687 02b4 00       		.byte	0
 688 02b5 00       		.byte	0
 689 02b6 00       		.byte	0
 690 02b7 0D       		.uleb128 0xd
 691 02b8 22010000 		.4byte	.LVL16
 692 02bc 3F010000 		.4byte	0x13f
 693 02c0 0D       		.uleb128 0xd
 694 02c1 26010000 		.4byte	.LVL17
 695 02c5 E1000000 		.4byte	0xe1
 696 02c9 00       		.byte	0
 697 02ca 1A       		.uleb128 0x1a
 698 02cb D2000000 		.4byte	.LASF39
 699 02cf D2000000 		.4byte	.LASF39
 700 02d3 1B       		.uleb128 0x1b
 701 02d4 A9000000 		.4byte	.LASF26
 702 02d8 A9000000 		.4byte	.LASF26
 703 02dc 04       		.byte	0x4
 704 02dd 4E       		.byte	0x4e
 705 02de 1B       		.uleb128 0x1b
 706 02df 00000000 		.4byte	.LASF27
 707 02e3 00000000 		.4byte	.LASF27
 708 02e7 05       		.byte	0x5
 709 02e8 DC       		.byte	0xdc
 710 02e9 1B       		.uleb128 0x1b
 711 02ea 74000000 		.4byte	.LASF28
 712 02ee 74000000 		.4byte	.LASF28
 713 02f2 04       		.byte	0x4
 714 02f3 50       		.byte	0x50
 715 02f4 1B       		.uleb128 0x1b
 716 02f5 4F020000 		.4byte	.LASF29
 717 02f9 4F020000 		.4byte	.LASF29
 718 02fd 05       		.byte	0x5
 719 02fe 6C       		.byte	0x6c
 720 02ff 1B       		.uleb128 0x1b
 721 0300 34020000 		.4byte	.LASF30
 722 0304 34020000 		.4byte	.LASF30
 723 0308 05       		.byte	0x5
 724 0309 84       		.byte	0x84
 725 030a 1B       		.uleb128 0x1b
 726 030b 25020000 		.4byte	.LASF31
 727 030f 25020000 		.4byte	.LASF31
 728 0313 05       		.byte	0x5
 729 0314 DA       		.byte	0xda
 730 0315 1B       		.uleb128 0x1b
 731 0316 2C000000 		.4byte	.LASF32
 732 031a 2C000000 		.4byte	.LASF32
ARM GAS  C:\Users\jon\AppData\Local\Temp\ccFuBltb.s 			page 20


 733 031e 05       		.byte	0x5
 734 031f BD       		.byte	0xbd
 735 0320 1B       		.uleb128 0x1b
 736 0321 E0000000 		.4byte	.LASF33
 737 0325 E0000000 		.4byte	.LASF33
 738 0329 05       		.byte	0x5
 739 032a C3       		.byte	0xc3
 740 032b 00       		.byte	0
 741              		.section	.debug_abbrev,"",%progbits
 742              	.Ldebug_abbrev0:
 743 0000 01       		.uleb128 0x1
 744 0001 11       		.uleb128 0x11
 745 0002 01       		.byte	0x1
 746 0003 25       		.uleb128 0x25
 747 0004 0E       		.uleb128 0xe
 748 0005 13       		.uleb128 0x13
 749 0006 0B       		.uleb128 0xb
 750 0007 03       		.uleb128 0x3
 751 0008 0E       		.uleb128 0xe
 752 0009 1B       		.uleb128 0x1b
 753 000a 0E       		.uleb128 0xe
 754 000b 55       		.uleb128 0x55
 755 000c 17       		.uleb128 0x17
 756 000d 11       		.uleb128 0x11
 757 000e 01       		.uleb128 0x1
 758 000f 10       		.uleb128 0x10
 759 0010 17       		.uleb128 0x17
 760 0011 00       		.byte	0
 761 0012 00       		.byte	0
 762 0013 02       		.uleb128 0x2
 763 0014 24       		.uleb128 0x24
 764 0015 00       		.byte	0
 765 0016 0B       		.uleb128 0xb
 766 0017 0B       		.uleb128 0xb
 767 0018 3E       		.uleb128 0x3e
 768 0019 0B       		.uleb128 0xb
 769 001a 03       		.uleb128 0x3
 770 001b 08       		.uleb128 0x8
 771 001c 00       		.byte	0
 772 001d 00       		.byte	0
 773 001e 03       		.uleb128 0x3
 774 001f 16       		.uleb128 0x16
 775 0020 00       		.byte	0
 776 0021 03       		.uleb128 0x3
 777 0022 0E       		.uleb128 0xe
 778 0023 3A       		.uleb128 0x3a
 779 0024 0B       		.uleb128 0xb
 780 0025 3B       		.uleb128 0x3b
 781 0026 0B       		.uleb128 0xb
 782 0027 49       		.uleb128 0x49
 783 0028 13       		.uleb128 0x13
 784 0029 00       		.byte	0
 785 002a 00       		.byte	0
 786 002b 04       		.uleb128 0x4
 787 002c 24       		.uleb128 0x24
 788 002d 00       		.byte	0
 789 002e 0B       		.uleb128 0xb
ARM GAS  C:\Users\jon\AppData\Local\Temp\ccFuBltb.s 			page 21


 790 002f 0B       		.uleb128 0xb
 791 0030 3E       		.uleb128 0x3e
 792 0031 0B       		.uleb128 0xb
 793 0032 03       		.uleb128 0x3
 794 0033 0E       		.uleb128 0xe
 795 0034 00       		.byte	0
 796 0035 00       		.byte	0
 797 0036 05       		.uleb128 0x5
 798 0037 0F       		.uleb128 0xf
 799 0038 00       		.byte	0
 800 0039 0B       		.uleb128 0xb
 801 003a 0B       		.uleb128 0xb
 802 003b 00       		.byte	0
 803 003c 00       		.byte	0
 804 003d 06       		.uleb128 0x6
 805 003e 16       		.uleb128 0x16
 806 003f 00       		.byte	0
 807 0040 03       		.uleb128 0x3
 808 0041 0E       		.uleb128 0xe
 809 0042 3A       		.uleb128 0x3a
 810 0043 0B       		.uleb128 0xb
 811 0044 3B       		.uleb128 0x3b
 812 0045 05       		.uleb128 0x5
 813 0046 49       		.uleb128 0x49
 814 0047 13       		.uleb128 0x13
 815 0048 00       		.byte	0
 816 0049 00       		.byte	0
 817 004a 07       		.uleb128 0x7
 818 004b 35       		.uleb128 0x35
 819 004c 00       		.byte	0
 820 004d 49       		.uleb128 0x49
 821 004e 13       		.uleb128 0x13
 822 004f 00       		.byte	0
 823 0050 00       		.byte	0
 824 0051 08       		.uleb128 0x8
 825 0052 2E       		.uleb128 0x2e
 826 0053 00       		.byte	0
 827 0054 03       		.uleb128 0x3
 828 0055 0E       		.uleb128 0xe
 829 0056 3A       		.uleb128 0x3a
 830 0057 0B       		.uleb128 0xb
 831 0058 3B       		.uleb128 0x3b
 832 0059 0B       		.uleb128 0xb
 833 005a 27       		.uleb128 0x27
 834 005b 19       		.uleb128 0x19
 835 005c 11       		.uleb128 0x11
 836 005d 01       		.uleb128 0x1
 837 005e 12       		.uleb128 0x12
 838 005f 06       		.uleb128 0x6
 839 0060 40       		.uleb128 0x40
 840 0061 18       		.uleb128 0x18
 841 0062 9742     		.uleb128 0x2117
 842 0064 19       		.uleb128 0x19
 843 0065 00       		.byte	0
 844 0066 00       		.byte	0
 845 0067 09       		.uleb128 0x9
 846 0068 2E       		.uleb128 0x2e
ARM GAS  C:\Users\jon\AppData\Local\Temp\ccFuBltb.s 			page 22


 847 0069 01       		.byte	0x1
 848 006a 03       		.uleb128 0x3
 849 006b 0E       		.uleb128 0xe
 850 006c 3A       		.uleb128 0x3a
 851 006d 0B       		.uleb128 0xb
 852 006e 3B       		.uleb128 0x3b
 853 006f 0B       		.uleb128 0xb
 854 0070 27       		.uleb128 0x27
 855 0071 19       		.uleb128 0x19
 856 0072 11       		.uleb128 0x11
 857 0073 01       		.uleb128 0x1
 858 0074 12       		.uleb128 0x12
 859 0075 06       		.uleb128 0x6
 860 0076 40       		.uleb128 0x40
 861 0077 18       		.uleb128 0x18
 862 0078 9742     		.uleb128 0x2117
 863 007a 19       		.uleb128 0x19
 864 007b 01       		.uleb128 0x1
 865 007c 13       		.uleb128 0x13
 866 007d 00       		.byte	0
 867 007e 00       		.byte	0
 868 007f 0A       		.uleb128 0xa
 869 0080 05       		.uleb128 0x5
 870 0081 00       		.byte	0
 871 0082 03       		.uleb128 0x3
 872 0083 08       		.uleb128 0x8
 873 0084 3A       		.uleb128 0x3a
 874 0085 0B       		.uleb128 0xb
 875 0086 3B       		.uleb128 0x3b
 876 0087 0B       		.uleb128 0xb
 877 0088 49       		.uleb128 0x49
 878 0089 13       		.uleb128 0x13
 879 008a 02       		.uleb128 0x2
 880 008b 17       		.uleb128 0x17
 881 008c 00       		.byte	0
 882 008d 00       		.byte	0
 883 008e 0B       		.uleb128 0xb
 884 008f 898201   		.uleb128 0x4109
 885 0092 01       		.byte	0x1
 886 0093 11       		.uleb128 0x11
 887 0094 01       		.uleb128 0x1
 888 0095 31       		.uleb128 0x31
 889 0096 13       		.uleb128 0x13
 890 0097 00       		.byte	0
 891 0098 00       		.byte	0
 892 0099 0C       		.uleb128 0xc
 893 009a 8A8201   		.uleb128 0x410a
 894 009d 00       		.byte	0
 895 009e 02       		.uleb128 0x2
 896 009f 18       		.uleb128 0x18
 897 00a0 9142     		.uleb128 0x2111
 898 00a2 18       		.uleb128 0x18
 899 00a3 00       		.byte	0
 900 00a4 00       		.byte	0
 901 00a5 0D       		.uleb128 0xd
 902 00a6 898201   		.uleb128 0x4109
 903 00a9 00       		.byte	0
ARM GAS  C:\Users\jon\AppData\Local\Temp\ccFuBltb.s 			page 23


 904 00aa 11       		.uleb128 0x11
 905 00ab 01       		.uleb128 0x1
 906 00ac 31       		.uleb128 0x31
 907 00ad 13       		.uleb128 0x13
 908 00ae 00       		.byte	0
 909 00af 00       		.byte	0
 910 00b0 0E       		.uleb128 0xe
 911 00b1 898201   		.uleb128 0x4109
 912 00b4 01       		.byte	0x1
 913 00b5 11       		.uleb128 0x11
 914 00b6 01       		.uleb128 0x1
 915 00b7 31       		.uleb128 0x31
 916 00b8 13       		.uleb128 0x13
 917 00b9 01       		.uleb128 0x1
 918 00ba 13       		.uleb128 0x13
 919 00bb 00       		.byte	0
 920 00bc 00       		.byte	0
 921 00bd 0F       		.uleb128 0xf
 922 00be 2E       		.uleb128 0x2e
 923 00bf 01       		.byte	0x1
 924 00c0 3F       		.uleb128 0x3f
 925 00c1 19       		.uleb128 0x19
 926 00c2 03       		.uleb128 0x3
 927 00c3 0E       		.uleb128 0xe
 928 00c4 3A       		.uleb128 0x3a
 929 00c5 0B       		.uleb128 0xb
 930 00c6 3B       		.uleb128 0x3b
 931 00c7 05       		.uleb128 0x5
 932 00c8 27       		.uleb128 0x27
 933 00c9 19       		.uleb128 0x19
 934 00ca 11       		.uleb128 0x11
 935 00cb 01       		.uleb128 0x1
 936 00cc 12       		.uleb128 0x12
 937 00cd 06       		.uleb128 0x6
 938 00ce 40       		.uleb128 0x40
 939 00cf 18       		.uleb128 0x18
 940 00d0 9742     		.uleb128 0x2117
 941 00d2 19       		.uleb128 0x19
 942 00d3 01       		.uleb128 0x1
 943 00d4 13       		.uleb128 0x13
 944 00d5 00       		.byte	0
 945 00d6 00       		.byte	0
 946 00d7 10       		.uleb128 0x10
 947 00d8 0B       		.uleb128 0xb
 948 00d9 01       		.byte	0x1
 949 00da 11       		.uleb128 0x11
 950 00db 01       		.uleb128 0x1
 951 00dc 12       		.uleb128 0x12
 952 00dd 06       		.uleb128 0x6
 953 00de 01       		.uleb128 0x1
 954 00df 13       		.uleb128 0x13
 955 00e0 00       		.byte	0
 956 00e1 00       		.byte	0
 957 00e2 11       		.uleb128 0x11
 958 00e3 13       		.uleb128 0x13
 959 00e4 01       		.byte	0x1
 960 00e5 0B       		.uleb128 0xb
ARM GAS  C:\Users\jon\AppData\Local\Temp\ccFuBltb.s 			page 24


 961 00e6 0B       		.uleb128 0xb
 962 00e7 3A       		.uleb128 0x3a
 963 00e8 0B       		.uleb128 0xb
 964 00e9 3B       		.uleb128 0x3b
 965 00ea 05       		.uleb128 0x5
 966 00eb 01       		.uleb128 0x1
 967 00ec 13       		.uleb128 0x13
 968 00ed 00       		.byte	0
 969 00ee 00       		.byte	0
 970 00ef 12       		.uleb128 0x12
 971 00f0 0D       		.uleb128 0xd
 972 00f1 00       		.byte	0
 973 00f2 03       		.uleb128 0x3
 974 00f3 0E       		.uleb128 0xe
 975 00f4 3A       		.uleb128 0x3a
 976 00f5 0B       		.uleb128 0xb
 977 00f6 3B       		.uleb128 0x3b
 978 00f7 05       		.uleb128 0x5
 979 00f8 49       		.uleb128 0x49
 980 00f9 13       		.uleb128 0x13
 981 00fa 38       		.uleb128 0x38
 982 00fb 0B       		.uleb128 0xb
 983 00fc 00       		.byte	0
 984 00fd 00       		.byte	0
 985 00fe 13       		.uleb128 0x13
 986 00ff 01       		.uleb128 0x1
 987 0100 01       		.byte	0x1
 988 0101 49       		.uleb128 0x49
 989 0102 13       		.uleb128 0x13
 990 0103 01       		.uleb128 0x1
 991 0104 13       		.uleb128 0x13
 992 0105 00       		.byte	0
 993 0106 00       		.byte	0
 994 0107 14       		.uleb128 0x14
 995 0108 21       		.uleb128 0x21
 996 0109 00       		.byte	0
 997 010a 49       		.uleb128 0x49
 998 010b 13       		.uleb128 0x13
 999 010c 2F       		.uleb128 0x2f
 1000 010d 0B       		.uleb128 0xb
 1001 010e 00       		.byte	0
 1002 010f 00       		.byte	0
 1003 0110 15       		.uleb128 0x15
 1004 0111 26       		.uleb128 0x26
 1005 0112 00       		.byte	0
 1006 0113 49       		.uleb128 0x49
 1007 0114 13       		.uleb128 0x13
 1008 0115 00       		.byte	0
 1009 0116 00       		.byte	0
 1010 0117 16       		.uleb128 0x16
 1011 0118 34       		.uleb128 0x34
 1012 0119 00       		.byte	0
 1013 011a 03       		.uleb128 0x3
 1014 011b 0E       		.uleb128 0xe
 1015 011c 3A       		.uleb128 0x3a
 1016 011d 0B       		.uleb128 0xb
 1017 011e 3B       		.uleb128 0x3b
ARM GAS  C:\Users\jon\AppData\Local\Temp\ccFuBltb.s 			page 25


 1018 011f 05       		.uleb128 0x5
 1019 0120 49       		.uleb128 0x49
 1020 0121 13       		.uleb128 0x13
 1021 0122 02       		.uleb128 0x2
 1022 0123 18       		.uleb128 0x18
 1023 0124 00       		.byte	0
 1024 0125 00       		.byte	0
 1025 0126 17       		.uleb128 0x17
 1026 0127 34       		.uleb128 0x34
 1027 0128 00       		.byte	0
 1028 0129 03       		.uleb128 0x3
 1029 012a 08       		.uleb128 0x8
 1030 012b 3A       		.uleb128 0x3a
 1031 012c 0B       		.uleb128 0xb
 1032 012d 3B       		.uleb128 0x3b
 1033 012e 05       		.uleb128 0x5
 1034 012f 49       		.uleb128 0x49
 1035 0130 13       		.uleb128 0x13
 1036 0131 02       		.uleb128 0x2
 1037 0132 17       		.uleb128 0x17
 1038 0133 00       		.byte	0
 1039 0134 00       		.byte	0
 1040 0135 18       		.uleb128 0x18
 1041 0136 0B       		.uleb128 0xb
 1042 0137 01       		.byte	0x1
 1043 0138 11       		.uleb128 0x11
 1044 0139 01       		.uleb128 0x1
 1045 013a 12       		.uleb128 0x12
 1046 013b 06       		.uleb128 0x6
 1047 013c 00       		.byte	0
 1048 013d 00       		.byte	0
 1049 013e 19       		.uleb128 0x19
 1050 013f 0F       		.uleb128 0xf
 1051 0140 00       		.byte	0
 1052 0141 0B       		.uleb128 0xb
 1053 0142 0B       		.uleb128 0xb
 1054 0143 49       		.uleb128 0x49
 1055 0144 13       		.uleb128 0x13
 1056 0145 00       		.byte	0
 1057 0146 00       		.byte	0
 1058 0147 1A       		.uleb128 0x1a
 1059 0148 2E       		.uleb128 0x2e
 1060 0149 00       		.byte	0
 1061 014a 3F       		.uleb128 0x3f
 1062 014b 19       		.uleb128 0x19
 1063 014c 3C       		.uleb128 0x3c
 1064 014d 19       		.uleb128 0x19
 1065 014e 6E       		.uleb128 0x6e
 1066 014f 0E       		.uleb128 0xe
 1067 0150 03       		.uleb128 0x3
 1068 0151 0E       		.uleb128 0xe
 1069 0152 00       		.byte	0
 1070 0153 00       		.byte	0
 1071 0154 1B       		.uleb128 0x1b
 1072 0155 2E       		.uleb128 0x2e
 1073 0156 00       		.byte	0
 1074 0157 3F       		.uleb128 0x3f
ARM GAS  C:\Users\jon\AppData\Local\Temp\ccFuBltb.s 			page 26


 1075 0158 19       		.uleb128 0x19
 1076 0159 3C       		.uleb128 0x3c
 1077 015a 19       		.uleb128 0x19
 1078 015b 6E       		.uleb128 0x6e
 1079 015c 0E       		.uleb128 0xe
 1080 015d 03       		.uleb128 0x3
 1081 015e 0E       		.uleb128 0xe
 1082 015f 3A       		.uleb128 0x3a
 1083 0160 0B       		.uleb128 0xb
 1084 0161 3B       		.uleb128 0x3b
 1085 0162 0B       		.uleb128 0xb
 1086 0163 00       		.byte	0
 1087 0164 00       		.byte	0
 1088 0165 00       		.byte	0
 1089              		.section	.debug_loc,"",%progbits
 1090              	.Ldebug_loc0:
 1091              	.LLST0:
 1092 0000 00000000 		.4byte	.LVL0
 1093 0004 09000000 		.4byte	.LVL2-1
 1094 0008 0100     		.2byte	0x1
 1095 000a 50       		.byte	0x50
 1096 000b 09000000 		.4byte	.LVL2-1
 1097 000f 0C000000 		.4byte	.LFE2
 1098 0013 0400     		.2byte	0x4
 1099 0015 F3       		.byte	0xf3
 1100 0016 01       		.uleb128 0x1
 1101 0017 50       		.byte	0x50
 1102 0018 9F       		.byte	0x9f
 1103 0019 00000000 		.4byte	0
 1104 001d 00000000 		.4byte	0
 1105              	.LLST1:
 1106 0021 00000000 		.4byte	.LVL0
 1107 0025 06000000 		.4byte	.LVL1
 1108 0029 0100     		.2byte	0x1
 1109 002b 51       		.byte	0x51
 1110 002c 06000000 		.4byte	.LVL1
 1111 0030 09000000 		.4byte	.LVL2-1
 1112 0034 0100     		.2byte	0x1
 1113 0036 52       		.byte	0x52
 1114 0037 09000000 		.4byte	.LVL2-1
 1115 003b 0C000000 		.4byte	.LFE2
 1116 003f 0400     		.2byte	0x4
 1117 0041 F3       		.byte	0xf3
 1118 0042 01       		.uleb128 0x1
 1119 0043 51       		.byte	0x51
 1120 0044 9F       		.byte	0x9f
 1121 0045 00000000 		.4byte	0
 1122 0049 00000000 		.4byte	0
 1123              	.LLST2:
 1124 004d BE000000 		.4byte	.LVL11
 1125 0051 C2000000 		.4byte	.LVL12
 1126 0055 0200     		.2byte	0x2
 1127 0057 30       		.byte	0x30
 1128 0058 9F       		.byte	0x9f
 1129 0059 C2000000 		.4byte	.LVL12
 1130 005d E0000000 		.4byte	.LVL14
 1131 0061 0100     		.2byte	0x1
ARM GAS  C:\Users\jon\AppData\Local\Temp\ccFuBltb.s 			page 27


 1132 0063 54       		.byte	0x54
 1133 0064 E2000000 		.4byte	.LVL15
 1134 0068 26010000 		.4byte	.LVL18
 1135 006c 0100     		.2byte	0x1
 1136 006e 54       		.byte	0x54
 1137 006f 00000000 		.4byte	0
 1138 0073 00000000 		.4byte	0
 1139              	.LLST3:
 1140 0077 C2000000 		.4byte	.LVL12
 1141 007b E0000000 		.4byte	.LVL14
 1142 007f 0B00     		.2byte	0xb
 1143 0081 74       		.byte	0x74
 1144 0082 00       		.sleb128 0
 1145 0083 36       		.byte	0x36
 1146 0084 1E       		.byte	0x1e
 1147 0085 03       		.byte	0x3
 1148 0086 00000000 		.4byte	cfg_memset_list.4893
 1149 008a 22       		.byte	0x22
 1150 008b 9F       		.byte	0x9f
 1151 008c E0000000 		.4byte	.LVL14
 1152 0090 E2000000 		.4byte	.LVL15
 1153 0094 0B00     		.2byte	0xb
 1154 0096 74       		.byte	0x74
 1155 0097 7F       		.sleb128 -1
 1156 0098 36       		.byte	0x36
 1157 0099 1E       		.byte	0x1e
 1158 009a 03       		.byte	0x3
 1159 009b 00000000 		.4byte	cfg_memset_list.4893
 1160 009f 22       		.byte	0x22
 1161 00a0 9F       		.byte	0x9f
 1162 00a1 00000000 		.4byte	0
 1163 00a5 00000000 		.4byte	0
 1164              		.section	.debug_aranges,"",%progbits
 1165 0000 34000000 		.4byte	0x34
 1166 0004 0200     		.2byte	0x2
 1167 0006 00000000 		.4byte	.Ldebug_info0
 1168 000a 04       		.byte	0x4
 1169 000b 00       		.byte	0
 1170 000c 0000     		.2byte	0
 1171 000e 0000     		.2byte	0
 1172 0010 00000000 		.4byte	.LFB6
 1173 0014 20000000 		.4byte	.LFE6-.LFB6
 1174 0018 00000000 		.4byte	.LFB2
 1175 001c 0C000000 		.4byte	.LFE2-.LFB2
 1176 0020 00000000 		.4byte	.LFB5
 1177 0024 B4000000 		.4byte	.LFE5-.LFB5
 1178 0028 B4000000 		.4byte	.LFB7
 1179 002c 9C000000 		.4byte	.LFE7-.LFB7
 1180 0030 00000000 		.4byte	0
 1181 0034 00000000 		.4byte	0
 1182              		.section	.debug_ranges,"",%progbits
 1183              	.Ldebug_ranges0:
 1184 0000 00000000 		.4byte	.LFB6
 1185 0004 20000000 		.4byte	.LFE6
 1186 0008 00000000 		.4byte	.LFB2
 1187 000c 0C000000 		.4byte	.LFE2
 1188 0010 00000000 		.4byte	.LFB5
ARM GAS  C:\Users\jon\AppData\Local\Temp\ccFuBltb.s 			page 28


 1189 0014 B4000000 		.4byte	.LFE5
 1190 0018 B4000000 		.4byte	.LFB7
 1191 001c 50010000 		.4byte	.LFE7
 1192 0020 00000000 		.4byte	0
 1193 0024 00000000 		.4byte	0
 1194              		.section	.debug_line,"",%progbits
 1195              	.Ldebug_line0:
 1196 0000 58010000 		.section	.debug_str,"MS",%progbits,1
 1196      0200E300 
 1196      00000201 
 1196      FB0E0D00 
 1196      01010101 
 1197              	.LASF27:
 1198 0000 43794465 		.ascii	"CyDelayCycles\000"
 1198      6C617943 
 1198      79636C65 
 1198      7300
 1199              	.LASF19:
 1200 000e 72656733 		.ascii	"reg32\000"
 1200      3200
 1201              	.LASF12:
 1202 0014 73697A65 		.ascii	"size_t\000"
 1202      5F7400
 1203              	.LASF37:
 1204 001b 416E616C 		.ascii	"AnalogSetDefault\000"
 1204      6F675365 
 1204      74446566 
 1204      61756C74 
 1204      00
 1205              	.LASF32:
 1206 002c 4379496E 		.ascii	"CyIntSetVector\000"
 1206      74536574 
 1206      56656374 
 1206      6F7200
 1207              	.LASF25:
 1208 003b 6366675F 		.ascii	"cfg_memset_list\000"
 1208      6D656D73 
 1208      65745F6C 
 1208      69737400 
 1209              	.LASF21:
 1210 004b 436C6F63 		.ascii	"ClockSetup\000"
 1210      6B536574 
 1210      757000
 1211              	.LASF6:
 1212 0056 73686F72 		.ascii	"short unsigned int\000"
 1212      7420756E 
 1212      7369676E 
 1212      65642069 
 1212      6E7400
 1213              	.LASF16:
 1214 0069 666C6F61 		.ascii	"float\000"
 1214      7400
 1215              	.LASF23:
 1216 006f 73697A65 		.ascii	"size\000"
 1216      00
 1217              	.LASF28:
 1218 0074 43795379 		.ascii	"CySysClkWcoSetPowerMode\000"
ARM GAS  C:\Users\jon\AppData\Local\Temp\ccFuBltb.s 			page 29


 1218      73436C6B 
 1218      57636F53 
 1218      6574506F 
 1218      7765724D 
 1219              	.LASF18:
 1220 008c 72656738 		.ascii	"reg8\000"
 1220      00
 1221              	.LASF8:
 1222 0091 6C6F6E67 		.ascii	"long unsigned int\000"
 1222      20756E73 
 1222      69676E65 
 1222      6420696E 
 1222      7400
 1223              	.LASF13:
 1224 00a3 75696E74 		.ascii	"uint8\000"
 1224      3800
 1225              	.LASF26:
 1226 00a9 43795379 		.ascii	"CySysClkWcoStart\000"
 1226      73436C6B 
 1226      57636F53 
 1226      74617274 
 1226      00
 1227              	.LASF20:
 1228 00ba 43594D45 		.ascii	"CYMEMZERO\000"
 1228      4D5A4552 
 1228      4F00
 1229              	.LASF4:
 1230 00c4 756E7369 		.ascii	"unsigned char\000"
 1230      676E6564 
 1230      20636861 
 1230      7200
 1231              	.LASF39:
 1232 00d2 6D656D73 		.ascii	"memset\000"
 1232      657400
 1233              	.LASF17:
 1234 00d9 646F7562 		.ascii	"double\000"
 1234      6C6500
 1235              	.LASF33:
 1236 00e0 4379496E 		.ascii	"CyIntEnable\000"
 1236      74456E61 
 1236      626C6500 
 1237              	.LASF14:
 1238 00ec 75696E74 		.ascii	"uint16\000"
 1238      313600
 1239              	.LASF15:
 1240 00f3 75696E74 		.ascii	"uint32\000"
 1240      333200
 1241              	.LASF0:
 1242 00fa 756E7369 		.ascii	"unsigned int\000"
 1242      676E6564 
 1242      20696E74 
 1242      00
 1243              	.LASF38:
 1244 0107 63796669 		.ascii	"cyfitter_cfg\000"
 1244      74746572 
 1244      5F636667 
 1244      00
ARM GAS  C:\Users\jon\AppData\Local\Temp\ccFuBltb.s 			page 30


 1245              	.LASF22:
 1246 0114 61646472 		.ascii	"address\000"
 1246      65737300 
 1247              	.LASF9:
 1248 011c 6C6F6E67 		.ascii	"long long unsigned int\000"
 1248      206C6F6E 
 1248      6720756E 
 1248      7369676E 
 1248      65642069 
 1249              	.LASF36:
 1250 0133 433A5C55 		.ascii	"C:\\Users\\jon\\Documents\\Alia\\PSoC-4-BLE-Button-"
 1250      73657273 
 1250      5C6A6F6E 
 1250      5C446F63 
 1250      756D656E 
 1251 0161 44656D6F 		.ascii	"Demo\\Client.cydsn\000"
 1251      5C436C69 
 1251      656E742E 
 1251      63796473 
 1251      6E00
 1252              	.LASF34:
 1253 0173 474E5520 		.ascii	"GNU C11 5.4.1 20160609 (release) [ARM/embedded-5-br"
 1253      43313120 
 1253      352E342E 
 1253      31203230 
 1253      31363036 
 1254 01a6 616E6368 		.ascii	"anch revision 237715] -mcpu=cortex-m0 -mthumb -g -O"
 1254      20726576 
 1254      6973696F 
 1254      6E203233 
 1254      37373135 
 1255 01d9 67202D66 		.ascii	"g -ffunction-sections -ffat-lto-objects\000"
 1255      66756E63 
 1255      74696F6E 
 1255      2D736563 
 1255      74696F6E 
 1256              	.LASF24:
 1257 0201 6366675F 		.ascii	"cfg_memset_t\000"
 1257      6D656D73 
 1257      65745F74 
 1257      00
 1258              	.LASF10:
 1259 020e 73697A65 		.ascii	"sizetype\000"
 1259      74797065 
 1259      00
 1260              	.LASF1:
 1261 0217 6C6F6E67 		.ascii	"long long int\000"
 1261      206C6F6E 
 1261      6720696E 
 1261      7400
 1262              	.LASF31:
 1263 0225 43794465 		.ascii	"CyDelayUs\000"
 1263      6C617955 
 1263      7300
 1264              	.LASF11:
 1265 022f 63686172 		.ascii	"char\000"
 1265      00
ARM GAS  C:\Users\jon\AppData\Local\Temp\ccFuBltb.s 			page 31


 1266              	.LASF30:
 1267 0234 43795379 		.ascii	"CySysClkEcoStart\000"
 1267      73436C6B 
 1267      45636F53 
 1267      74617274 
 1267      00
 1268              	.LASF5:
 1269 0245 73686F72 		.ascii	"short int\000"
 1269      7420696E 
 1269      7400
 1270              	.LASF29:
 1271 024f 43795379 		.ascii	"CySysClkWriteImoFreq\000"
 1271      73436C6B 
 1271      57726974 
 1271      65496D6F 
 1271      46726571 
 1272              	.LASF7:
 1273 0264 6C6F6E67 		.ascii	"long int\000"
 1273      20696E74 
 1273      00
 1274              	.LASF2:
 1275 026d 6C6F6E67 		.ascii	"long double\000"
 1275      20646F75 
 1275      626C6500 
 1276              	.LASF3:
 1277 0279 7369676E 		.ascii	"signed char\000"
 1277      65642063 
 1277      68617200 
 1278              	.LASF35:
 1279 0285 47656E65 		.ascii	"Generated_Source\\PSoC4\\cyfitter_cfg.c\000"
 1279      72617465 
 1279      645F536F 
 1279      75726365 
 1279      5C50536F 
 1280              		.ident	"GCC: (GNU Tools for ARM Embedded Processors) 5.4.1 20160609 (release) [ARM/embedded-5-bran
